<html>
<body>
<pre>
<h1>µVision Build Log</h1>
<h2>Project:</h2>
D:\Micro_Controller\LPC\LPC2148\Projects\LCD\LCD.uvproj
Project File Date:  11/25/2024

<h2>Output:</h2>
Build target 'Target 1'
linking...
Program Size: Code=956 RO-data=16 RW-data=0 ZI-data=1160  
FromELF: creating hex file...
".\LCD.axf" - 0 Error(s), 0 Warning(s).
</pre>
</body>
</html>
f
..\..\Drivers\LCD_4Bit_Mode\LCD.c(53): warning:  #1-D: last line of file ends without a newline
  }
..\..\Drivers\LCD_4Bit_Mode\LCD.c: 2 warnings, 0 errors
compiling Delay.c...
..\..\..\..\8051\NOV_24 _Projects\Lib\Delay\Delay.h(8): warning:  #1-D: last line of file ends without a newline
  #endif
..\..\..\..\8051\NOV_24 _Projects\Lib\Delay\Delay.c(20): warning:  #1-D: last line of file ends without a newline
  }
..\..\..\..\8051\NOV_24 _Projects\Lib\Delay\Delay.c: 2 warnings, 0 errors
linking...
Program Size: Code=956 RO-data=16 RW-data=0 ZI-data=1160  
FromELF: creating hex file...
".\LCD.axf" - 0 Error(s), 4 Warning(s).
_Mode\LCD.c" - 0 Error(s), 1 Warning(s).
