../Core/Src/main.c:66:6:delay	16	static
../Core/Src/main.c:73:6:Display_Temp	40	static
../Core/Src/main.c:83:6:Display_Rh	40	static
../Core/Src/main.c:100:6:Set_Pin_Output	40	static
../Core/Src/main.c:109:6:Set_Pin_Input	40	static
../Core/Src/main.c:123:6:DHT11_Start	8	static
../Core/Src/main.c:133:9:DHT11_Check_Response	16	static
../Core/Src/main.c:148:9:DHT11_Read	16	static
../Core/Src/main.c:170:5:main	8	static
../Core/Src/main.c:259:6:SystemClock_Config	104	static
../Core/Src/main.c:306:13:MX_I2C1_Init	8	static
../Core/Src/main.c:354:13:MX_ICACHE_Init	8	static
../Core/Src/main.c:386:13:MX_TIM3_Init	40	static
../Core/Src/main.c:431:13:MX_GPIO_Init	40	static
../Core/Src/main.c:496:6:Error_Handler	4	static,ignoring_inline_asm
