20:21:33 **** Clean-only build of configuration Debug for project STM32F4_DHT11_22_DS18B20 ****
make -j12 clean 
rm -rf ./Drivers/STM32F4xx_HAL_Driver/Src/stm32f4xx_hal.cyclo ./Drivers/STM32F4xx_HAL_Driver/Src/stm32f4xx_hal.d ./Drivers/STM32F4xx_HAL_Driver/Src/stm32f4xx_hal.o ./Drivers/STM32F4xx_HAL_Driver/Src/stm32f4xx_hal.su ./Drivers/STM32F4xx_HAL_Driver/Src/stm32f4xx_hal_cortex.cyclo ./Drivers/STM32F4xx_HAL_Driver/Src/stm32f4xx_hal_cortex.d ./Drivers/STM32F4xx_HAL_Driver/Src/stm32f4xx_hal_cortex.o ./Drivers/STM32F4xx_HAL_Driver/Src/stm32f4xx_hal_cortex.su ./Drivers/STM32F4xx_HAL_Driver/Src/stm32f4xx_hal_dma.cyclo ./Drivers/STM32F4xx_HAL_Driver/Src/stm32f4xx_hal_dma.d ./Drivers/STM32F4xx_HAL_Driver/Src/stm32f4xx_hal_dma.o ./Drivers/STM32F4xx_HAL_Driver/Src/stm32f4xx_hal_dma.su ./Drivers/STM32F4xx_HAL_Driver/Src/stm32f4xx_hal_dma_ex.cyclo ./Drivers/STM32F4xx_HAL_Driver/Src/stm32f4xx_hal_dma_ex.d ./Drivers/STM32F4xx_HAL_Driver/Src/stm32f4xx_hal_dma_ex.o ./Drivers/STM32F4xx_HAL_Driver/Src/stm32f4xx_hal_dma_ex.su ./Drivers/STM32F4xx_HAL_Driver/Src/stm32f4xx_hal_exti.cyclo ./Drivers/STM32F4xx_HAL_Driver/Src/stm32f4xx_hal_exti.d ./Drivers/STM32F4xx_HAL_Driver/Src/stm32f4xx_hal_exti.o ./Drivers/STM32F4xx_HAL_Driver/Src/stm32f4xx_hal_exti.su ./Drivers/STM32F4xx_HAL_Driver/Src/stm32f4xx_hal_flash.cyclo ./Drivers/STM32F4xx_HAL_Driver/Src/stm32f4xx_hal_flash.d ./Drivers/STM32F4xx_HAL_Driver/Src/stm32f4xx_hal_flash.o ./Drivers/STM32F4xx_HAL_Driver/Src/stm32f4xx_hal_flash.su ./Drivers/STM32F4xx_HAL_Driver/Src/stm32f4xx_hal_flash_ex.cyclo ./Drivers/STM32F4xx_HAL_Driver/Src/stm32f4xx_hal_flash_ex.d ./Drivers/STM32F4xx_HAL_Driver/Src/stm32f4xx_hal_flash_ex.o ./Drivers/STM32F4xx_HAL_Driver/Src/stm32f4xx_hal_flash_ex.su ./Drivers/STM32F4xx_HAL_Driver/Src/stm32f4xx_hal_flash_ramfunc.cyclo ./Drivers/STM32F4xx_HAL_Driver/Src/stm32f4xx_hal_flash_ramfunc.d ./Drivers/STM32F4xx_HAL_Driver/Src/stm32f4xx_hal_flash_ramfunc.o ./Drivers/STM32F4xx_HAL_Driver/Src/stm32f4xx_hal_flash_ramfunc.su ./Drivers/STM32F4xx_HAL_Driver/Src/stm32f4xx_hal_gpio.cyclo ./Drivers/STM32F4xx_HAL_Driver/Src/stm32f4xx_hal_gpio.d ./Drivers/STM32F4xx_HAL_Driver/Src/stm32f4xx_hal_gpio.o ./Drivers/STM32F4xx_HAL_Driver/Src/stm32f4xx_hal_gpio.su ./Drivers/STM32F4xx_HAL_Driver/Src/stm32f4xx_hal_i2c.cyclo ./Drivers/STM32F4xx_HAL_Driver/Src/stm32f4xx_hal_i2c.d ./Drivers/STM32F4xx_HAL_Driver/Src/stm32f4xx_hal_i2c.o ./Drivers/STM32F4xx_HAL_Driver/Src/stm32f4xx_hal_i2c.su ./Drivers/STM32F4xx_HAL_Driver/Src/stm32f4xx_hal_i2c_ex.cyclo ./Drivers/STM32F4xx_HAL_Driver/Src/stm32f4xx_hal_i2c_ex.d ./Drivers/STM32F4xx_HAL_Driver/Src/stm32f4xx_hal_i2c_ex.o ./Drivers/STM32F4xx_HAL_Driver/Src/stm32f4xx_hal_i2c_ex.su ./Drivers/STM32F4xx_HAL_Driver/Src/stm32f4xx_hal_pwr.cyclo ./Drivers/STM32F4xx_HAL_Driver/Src/stm32f4xx_hal_pwr.d ./Drivers/STM32F4xx_HAL_Driver/Src/stm32f4xx_hal_pwr.o ./Drivers/STM32F4xx_HAL_Driver/Src/stm32f4xx_hal_pwr.su ./Drivers/STM32F4xx_HAL_Driver/Src/stm32f4xx_hal_pwr_ex.cyclo ./Drivers/STM32F4xx_HAL_Driver/Src/stm32f4xx_hal_pwr_ex.d ./Drivers/STM32F4xx_HAL_Driver/Src/stm32f4xx_hal_pwr_ex.o ./Drivers/STM32F4xx_HAL_Driver/Src/stm32f4xx_hal_pwr_ex.su ./Drivers/STM32F4xx_HAL_Driver/Src/stm32f4xx_hal_rcc.cyclo ./Drivers/STM32F4xx_HAL_Driver/Src/stm32f4xx_hal_rcc.d ./Drivers/STM32F4xx_HAL_Driver/Src/stm32f4xx_hal_rcc.o ./Drivers/STM32F4xx_HAL_Driver/Src/stm32f4xx_hal_rcc.su ./Drivers/STM32F4xx_HAL_Driver/Src/stm32f4xx_hal_rcc_ex.cyclo ./Drivers/STM32F4xx_HAL_Driver/Src/stm32f4xx_hal_rcc_ex.d ./Drivers/STM32F4xx_HAL_Driver/Src/stm32f4xx_hal_rcc_ex.o ./Drivers/STM32F4xx_HAL_Driver/Src/stm32f4xx_hal_rcc_ex.su ./Drivers/STM32F4xx_HAL_Driver/Src/stm32f4xx_hal_tim.cyclo ./Drivers/STM32F4xx_HAL_Driver/Src/stm32f4xx_hal_tim.d ./Drivers/STM32F4xx_HAL_Driver/Src/stm32f4xx_hal_tim.o ./Drivers/STM32F4xx_HAL_Driver/Src/stm32f4xx_hal_tim.su ./Drivers/STM32F4xx_HAL_Driver/Src/stm32f4xx_hal_tim_ex.cyclo ./Drivers/STM32F4xx_HAL_Driver/Src/stm32f4xx_hal_tim_ex.d ./Drivers/STM32F4xx_HAL_Driver/Src/stm32f4xx_hal_tim_ex.o ./Drivers/STM32F4xx_HAL_Driver/Src/stm32f4xx_hal_tim_ex.su
rm -rf ./Core/Startup/startup_stm32f446retx.d ./Core/Startup/startup_stm32f446retx.o
rm -rf ./Core/Src/main.cyclo ./Core/Src/main.d ./Core/Src/main.o ./Core/Src/main.su ./Core/Src/stm32f4xx_hal_msp.cyclo ./Core/Src/stm32f4xx_hal_msp.d ./Core/Src/stm32f4xx_hal_msp.o ./Core/Src/stm32f4xx_hal_msp.su ./Core/Src/stm32f4xx_it.cyclo ./Core/Src/stm32f4xx_it.d ./Core/Src/stm32f4xx_it.o ./Core/Src/stm32f4xx_it.su ./Core/Src/syscalls.cyclo ./Core/Src/syscalls.d ./Core/Src/syscalls.o ./Core/Src/syscalls.su ./Core/Src/sysmem.cyclo ./Core/Src/sysmem.d ./Core/Src/sysmem.o ./Core/Src/sysmem.su ./Core/Src/system_stm32f4xx.cyclo ./Core/Src/system_stm32f4xx.d ./Core/Src/system_stm32f4xx.o ./Core/Src/system_stm32f4xx.su
rm -rf STM32F4_DHT11_22_DS18B20.elf STM32F4_DHT11_22_DS18B20.list STM32F4_DHT11_22_DS18B20.map default.size.stdout
 
20:21:33 **** Build of configuration Debug for project STM32F4_DHT11_22_DS18B20 ****
make -j12 all 
arm-none-eabi-gcc "../Drivers/STM32F4xx_HAL_Driver/Src/stm32f4xx_hal.c" -mcpu=cortex-m4 -std=gnu11 -g3 -DDEBUG -DUSE_HAL_DRIVER -DSTM32F446xx -c -I../Core/Inc -I../Drivers/STM32F4xx_HAL_Driver/Inc -I../Drivers/STM32F4xx_HAL_Driver/Inc/Legacy -I../Drivers/CMSIS/Device/ST/STM32F4xx/Include -I../Drivers/CMSIS/Include -O0 -ffunction-sections -fdata-sections -Wall -fstack-usage -fcyclomatic-complexity -MMD -MP -MF"Drivers/STM32F4xx_HAL_Driver/Src/stm32f4xx_hal.d" -MT"Drivers/STM32F4xx_HAL_Driver/Src/stm32f4xx_hal.o" --specs=nano.specs -mfpu=fpv4-sp-d16 -mfloat-abi=hard -mthumb -o "Drivers/STM32F4xx_HAL_Driver/Src/stm32f4xx_hal.o"
arm-none-eabi-gcc "../Drivers/STM32F4xx_HAL_Driver/Src/stm32f4xx_hal_cortex.c" -mcpu=cortex-m4 -std=gnu11 -g3 -DDEBUG -DUSE_HAL_DRIVER -DSTM32F446xx -c -I../Core/Inc -I../Drivers/STM32F4xx_HAL_Driver/Inc -I../Drivers/STM32F4xx_HAL_Driver/Inc/Legacy -I../Drivers/CMSIS/Device/ST/STM32F4xx/Include -I../Drivers/CMSIS/Include -O0 -ffunction-sections -fdata-sections -Wall -fstack-usage -fcyclomatic-complexity -MMD -MP -MF"Drivers/STM32F4xx_HAL_Driver/Src/stm32f4xx_hal_cortex.d" -MT"Drivers/STM32F4xx_HAL_Driver/Src/stm32f4xx_hal_cortex.o" --specs=nano.specs -mfpu=fpv4-sp-d16 -mfloat-abi=hard -mthumb -o "Drivers/STM32F4xx_HAL_Driver/Src/stm32f4xx_hal_cortex.o"
arm-none-eabi-gcc "../Drivers/STM32F4xx_HAL_Driver/Src/stm32f4xx_hal_dma.c" -mcpu=cortex-m4 -std=gnu11 -g3 -DDEBUG -DUSE_HAL_DRIVER -DSTM32F446xx -c -I../Core/Inc -I../Drivers/STM32F4xx_HAL_Driver/Inc -I../Drivers/STM32F4xx_HAL_Driver/Inc/Legacy -I../Drivers/CMSIS/Device/ST/STM32F4xx/Include -I../Drivers/CMSIS/Include -O0 -ffunction-sections -fdata-sections -Wall -fstack-usage -fcyclomatic-complexity -MMD -MP -MF"Drivers/STM32F4xx_HAL_Driver/Src/stm32f4xx_hal_dma.d" -MT"Drivers/STM32F4xx_HAL_Driver/Src/stm32f4xx_hal_dma.o" --specs=nano.specs -mfpu=fpv4-sp-d16 -mfloat-abi=hard -mthumb -o "Drivers/STM32F4xx_HAL_Driver/Src/stm32f4xx_hal_dma.o"
arm-none-eabi-gcc "../Drivers/STM32F4xx_HAL_Driver/Src/stm32f4xx_hal_dma_ex.c" -mcpu=cortex-m4 -std=gnu11 -g3 -DDEBUG -DUSE_HAL_DRIVER -DSTM32F446xx -c -I../Core/Inc -I../Drivers/STM32F4xx_HAL_Driver/Inc -I../Drivers/STM32F4xx_HAL_Driver/Inc/Legacy -I../Drivers/CMSIS/Device/ST/STM32F4xx/Include -I../Drivers/CMSIS/Include -O0 -ffunction-sections -fdata-sections -Wall -fstack-usage -fcyclomatic-complexity -MMD -MP -MF"Drivers/STM32F4xx_HAL_Driver/Src/stm32f4xx_hal_dma_ex.d" -MT"Drivers/STM32F4xx_HAL_Driver/Src/stm32f4xx_hal_dma_ex.o" --specs=nano.specs -mfpu=fpv4-sp-d16 -mfloat-abi=hard -mthumb -o "Drivers/STM32F4xx_HAL_Driver/Src/stm32f4xx_hal_dma_ex.o"
arm-none-eabi-gcc "../Drivers/STM32F4xx_HAL_Driver/Src/stm32f4xx_hal_exti.c" -mcpu=cortex-m4 -std=gnu11 -g3 -DDEBUG -DUSE_HAL_DRIVER -DSTM32F446xx -c -I../Core/Inc -I../Drivers/STM32F4xx_HAL_Driver/Inc -I../Drivers/STM32F4xx_HAL_Driver/Inc/Legacy -I../Drivers/CMSIS/Device/ST/STM32F4xx/Include -I../Drivers/CMSIS/Include -O0 -ffunction-sections -fdata-sections -Wall -fstack-usage -fcyclomatic-complexity -MMD -MP -MF"Drivers/STM32F4xx_HAL_Driver/Src/stm32f4xx_hal_exti.d" -MT"Drivers/STM32F4xx_HAL_Driver/Src/stm32f4xx_hal_exti.o" --specs=nano.specs -mfpu=fpv4-sp-d16 -mfloat-abi=hard -mthumb -o "Drivers/STM32F4xx_HAL_Driver/Src/stm32f4xx_hal_exti.o"
arm-none-eabi-gcc "../Drivers/STM32F4xx_HAL_Driver/Src/stm32f4xx_hal_flash.c" -mcpu=cortex-m4 -std=gnu11 -g3 -DDEBUG -DUSE_HAL_DRIVER -DSTM32F446xx -c -I../Core/Inc -I../Drivers/STM32F4xx_HAL_Driver/Inc -I../Drivers/STM32F4xx_HAL_Driver/Inc/Legacy -I../Drivers/CMSIS/Device/ST/STM32F4xx/Include -I../Drivers/CMSIS/Include -O0 -ffunction-sections -fdata-sections -Wall -fstack-usage -fcyclomatic-complexity -MMD -MP -MF"Drivers/STM32F4xx_HAL_Driver/Src/stm32f4xx_hal_flash.d" -MT"Drivers/STM32F4xx_HAL_Driver/Src/stm32f4xx_hal_flash.o" --specs=nano.specs -mfpu=fpv4-sp-d16 -mfloat-abi=hard -mthumb -o "Drivers/STM32F4xx_HAL_Driver/Src/stm32f4xx_hal_flash.o"
arm-none-eabi-gcc "../Drivers/STM32F4xx_HAL_Driver/Src/stm32f4xx_hal_flash_ex.c" -mcpu=cortex-m4 -std=gnu11 -g3 -DDEBUG -DUSE_HAL_DRIVER -DSTM32F446xx -c -I../Core/Inc -I../Drivers/STM32F4xx_HAL_Driver/Inc -I../Drivers/STM32F4xx_HAL_Driver/Inc/Legacy -I../Drivers/CMSIS/Device/ST/STM32F4xx/Include -I../Drivers/CMSIS/Include -O0 -ffunction-sections -fdata-sections -Wall -fstack-usage -fcyclomatic-complexity -MMD -MP -MF"Drivers/STM32F4xx_HAL_Driver/Src/stm32f4xx_hal_flash_ex.d" -MT"Drivers/STM32F4xx_HAL_Driver/Src/stm32f4xx_hal_flash_ex.o" --specs=nano.specs -mfpu=fpv4-sp-d16 -mfloat-abi=hard -mthumb -o "Drivers/STM32F4xx_HAL_Driver/Src/stm32f4xx_hal_flash_ex.o"
arm-none-eabi-gcc "../Drivers/STM32F4xx_HAL_Driver/Src/stm32f4xx_hal_flash_ramfunc.c" -mcpu=cortex-m4 -std=gnu11 -g3 -DDEBUG -DUSE_HAL_DRIVER -DSTM32F446xx -c -I../Core/Inc -I../Drivers/STM32F4xx_HAL_Driver/Inc -I../Drivers/STM32F4xx_HAL_Driver/Inc/Legacy -I../Drivers/CMSIS/Device/ST/STM32F4xx/Include -I../Drivers/CMSIS/Include -O0 -ffunction-sections -fdata-sections -Wall -fstack-usage -fcyclomatic-complexity -MMD -MP -MF"Drivers/STM32F4xx_HAL_Driver/Src/stm32f4xx_hal_flash_ramfunc.d" -MT"Drivers/STM32F4xx_HAL_Driver/Src/stm32f4xx_hal_flash_ramfunc.o" --specs=nano.specs -mfpu=fpv4-sp-d16 -mfloat-abi=hard -mthumb -o "Drivers/STM32F4xx_HAL_Driver/Src/stm32f4xx_hal_flash_ramfunc.o"
arm-none-eabi-gcc "../Drivers/STM32F4xx_HAL_Driver/Src/stm32f4xx_hal_gpio.c" -mcpu=cortex-m4 -std=gnu11 -g3 -DDEBUG -DUSE_HAL_DRIVER -DSTM32F446xx -c -I../Core/Inc -I../Drivers/STM32F4xx_HAL_Driver/Inc -I../Drivers/STM32F4xx_HAL_Driver/Inc/Legacy -I../Drivers/CMSIS/Device/ST/STM32F4xx/Include -I../Drivers/CMSIS/Include -O0 -ffunction-sections -fdata-sections -Wall -fstack-usage -fcyclomatic-complexity -MMD -MP -MF"Drivers/STM32F4xx_HAL_Driver/Src/stm32f4xx_hal_gpio.d" -MT"Drivers/STM32F4xx_HAL_Driver/Src/stm32f4xx_hal_gpio.o" --specs=nano.specs -mfpu=fpv4-sp-d16 -mfloat-abi=hard -mthumb -o "Drivers/STM32F4xx_HAL_Driver/Src/stm32f4xx_hal_gpio.o"
arm-none-eabi-gcc "../Drivers/STM32F4xx_HAL_Driver/Src/stm32f4xx_hal_i2c.c" -mcpu=cortex-m4 -std=gnu11 -g3 -DDEBUG -DUSE_HAL_DRIVER -DSTM32F446xx -c -I../Core/Inc -I../Drivers/STM32F4xx_HAL_Driver/Inc -I../Drivers/STM32F4xx_HAL_Driver/Inc/Legacy -I../Drivers/CMSIS/Device/ST/STM32F4xx/Include -I../Drivers/CMSIS/Include -O0 -ffunction-sections -fdata-sections -Wall -fstack-usage -fcyclomatic-complexity -MMD -MP -MF"Drivers/STM32F4xx_HAL_Driver/Src/stm32f4xx_hal_i2c.d" -MT"Drivers/STM32F4xx_HAL_Driver/Src/stm32f4xx_hal_i2c.o" --specs=nano.specs -mfpu=fpv4-sp-d16 -mfloat-abi=hard -mthumb -o "Drivers/STM32F4xx_HAL_Driver/Src/stm32f4xx_hal_i2c.o"
arm-none-eabi-gcc "../Drivers/STM32F4xx_HAL_Driver/Src/stm32f4xx_hal_i2c_ex.c" -mcpu=cortex-m4 -std=gnu11 -g3 -DDEBUG -DUSE_HAL_DRIVER -DSTM32F446xx -c -I../Core/Inc -I../Drivers/STM32F4xx_HAL_Driver/Inc -I../Drivers/STM32F4xx_HAL_Driver/Inc/Legacy -I../Drivers/CMSIS/Device/ST/STM32F4xx/Include -I../Drivers/CMSIS/Include -O0 -ffunction-sections -fdata-sections -Wall -fstack-usage -fcyclomatic-complexity -MMD -MP -MF"Drivers/STM32F4xx_HAL_Driver/Src/stm32f4xx_hal_i2c_ex.d" -MT"Drivers/STM32F4xx_HAL_Driver/Src/stm32f4xx_hal_i2c_ex.o" --specs=nano.specs -mfpu=fpv4-sp-d16 -mfloat-abi=hard -mthumb -o "Drivers/STM32F4xx_HAL_Driver/Src/stm32f4xx_hal_i2c_ex.o"
arm-none-eabi-gcc "../Drivers/STM32F4xx_HAL_Driver/Src/stm32f4xx_hal_pwr.c" -mcpu=cortex-m4 -std=gnu11 -g3 -DDEBUG -DUSE_HAL_DRIVER -DSTM32F446xx -c -I../Core/Inc -I../Drivers/STM32F4xx_HAL_Driver/Inc -I../Drivers/STM32F4xx_HAL_Driver/Inc/Legacy -I../Drivers/CMSIS/Device/ST/STM32F4xx/Include -I../Drivers/CMSIS/Include -O0 -ffunction-sections -fdata-sections -Wall -fstack-usage -fcyclomatic-complexity -MMD -MP -MF"Drivers/STM32F4xx_HAL_Driver/Src/stm32f4xx_hal_pwr.d" -MT"Drivers/STM32F4xx_HAL_Driver/Src/stm32f4xx_hal_pwr.o" --specs=nano.specs -mfpu=fpv4-sp-d16 -mfloat-abi=hard -mthumb -o "Drivers/STM32F4xx_HAL_Driver/Src/stm32f4xx_hal_pwr.o"
arm-none-eabi-gcc "../Drivers/STM32F4xx_HAL_Driver/Src/stm32f4xx_hal_pwr_ex.c" -mcpu=cortex-m4 -std=gnu11 -g3 -DDEBUG -DUSE_HAL_DRIVER -DSTM32F446xx -c -I../Core/Inc -I../Drivers/STM32F4xx_HAL_Driver/Inc -I../Drivers/STM32F4xx_HAL_Driver/Inc/Legacy -I../Drivers/CMSIS/Device/ST/STM32F4xx/Include -I../Drivers/CMSIS/Include -O0 -ffunction-sections -fdata-sections -Wall -fstack-usage -fcyclomatic-complexity -MMD -MP -MF"Drivers/STM32F4xx_HAL_Driver/Src/stm32f4xx_hal_pwr_ex.d" -MT"Drivers/STM32F4xx_HAL_Driver/Src/stm32f4xx_hal_pwr_ex.o" --specs=nano.specs -mfpu=fpv4-sp-d16 -mfloat-abi=hard -mthumb -o "Drivers/STM32F4xx_HAL_Driver/Src/stm32f4xx_hal_pwr_ex.o"
arm-none-eabi-gcc "../Drivers/STM32F4xx_HAL_Driver/Src/stm32f4xx_hal_rcc.c" -mcpu=cortex-m4 -std=gnu11 -g3 -DDEBUG -DUSE_HAL_DRIVER -DSTM32F446xx -c -I../Core/Inc -I../Drivers/STM32F4xx_HAL_Driver/Inc -I../Drivers/STM32F4xx_HAL_Driver/Inc/Legacy -I../Drivers/CMSIS/Device/ST/STM32F4xx/Include -I../Drivers/CMSIS/Include -O0 -ffunction-sections -fdata-sections -Wall -fstack-usage -fcyclomatic-complexity -MMD -MP -MF"Drivers/STM32F4xx_HAL_Driver/Src/stm32f4xx_hal_rcc.d" -MT"Drivers/STM32F4xx_HAL_Driver/Src/stm32f4xx_hal_rcc.o" --specs=nano.specs -mfpu=fpv4-sp-d16 -mfloat-abi=hard -mthumb -o "Drivers/STM32F4xx_HAL_Driver/Src/stm32f4xx_hal_rcc.o"
arm-none-eabi-gcc "../Drivers/STM32F4xx_HAL_Driver/Src/stm32f4xx_hal_rcc_ex.c" -mcpu=cortex-m4 -std=gnu11 -g3 -DDEBUG -DUSE_HAL_DRIVER -DSTM32F446xx -c -I../Core/Inc -I../Drivers/STM32F4xx_HAL_Driver/Inc -I../Drivers/STM32F4xx_HAL_Driver/Inc/Legacy -I../Drivers/CMSIS/Device/ST/STM32F4xx/Include -I../Drivers/CMSIS/Include -O0 -ffunction-sections -fdata-sections -Wall -fstack-usage -fcyclomatic-complexity -MMD -MP -MF"Drivers/STM32F4xx_HAL_Driver/Src/stm32f4xx_hal_rcc_ex.d" -MT"Drivers/STM32F4xx_HAL_Driver/Src/stm32f4xx_hal_rcc_ex.o" --specs=nano.specs -mfpu=fpv4-sp-d16 -mfloat-abi=hard -mthumb -o "Drivers/STM32F4xx_HAL_Driver/Src/stm32f4xx_hal_rcc_ex.o"
arm-none-eabi-gcc "../Drivers/STM32F4xx_HAL_Driver/Src/stm32f4xx_hal_tim.c" -mcpu=cortex-m4 -std=gnu11 -g3 -DDEBUG -DUSE_HAL_DRIVER -DSTM32F446xx -c -I../Core/Inc -I../Drivers/STM32F4xx_HAL_Driver/Inc -I../Drivers/STM32F4xx_HAL_Driver/Inc/Legacy -I../Drivers/CMSIS/Device/ST/STM32F4xx/Include -I../Drivers/CMSIS/Include -O0 -ffunction-sections -fdata-sections -Wall -fstack-usage -fcyclomatic-complexity -MMD -MP -MF"Drivers/STM32F4xx_HAL_Driver/Src/stm32f4xx_hal_tim.d" -MT"Drivers/STM32F4xx_HAL_Driver/Src/stm32f4xx_hal_tim.o" --specs=nano.specs -mfpu=fpv4-sp-d16 -mfloat-abi=hard -mthumb -o "Drivers/STM32F4xx_HAL_Driver/Src/stm32f4xx_hal_tim.o"
arm-none-eabi-gcc "../Drivers/STM32F4xx_HAL_Driver/Src/stm32f4xx_hal_tim_ex.c" -mcpu=cortex-m4 -std=gnu11 -g3 -DDEBUG -DUSE_HAL_DRIVER -DSTM32F446xx -c -I../Core/Inc -I../Drivers/STM32F4xx_HAL_Driver/Inc -I../Drivers/STM32F4xx_HAL_Driver/Inc/Legacy -I../Drivers/CMSIS/Device/ST/STM32F4xx/Include -I../Drivers/CMSIS/Include -O0 -ffunction-sections -fdata-sections -Wall -fstack-usage -fcyclomatic-complexity -MMD -MP -MF"Drivers/STM32F4xx_HAL_Driver/Src/stm32f4xx_hal_tim_ex.d" -MT"Drivers/STM32F4xx_HAL_Driver/Src/stm32f4xx_hal_tim_ex.o" --specs=nano.specs -mfpu=fpv4-sp-d16 -mfloat-abi=hard -mthumb -o "Drivers/STM32F4xx_HAL_Driver/Src/stm32f4xx_hal_tim_ex.o"
arm-none-eabi-gcc -mcpu=cortex-m4 -g3 -DDEBUG -c -x assembler-with-cpp -MMD -MP -MF"Core/Startup/startup_stm32f446retx.d" -MT"Core/Startup/startup_stm32f446retx.o" --specs=nano.specs -mfpu=fpv4-sp-d16 -mfloat-abi=hard -mthumb -o "Core/Startup/startup_stm32f446retx.o" "../Core/Startup/startup_stm32f446retx.s"
arm-none-eabi-gcc "../Core/Src/main.c" -mcpu=cortex-m4 -std=gnu11 -g3 -DDEBUG -DUSE_HAL_DRIVER -DSTM32F446xx -c -I../Core/Inc -I../Drivers/STM32F4xx_HAL_Driver/Inc -I../Drivers/STM32F4xx_HAL_Driver/Inc/Legacy -I../Drivers/CMSIS/Device/ST/STM32F4xx/Include -I../Drivers/CMSIS/Include -O0 -ffunction-sections -fdata-sections -Wall -fstack-usage -fcyclomatic-complexity -MMD -MP -MF"Core/Src/main.d" -MT"Core/Src/main.o" --specs=nano.specs -mfpu=fpv4-sp-d16 -mfloat-abi=hard -mthumb -o "Core/Src/main.o"
arm-none-eabi-gcc "../Core/Src/stm32f4xx_hal_msp.c" -mcpu=cortex-m4 -std=gnu11 -g3 -DDEBUG -DUSE_HAL_DRIVER -DSTM32F446xx -c -I../Core/Inc -I../Drivers/STM32F4xx_HAL_Driver/Inc -I../Drivers/STM32F4xx_HAL_Driver/Inc/Legacy -I../Drivers/CMSIS/Device/ST/STM32F4xx/Include -I../Drivers/CMSIS/Include -O0 -ffunction-sections -fdata-sections -Wall -fstack-usage -fcyclomatic-complexity -MMD -MP -MF"Core/Src/stm32f4xx_hal_msp.d" -MT"Core/Src/stm32f4xx_hal_msp.o" --specs=nano.specs -mfpu=fpv4-sp-d16 -mfloat-abi=hard -mthumb -o "Core/Src/stm32f4xx_hal_msp.o"
arm-none-eabi-gcc "../Core/Src/stm32f4xx_it.c" -mcpu=cortex-m4 -std=gnu11 -g3 -DDEBUG -DUSE_HAL_DRIVER -DSTM32F446xx -c -I../Core/Inc -I../Drivers/STM32F4xx_HAL_Driver/Inc -I../Drivers/STM32F4xx_HAL_Driver/Inc/Legacy -I../Drivers/CMSIS/Device/ST/STM32F4xx/Include -I../Drivers/CMSIS/Include -O0 -ffunction-sections -fdata-sections -Wall -fstack-usage -fcyclomatic-complexity -MMD -MP -MF"Core/Src/stm32f4xx_it.d" -MT"Core/Src/stm32f4xx_it.o" --specs=nano.specs -mfpu=fpv4-sp-d16 -mfloat-abi=hard -mthumb -o "Core/Src/stm32f4xx_it.o"
arm-none-eabi-gcc "../Core/Src/syscalls.c" -mcpu=cortex-m4 -std=gnu11 -g3 -DDEBUG -DUSE_HAL_DRIVER -DSTM32F446xx -c -I../Core/Inc -I../Drivers/STM32F4xx_HAL_Driver/Inc -I../Drivers/STM32F4xx_HAL_Driver/Inc/Legacy -I../Drivers/CMSIS/Device/ST/STM32F4xx/Include -I../Drivers/CMSIS/Include -O0 -ffunction-sections -fdata-sections -Wall -fstack-usage -fcyclomatic-complexity -MMD -MP -MF"Core/Src/syscalls.d" -MT"Core/Src/syscalls.o" --specs=nano.specs -mfpu=fpv4-sp-d16 -mfloat-abi=hard -mthumb -o "Core/Src/syscalls.o"
arm-none-eabi-gcc "../Core/Src/sysmem.c" -mcpu=cortex-m4 -std=gnu11 -g3 -DDEBUG -DUSE_HAL_DRIVER -DSTM32F446xx -c -I../Core/Inc -I../Drivers/STM32F4xx_HAL_Driver/Inc -I../Drivers/STM32F4xx_HAL_Driver/Inc/Legacy -I../Drivers/CMSIS/Device/ST/STM32F4xx/Include -I../Drivers/CMSIS/Include -O0 -ffunction-sections -fdata-sections -Wall -fstack-usage -fcyclomatic-complexity -MMD -MP -MF"Core/Src/sysmem.d" -MT"Core/Src/sysmem.o" --specs=nano.specs -mfpu=fpv4-sp-d16 -mfloat-abi=hard -mthumb -o "Core/Src/sysmem.o"
../Core/Src/main.c:24:10: fatal error: i2c-lcd.h: No such file or directory
   24 | #include "i2c-lcd.h"
      |          ^~~~~~~~~~~
compilation terminated.
make: *** [Core/Src/subdir.mk:34: Core/Src/main.o] Error 1
make: *** Waiting for unfinished jobs....
"make -j12 all" terminated with exit code 2. Build might be incomplete.
20:21:35 **** Build of configuration Debug for project ddht ****
make -j12 all 
arm-none-eabi-gcc "../Drivers/STM32WBAxx_HAL_Driver/Src/stm32wbaxx_hal.c" -mcpu=cortex-m33 -std=gnu11 -g3 -DDEBUG -DUSE_HAL_DRIVER -DSTM32WBA52xx -c -I../Core/Inc -I../Drivers/STM32WBAxx_HAL_Driver/Inc -I../Drivers/STM32WBAxx_HAL_Driver/Inc/Legacy -I../Drivers/CMSIS/Device/ST/STM32WBAxx/Include -I../Drivers/CMSIS/Include -O0 -ffunction-sections -fdata-sections -Wall -fstack-usage -fcyclomatic-complexity -MMD -MP -MF"Drivers/STM32WBAxx_HAL_Driver/Src/stm32wbaxx_hal.d" -MT"Drivers/STM32WBAxx_HAL_Driver/Src/stm32wbaxx_hal.o" --specs=nano.specs -mfpu=fpv5-sp-d16 -mfloat-abi=hard -mthumb -o "Drivers/STM32WBAxx_HAL_Driver/Src/stm32wbaxx_hal.o"
arm-none-eabi-gcc "../Drivers/STM32WBAxx_HAL_Driver/Src/stm32wbaxx_hal_cortex.c" -mcpu=cortex-m33 -std=gnu11 -g3 -DDEBUG -DUSE_HAL_DRIVER -DSTM32WBA52xx -c -I../Core/Inc -I../Drivers/STM32WBAxx_HAL_Driver/Inc -I../Drivers/STM32WBAxx_HAL_Driver/Inc/Legacy -I../Drivers/CMSIS/Device/ST/STM32WBAxx/Include -I../Drivers/CMSIS/Include -O0 -ffunction-sections -fdata-sections -Wall -fstack-usage -fcyclomatic-complexity -MMD -MP -MF"Drivers/STM32WBAxx_HAL_Driver/Src/stm32wbaxx_hal_cortex.d" -MT"Drivers/STM32WBAxx_HAL_Driver/Src/stm32wbaxx_hal_cortex.o" --specs=nano.specs -mfpu=fpv5-sp-d16 -mfloat-abi=hard -mthumb -o "Drivers/STM32WBAxx_HAL_Driver/Src/stm32wbaxx_hal_cortex.o"
arm-none-eabi-gcc "../Drivers/STM32WBAxx_HAL_Driver/Src/stm32wbaxx_hal_dma.c" -mcpu=cortex-m33 -std=gnu11 -g3 -DDEBUG -DUSE_HAL_DRIVER -DSTM32WBA52xx -c -I../Core/Inc -I../Drivers/STM32WBAxx_HAL_Driver/Inc -I../Drivers/STM32WBAxx_HAL_Driver/Inc/Legacy -I../Drivers/CMSIS/Device/ST/STM32WBAxx/Include -I../Drivers/CMSIS/Include -O0 -ffunction-sections -fdata-sections -Wall -fstack-usage -fcyclomatic-complexity -MMD -MP -MF"Drivers/STM32WBAxx_HAL_Driver/Src/stm32wbaxx_hal_dma.d" -MT"Drivers/STM32WBAxx_HAL_Driver/Src/stm32wbaxx_hal_dma.o" --specs=nano.specs -mfpu=fpv5-sp-d16 -mfloat-abi=hard -mthumb -o "Drivers/STM32WBAxx_HAL_Driver/Src/stm32wbaxx_hal_dma.o"
arm-none-eabi-gcc "../Drivers/STM32WBAxx_HAL_Driver/Src/stm32wbaxx_hal_dma_ex.c" -mcpu=cortex-m33 -std=gnu11 -g3 -DDEBUG -DUSE_HAL_DRIVER -DSTM32WBA52xx -c -I../Core/Inc -I../Drivers/STM32WBAxx_HAL_Driver/Inc -I../Drivers/STM32WBAxx_HAL_Driver/Inc/Legacy -I../Drivers/CMSIS/Device/ST/STM32WBAxx/Include -I../Drivers/CMSIS/Include -O0 -ffunction-sections -fdata-sections -Wall -fstack-usage -fcyclomatic-complexity -MMD -MP -MF"Drivers/STM32WBAxx_HAL_Driver/Src/stm32wbaxx_hal_dma_ex.d" -MT"Drivers/STM32WBAxx_HAL_Driver/Src/stm32wbaxx_hal_dma_ex.o" --specs=nano.specs -mfpu=fpv5-sp-d16 -mfloat-abi=hard -mthumb -o "Drivers/STM32WBAxx_HAL_Driver/Src/stm32wbaxx_hal_dma_ex.o"
arm-none-eabi-gcc "../Drivers/STM32WBAxx_HAL_Driver/Src/stm32wbaxx_hal_exti.c" -mcpu=cortex-m33 -std=gnu11 -g3 -DDEBUG -DUSE_HAL_DRIVER -DSTM32WBA52xx -c -I../Core/Inc -I../Drivers/STM32WBAxx_HAL_Driver/Inc -I../Drivers/STM32WBAxx_HAL_Driver/Inc/Legacy -I../Drivers/CMSIS/Device/ST/STM32WBAxx/Include -I../Drivers/CMSIS/Include -O0 -ffunction-sections -fdata-sections -Wall -fstack-usage -fcyclomatic-complexity -MMD -MP -MF"Drivers/STM32WBAxx_HAL_Driver/Src/stm32wbaxx_hal_exti.d" -MT"Drivers/STM32WBAxx_HAL_Driver/Src/stm32wbaxx_hal_exti.o" --specs=nano.specs -mfpu=fpv5-sp-d16 -mfloat-abi=hard -mthumb -o "Drivers/STM32WBAxx_HAL_Driver/Src/stm32wbaxx_hal_exti.o"
arm-none-eabi-gcc "../Drivers/STM32WBAxx_HAL_Driver/Src/stm32wbaxx_hal_flash.c" -mcpu=cortex-m33 -std=gnu11 -g3 -DDEBUG -DUSE_HAL_DRIVER -DSTM32WBA52xx -c -I../Core/Inc -I../Drivers/STM32WBAxx_HAL_Driver/Inc -I../Drivers/STM32WBAxx_HAL_Driver/Inc/Legacy -I../Drivers/CMSIS/Device/ST/STM32WBAxx/Include -I../Drivers/CMSIS/Include -O0 -ffunction-sections -fdata-sections -Wall -fstack-usage -fcyclomatic-complexity -MMD -MP -MF"Drivers/STM32WBAxx_HAL_Driver/Src/stm32wbaxx_hal_flash.d" -MT"Drivers/STM32WBAxx_HAL_Driver/Src/stm32wbaxx_hal_flash.o" --specs=nano.specs -mfpu=fpv5-sp-d16 -mfloat-abi=hard -mthumb -o "Drivers/STM32WBAxx_HAL_Driver/Src/stm32wbaxx_hal_flash.o"
arm-none-eabi-gcc "../Drivers/STM32WBAxx_HAL_Driver/Src/stm32wbaxx_hal_flash_ex.c" -mcpu=cortex-m33 -std=gnu11 -g3 -DDEBUG -DUSE_HAL_DRIVER -DSTM32WBA52xx -c -I../Core/Inc -I../Drivers/STM32WBAxx_HAL_Driver/Inc -I../Drivers/STM32WBAxx_HAL_Driver/Inc/Legacy -I../Drivers/CMSIS/Device/ST/STM32WBAxx/Include -I../Drivers/CMSIS/Include -O0 -ffunction-sections -fdata-sections -Wall -fstack-usage -fcyclomatic-complexity -MMD -MP -MF"Drivers/STM32WBAxx_HAL_Driver/Src/stm32wbaxx_hal_flash_ex.d" -MT"Drivers/STM32WBAxx_HAL_Driver/Src/stm32wbaxx_hal_flash_ex.o" --specs=nano.specs -mfpu=fpv5-sp-d16 -mfloat-abi=hard -mthumb -o "Drivers/STM32WBAxx_HAL_Driver/Src/stm32wbaxx_hal_flash_ex.o"
arm-none-eabi-gcc "../Drivers/STM32WBAxx_HAL_Driver/Src/stm32wbaxx_hal_gpio.c" -mcpu=cortex-m33 -std=gnu11 -g3 -DDEBUG -DUSE_HAL_DRIVER -DSTM32WBA52xx -c -I../Core/Inc -I../Drivers/STM32WBAxx_HAL_Driver/Inc -I../Drivers/STM32WBAxx_HAL_Driver/Inc/Legacy -I../Drivers/CMSIS/Device/ST/STM32WBAxx/Include -I../Drivers/CMSIS/Include -O0 -ffunction-sections -fdata-sections -Wall -fstack-usage -fcyclomatic-complexity -MMD -MP -MF"Drivers/STM32WBAxx_HAL_Driver/Src/stm32wbaxx_hal_gpio.d" -MT"Drivers/STM32WBAxx_HAL_Driver/Src/stm32wbaxx_hal_gpio.o" --specs=nano.specs -mfpu=fpv5-sp-d16 -mfloat-abi=hard -mthumb -o "Drivers/STM32WBAxx_HAL_Driver/Src/stm32wbaxx_hal_gpio.o"
arm-none-eabi-gcc "../Drivers/STM32WBAxx_HAL_Driver/Src/stm32wbaxx_hal_i2c.c" -mcpu=cortex-m33 -std=gnu11 -g3 -DDEBUG -DUSE_HAL_DRIVER -DSTM32WBA52xx -c -I../Core/Inc -I../Drivers/STM32WBAxx_HAL_Driver/Inc -I../Drivers/STM32WBAxx_HAL_Driver/Inc/Legacy -I../Drivers/CMSIS/Device/ST/STM32WBAxx/Include -I../Drivers/CMSIS/Include -O0 -ffunction-sections -fdata-sections -Wall -fstack-usage -fcyclomatic-complexity -MMD -MP -MF"Drivers/STM32WBAxx_HAL_Driver/Src/stm32wbaxx_hal_i2c.d" -MT"Drivers/STM32WBAxx_HAL_Driver/Src/stm32wbaxx_hal_i2c.o" --specs=nano.specs -mfpu=fpv5-sp-d16 -mfloat-abi=hard -mthumb -o "Drivers/STM32WBAxx_HAL_Driver/Src/stm32wbaxx_hal_i2c.o"
arm-none-eabi-gcc "../Drivers/STM32WBAxx_HAL_Driver/Src/stm32wbaxx_hal_i2c_ex.c" -mcpu=cortex-m33 -std=gnu11 -g3 -DDEBUG -DUSE_HAL_DRIVER -DSTM32WBA52xx -c -I../Core/Inc -I../Drivers/STM32WBAxx_HAL_Driver/Inc -I../Drivers/STM32WBAxx_HAL_Driver/Inc/Legacy -I../Drivers/CMSIS/Device/ST/STM32WBAxx/Include -I../Drivers/CMSIS/Include -O0 -ffunction-sections -fdata-sections -Wall -fstack-usage -fcyclomatic-complexity -MMD -MP -MF"Drivers/STM32WBAxx_HAL_Driver/Src/stm32wbaxx_hal_i2c_ex.d" -MT"Drivers/STM32WBAxx_HAL_Driver/Src/stm32wbaxx_hal_i2c_ex.o" --specs=nano.specs -mfpu=fpv5-sp-d16 -mfloat-abi=hard -mthumb -o "Drivers/STM32WBAxx_HAL_Driver/Src/stm32wbaxx_hal_i2c_ex.o"
arm-none-eabi-gcc "../Drivers/STM32WBAxx_HAL_Driver/Src/stm32wbaxx_hal_icache.c" -mcpu=cortex-m33 -std=gnu11 -g3 -DDEBUG -DUSE_HAL_DRIVER -DSTM32WBA52xx -c -I../Core/Inc -I../Drivers/STM32WBAxx_HAL_Driver/Inc -I../Drivers/STM32WBAxx_HAL_Driver/Inc/Legacy -I../Drivers/CMSIS/Device/ST/STM32WBAxx/Include -I../Drivers/CMSIS/Include -O0 -ffunction-sections -fdata-sections -Wall -fstack-usage -fcyclomatic-complexity -MMD -MP -MF"Drivers/STM32WBAxx_HAL_Driver/Src/stm32wbaxx_hal_icache.d" -MT"Drivers/STM32WBAxx_HAL_Driver/Src/stm32wbaxx_hal_icache.o" --specs=nano.specs -mfpu=fpv5-sp-d16 -mfloat-abi=hard -mthumb -o "Drivers/STM32WBAxx_HAL_Driver/Src/stm32wbaxx_hal_icache.o"
arm-none-eabi-gcc "../Drivers/STM32WBAxx_HAL_Driver/Src/stm32wbaxx_hal_pwr.c" -mcpu=cortex-m33 -std=gnu11 -g3 -DDEBUG -DUSE_HAL_DRIVER -DSTM32WBA52xx -c -I../Core/Inc -I../Drivers/STM32WBAxx_HAL_Driver/Inc -I../Drivers/STM32WBAxx_HAL_Driver/Inc/Legacy -I../Drivers/CMSIS/Device/ST/STM32WBAxx/Include -I../Drivers/CMSIS/Include -O0 -ffunction-sections -fdata-sections -Wall -fstack-usage -fcyclomatic-complexity -MMD -MP -MF"Drivers/STM32WBAxx_HAL_Driver/Src/stm32wbaxx_hal_pwr.d" -MT"Drivers/STM32WBAxx_HAL_Driver/Src/stm32wbaxx_hal_pwr.o" --specs=nano.specs -mfpu=fpv5-sp-d16 -mfloat-abi=hard -mthumb -o "Drivers/STM32WBAxx_HAL_Driver/Src/stm32wbaxx_hal_pwr.o"
arm-none-eabi-gcc "../Drivers/STM32WBAxx_HAL_Driver/Src/stm32wbaxx_hal_pwr_ex.c" -mcpu=cortex-m33 -std=gnu11 -g3 -DDEBUG -DUSE_HAL_DRIVER -DSTM32WBA52xx -c -I../Core/Inc -I../Drivers/STM32WBAxx_HAL_Driver/Inc -I../Drivers/STM32WBAxx_HAL_Driver/Inc/Legacy -I../Drivers/CMSIS/Device/ST/STM32WBAxx/Include -I../Drivers/CMSIS/Include -O0 -ffunction-sections -fdata-sections -Wall -fstack-usage -fcyclomatic-complexity -MMD -MP -MF"Drivers/STM32WBAxx_HAL_Driver/Src/stm32wbaxx_hal_pwr_ex.d" -MT"Drivers/STM32WBAxx_HAL_Driver/Src/stm32wbaxx_hal_pwr_ex.o" --specs=nano.specs -mfpu=fpv5-sp-d16 -mfloat-abi=hard -mthumb -o "Drivers/STM32WBAxx_HAL_Driver/Src/stm32wbaxx_hal_pwr_ex.o"
arm-none-eabi-gcc "../Drivers/STM32WBAxx_HAL_Driver/Src/stm32wbaxx_hal_rcc.c" -mcpu=cortex-m33 -std=gnu11 -g3 -DDEBUG -DUSE_HAL_DRIVER -DSTM32WBA52xx -c -I../Core/Inc -I../Drivers/STM32WBAxx_HAL_Driver/Inc -I../Drivers/STM32WBAxx_HAL_Driver/Inc/Legacy -I../Drivers/CMSIS/Device/ST/STM32WBAxx/Include -I../Drivers/CMSIS/Include -O0 -ffunction-sections -fdata-sections -Wall -fstack-usage -fcyclomatic-complexity -MMD -MP -MF"Drivers/STM32WBAxx_HAL_Driver/Src/stm32wbaxx_hal_rcc.d" -MT"Drivers/STM32WBAxx_HAL_Driver/Src/stm32wbaxx_hal_rcc.o" --specs=nano.specs -mfpu=fpv5-sp-d16 -mfloat-abi=hard -mthumb -o "Drivers/STM32WBAxx_HAL_Driver/Src/stm32wbaxx_hal_rcc.o"
arm-none-eabi-gcc "../Drivers/STM32WBAxx_HAL_Driver/Src/stm32wbaxx_hal_rcc_ex.c" -mcpu=cortex-m33 -std=gnu11 -g3 -DDEBUG -DUSE_HAL_DRIVER -DSTM32WBA52xx -c -I../Core/Inc -I../Drivers/STM32WBAxx_HAL_Driver/Inc -I../Drivers/STM32WBAxx_HAL_Driver/Inc/Legacy -I../Drivers/CMSIS/Device/ST/STM32WBAxx/Include -I../Drivers/CMSIS/Include -O0 -ffunction-sections -fdata-sections -Wall -fstack-usage -fcyclomatic-complexity -MMD -MP -MF"Drivers/STM32WBAxx_HAL_Driver/Src/stm32wbaxx_hal_rcc_ex.d" -MT"Drivers/STM32WBAxx_HAL_Driver/Src/stm32wbaxx_hal_rcc_ex.o" --specs=nano.specs -mfpu=fpv5-sp-d16 -mfloat-abi=hard -mthumb -o "Drivers/STM32WBAxx_HAL_Driver/Src/stm32wbaxx_hal_rcc_ex.o"
arm-none-eabi-gcc "../Drivers/STM32WBAxx_HAL_Driver/Src/stm32wbaxx_hal_tim.c" -mcpu=cortex-m33 -std=gnu11 -g3 -DDEBUG -DUSE_HAL_DRIVER -DSTM32WBA52xx -c -I../Core/Inc -I../Drivers/STM32WBAxx_HAL_Driver/Inc -I../Drivers/STM32WBAxx_HAL_Driver/Inc/Legacy -I../Drivers/CMSIS/Device/ST/STM32WBAxx/Include -I../Drivers/CMSIS/Include -O0 -ffunction-sections -fdata-sections -Wall -fstack-usage -fcyclomatic-complexity -MMD -MP -MF"Drivers/STM32WBAxx_HAL_Driver/Src/stm32wbaxx_hal_tim.d" -MT"Drivers/STM32WBAxx_HAL_Driver/Src/stm32wbaxx_hal_tim.o" --specs=nano.specs -mfpu=fpv5-sp-d16 -mfloat-abi=hard -mthumb -o "Drivers/STM32WBAxx_HAL_Driver/Src/stm32wbaxx_hal_tim.o"
arm-none-eabi-gcc "../Drivers/STM32WBAxx_HAL_Driver/Src/stm32wbaxx_hal_tim_ex.c" -mcpu=cortex-m33 -std=gnu11 -g3 -DDEBUG -DUSE_HAL_DRIVER -DSTM32WBA52xx -c -I../Core/Inc -I../Drivers/STM32WBAxx_HAL_Driver/Inc -I../Drivers/STM32WBAxx_HAL_Driver/Inc/Legacy -I../Drivers/CMSIS/Device/ST/STM32WBAxx/Include -I../Drivers/CMSIS/Include -O0 -ffunction-sections -fdata-sections -Wall -fstack-usage -fcyclomatic-complexity -MMD -MP -MF"Drivers/STM32WBAxx_HAL_Driver/Src/stm32wbaxx_hal_tim_ex.d" -MT"Drivers/STM32WBAxx_HAL_Driver/Src/stm32wbaxx_hal_tim_ex.o" --specs=nano.specs -mfpu=fpv5-sp-d16 -mfloat-abi=hard -mthumb -o "Drivers/STM32WBAxx_HAL_Driver/Src/stm32wbaxx_hal_tim_ex.o"
arm-none-eabi-gcc -mcpu=cortex-m33 -g3 -DDEBUG -c -x assembler-with-cpp -MMD -MP -MF"Core/Startup/startup_stm32wba52cgux.d" -MT"Core/Startup/startup_stm32wba52cgux.o" --specs=nano.specs -mfpu=fpv5-sp-d16 -mfloat-abi=hard -mthumb -o "Core/Startup/startup_stm32wba52cgux.o" "../Core/Startup/startup_stm32wba52cgux.s"
arm-none-eabi-gcc "../Core/Src/main.c" -mcpu=cortex-m33 -std=gnu11 -g3 -DDEBUG -DUSE_HAL_DRIVER -DSTM32WBA52xx -c -I../Core/Inc -I../Drivers/STM32WBAxx_HAL_Driver/Inc -I../Drivers/STM32WBAxx_HAL_Driver/Inc/Legacy -I../Drivers/CMSIS/Device/ST/STM32WBAxx/Include -I../Drivers/CMSIS/Include -O0 -ffunction-sections -fdata-sections -Wall -fstack-usage -fcyclomatic-complexity -MMD -MP -MF"Core/Src/main.d" -MT"Core/Src/main.o" --specs=nano.specs -mfpu=fpv5-sp-d16 -mfloat-abi=hard -mthumb -o "Core/Src/main.o"
arm-none-eabi-gcc "../Core/Src/stm32wbaxx_hal_msp.c" -mcpu=cortex-m33 -std=gnu11 -g3 -DDEBUG -DUSE_HAL_DRIVER -DSTM32WBA52xx -c -I../Core/Inc -I../Drivers/STM32WBAxx_HAL_Driver/Inc -I../Drivers/STM32WBAxx_HAL_Driver/Inc/Legacy -I../Drivers/CMSIS/Device/ST/STM32WBAxx/Include -I../Drivers/CMSIS/Include -O0 -ffunction-sections -fdata-sections -Wall -fstack-usage -fcyclomatic-complexity -MMD -MP -MF"Core/Src/stm32wbaxx_hal_msp.d" -MT"Core/Src/stm32wbaxx_hal_msp.o" --specs=nano.specs -mfpu=fpv5-sp-d16 -mfloat-abi=hard -mthumb -o "Core/Src/stm32wbaxx_hal_msp.o"
arm-none-eabi-gcc "../Core/Src/stm32wbaxx_it.c" -mcpu=cortex-m33 -std=gnu11 -g3 -DDEBUG -DUSE_HAL_DRIVER -DSTM32WBA52xx -c -I../Core/Inc -I../Drivers/STM32WBAxx_HAL_Driver/Inc -I../Drivers/STM32WBAxx_HAL_Driver/Inc/Legacy -I../Drivers/CMSIS/Device/ST/STM32WBAxx/Include -I../Drivers/CMSIS/Include -O0 -ffunction-sections -fdata-sections -Wall -fstack-usage -fcyclomatic-complexity -MMD -MP -MF"Core/Src/stm32wbaxx_it.d" -MT"Core/Src/stm32wbaxx_it.o" --specs=nano.specs -mfpu=fpv5-sp-d16 -mfloat-abi=hard -mthumb -o "Core/Src/stm32wbaxx_it.o"
arm-none-eabi-gcc "../Core/Src/syscalls.c" -mcpu=cortex-m33 -std=gnu11 -g3 -DDEBUG -DUSE_HAL_DRIVER -DSTM32WBA52xx -c -I../Core/Inc -I../Drivers/STM32WBAxx_HAL_Driver/Inc -I../Drivers/STM32WBAxx_HAL_Driver/Inc/Legacy -I../Drivers/CMSIS/Device/ST/STM32WBAxx/Include -I../Drivers/CMSIS/Include -O0 -ffunction-sections -fdata-sections -Wall -fstack-usage -fcyclomatic-complexity -MMD -MP -MF"Core/Src/syscalls.d" -MT"Core/Src/syscalls.o" --specs=nano.specs -mfpu=fpv5-sp-d16 -mfloat-abi=hard -mthumb -o "Core/Src/syscalls.o"
arm-none-eabi-gcc "../Core/Src/sysmem.c" -mcpu=cortex-m33 -std=gnu11 -g3 -DDEBUG -DUSE_HAL_DRIVER -DSTM32WBA52xx -c -I../Core/Inc -I../Drivers/STM32WBAxx_HAL_Driver/Inc -I../Drivers/STM32WBAxx_HAL_Driver/Inc/Legacy -I../Drivers/CMSIS/Device/ST/STM32WBAxx/Include -I../Drivers/CMSIS/Include -O0 -ffunction-sections -fdata-sections -Wall -fstack-usage -fcyclomatic-complexity -MMD -MP -MF"Core/Src/sysmem.d" -MT"Core/Src/sysmem.o" --specs=nano.specs -mfpu=fpv5-sp-d16 -mfloat-abi=hard -mthumb -o "Core/Src/sysmem.o"
arm-none-eabi-gcc "../Core/Src/system_stm32wbaxx.c" -mcpu=cortex-m33 -std=gnu11 -g3 -DDEBUG -DUSE_HAL_DRIVER -DSTM32WBA52xx -c -I../Core/Inc -I../Drivers/STM32WBAxx_HAL_Driver/Inc -I../Drivers/STM32WBAxx_HAL_Driver/Inc/Legacy -I../Drivers/CMSIS/Device/ST/STM32WBAxx/Include -I../Drivers/CMSIS/Include -O0 -ffunction-sections -fdata-sections -Wall -fstack-usage -fcyclomatic-complexity -MMD -MP -MF"Core/Src/system_stm32wbaxx.d" -MT"Core/Src/system_stm32wbaxx.o" --specs=nano.specs -mfpu=fpv5-sp-d16 -mfloat-abi=hard -mthumb -o "Core/Src/system_stm32wbaxx.o"
In file included from ../Core/Inc/stm32wbaxx_hal_conf.h:303,
                 from ../Drivers/STM32WBAxx_HAL_Driver/Inc/stm32wbaxx_hal.h:29,
                 from ../Core/Inc/main.h:30,
                 from ../Core/Src/main.c:20:
../Core/Src/main.c: In function 'delay':
../Core/Src/main.c:67:32: error: 'htim1' undeclared (first use in this function); did you mean 'htim3'?
   67 |         __HAL_TIM_SET_COUNTER(&htim1, 0);
      |                                ^~~~~
../Drivers/STM32WBAxx_HAL_Driver/Inc/stm32wbaxx_hal_tim.h:1527:59: note: in definition of macro '__HAL_TIM_SET_COUNTER'
 1527 | #define __HAL_TIM_SET_COUNTER(__HANDLE__, __COUNTER__)  ((__HANDLE__)->Instance->CNT = (__COUNTER__))
      |                                                           ^~~~~~~~~~
../Core/Src/main.c:67:32: note: each undeclared identifier is reported only once for each function it appears in
   67 |         __HAL_TIM_SET_COUNTER(&htim1, 0);
      |                                ^~~~~
../Drivers/STM32WBAxx_HAL_Driver/Inc/stm32wbaxx_hal_tim.h:1527:59: note: in definition of macro '__HAL_TIM_SET_COUNTER'
 1527 | #define __HAL_TIM_SET_COUNTER(__HANDLE__, __COUNTER__)  ((__HANDLE__)->Instance->CNT = (__COUNTER__))
      |                                                           ^~~~~~~~~~
../Core/Src/main.c: In function 'Display_Temp':
../Core/Src/main.c:74:9: warning: implicit declaration of function 'lcd_put_cur' [-Wimplicit-function-declaration]
   74 |         lcd_put_cur(0, 0);
      |         ^~~~~~~~~~~
../Core/Src/main.c:76:9: warning: implicit declaration of function 'sprintf' [-Wimplicit-function-declaration]
   76 |         sprintf (str, "TEMP:- %.2f ", Temp);
      |         ^~~~~~~
../Core/Src/main.c:21:1: note: include '<stdio.h>' or provide a declaration of 'sprintf'
   20 | #include "main.h"
  +++ |+#include <stdio.h>
   21 | 
../Core/Src/main.c:76:9: warning: incompatible implicit declaration of built-in function 'sprintf' [-Wbuiltin-declaration-mismatch]
   76 |         sprintf (str, "TEMP:- %.2f ", Temp);
      |         ^~~~~~~
../Core/Src/main.c:76:9: note: include '<stdio.h>' or provide a declaration of 'sprintf'
../Core/Src/main.c:77:9: warning: implicit declaration of function 'lcd_send_string' [-Wimplicit-function-declaration]
   77 |         lcd_send_string(str);
      |         ^~~~~~~~~~~~~~~
../Core/Src/main.c:78:9: warning: implicit declaration of function 'lcd_send_data' [-Wimplicit-function-declaration]
   78 |         lcd_send_data('C');
      |         ^~~~~~~~~~~~~
../Core/Src/main.c: In function 'Display_Rh':
../Core/Src/main.c:86:9: warning: incompatible implicit declaration of built-in function 'sprintf' [-Wbuiltin-declaration-mismatch]
   86 |         sprintf (str, "RH:- %.2f ", Rh);
      |         ^~~~~~~
../Core/Src/main.c:86:9: note: include '<stdio.h>' or provide a declaration of 'sprintf'
../Core/Src/main.c: In function 'main':
../Core/Src/main.c:198:23: error: 'htim6' undeclared (first use in this function); did you mean 'htim3'?
  198 |   HAL_TIM_Base_Start(&htim6);
      |                       ^~~~~
      |                       htim3
../Core/Src/main.c:200:5: warning: implicit declaration of function 'lcd_init' [-Wimplicit-function-declaration]
  200 |     lcd_init();
      |     ^~~~~~~~
../Core/Src/main.c:203:5: warning: implicit declaration of function 'lcd_clear' [-Wimplicit-function-declaration]
  203 |     lcd_clear ();
      |     ^~~~~~~~~
make: *** [Core/Src/subdir.mk:34: Core/Src/main.o] Error 1
make: *** Waiting for unfinished jobs....
"make -j12 all" terminated with exit code 2. Build might be incomplete.
20:23:23 **** Incremental Build of configuration Debug for project STM32F4_DHT11_22_DS18B20 ****
make -j12 all 
arm-none-eabi-gcc "../Core/Src/main.c" -mcpu=cortex-m4 -std=gnu11 -g3 -DDEBUG -DUSE_HAL_DRIVER -DSTM32F446xx -c -I../Core/Inc -I../Drivers/STM32F4xx_HAL_Driver/Inc -I../Drivers/STM32F4xx_HAL_Driver/Inc/Legacy -I../Drivers/CMSIS/Device/ST/STM32F4xx/Include -I../Drivers/CMSIS/Include -O0 -ffunction-sections -fdata-sections -Wall -fstack-usage -fcyclomatic-complexity -MMD -MP -MF"Core/Src/main.d" -MT"Core/Src/main.o" --specs=nano.specs -mfpu=fpv4-sp-d16 -mfloat-abi=hard -mthumb -o "Core/Src/main.o"
arm-none-eabi-gcc "../Core/Src/system_stm32f4xx.c" -mcpu=cortex-m4 -std=gnu11 -g3 -DDEBUG -DUSE_HAL_DRIVER -DSTM32F446xx -c -I../Core/Inc -I../Drivers/STM32F4xx_HAL_Driver/Inc -I../Drivers/STM32F4xx_HAL_Driver/Inc/Legacy -I../Drivers/CMSIS/Device/ST/STM32F4xx/Include -I../Drivers/CMSIS/Include -O0 -ffunction-sections -fdata-sections -Wall -fstack-usage -fcyclomatic-complexity -MMD -MP -MF"Core/Src/system_stm32f4xx.d" -MT"Core/Src/system_stm32f4xx.o" --specs=nano.specs -mfpu=fpv4-sp-d16 -mfloat-abi=hard -mthumb -o "Core/Src/system_stm32f4xx.o"
../Core/Src/main.c:24:10: fatal error: i2c-lcd.h: No such file or directory
   24 | #include "i2c-lcd.h"
      |          ^~~~~~~~~~~
compilation terminated.
make: *** [Core/Src/subdir.mk:34: Core/Src/main.o] Error 1
make: *** Waiting for unfinished jobs....
"make -j12 all" terminated with exit code 2. Build might be incomplete.
20:23:24 **** Incremental Build of configuration Debug for project ddht ****
make -j12 all 
arm-none-eabi-gcc "../Core/Src/i2c-lcd.c" -mcpu=cortex-m33 -std=gnu11 -g3 -DDEBUG -DUSE_HAL_DRIVER -DSTM32WBA52xx -c -I../Core/Inc -I../Drivers/STM32WBAxx_HAL_Driver/Inc -I../Drivers/STM32WBAxx_HAL_Driver/Inc/Legacy -I../Drivers/CMSIS/Device/ST/STM32WBAxx/Include -I../Drivers/CMSIS/Include -O0 -ffunction-sections -fdata-sections -Wall -fstack-usage -fcyclomatic-complexity -MMD -MP -MF"Core/Src/i2c-lcd.d" -MT"Core/Src/i2c-lcd.o" --specs=nano.specs -mfpu=fpv5-sp-d16 -mfloat-abi=hard -mthumb -o "Core/Src/i2c-lcd.o"
arm-none-eabi-gcc "../Core/Src/main.c" -mcpu=cortex-m33 -std=gnu11 -g3 -DDEBUG -DUSE_HAL_DRIVER -DSTM32WBA52xx -c -I../Core/Inc -I../Drivers/STM32WBAxx_HAL_Driver/Inc -I../Drivers/STM32WBAxx_HAL_Driver/Inc/Legacy -I../Drivers/CMSIS/Device/ST/STM32WBAxx/Include -I../Drivers/CMSIS/Include -O0 -ffunction-sections -fdata-sections -Wall -fstack-usage -fcyclomatic-complexity -MMD -MP -MF"Core/Src/main.d" -MT"Core/Src/main.o" --specs=nano.specs -mfpu=fpv5-sp-d16 -mfloat-abi=hard -mthumb -o "Core/Src/main.o"
arm-none-eabi-gcc "../Core/Src/stm32wbaxx_hal_msp.c" -mcpu=cortex-m33 -std=gnu11 -g3 -DDEBUG -DUSE_HAL_DRIVER -DSTM32WBA52xx -c -I../Core/Inc -I../Drivers/STM32WBAxx_HAL_Driver/Inc -I../Drivers/STM32WBAxx_HAL_Driver/Inc/Legacy -I../Drivers/CMSIS/Device/ST/STM32WBAxx/Include -I../Drivers/CMSIS/Include -O0 -ffunction-sections -fdata-sections -Wall -fstack-usage -fcyclomatic-complexity -MMD -MP -MF"Core/Src/stm32wbaxx_hal_msp.d" -MT"Core/Src/stm32wbaxx_hal_msp.o" --specs=nano.specs -mfpu=fpv5-sp-d16 -mfloat-abi=hard -mthumb -o "Core/Src/stm32wbaxx_hal_msp.o"
arm-none-eabi-gcc "../Core/Src/stm32wbaxx_it.c" -mcpu=cortex-m33 -std=gnu11 -g3 -DDEBUG -DUSE_HAL_DRIVER -DSTM32WBA52xx -c -I../Core/Inc -I../Drivers/STM32WBAxx_HAL_Driver/Inc -I../Drivers/STM32WBAxx_HAL_Driver/Inc/Legacy -I../Drivers/CMSIS/Device/ST/STM32WBAxx/Include -I../Drivers/CMSIS/Include -O0 -ffunction-sections -fdata-sections -Wall -fstack-usage -fcyclomatic-complexity -MMD -MP -MF"Core/Src/stm32wbaxx_it.d" -MT"Core/Src/stm32wbaxx_it.o" --specs=nano.specs -mfpu=fpv5-sp-d16 -mfloat-abi=hard -mthumb -o "Core/Src/stm32wbaxx_it.o"
arm-none-eabi-gcc "../Core/Src/syscalls.c" -mcpu=cortex-m33 -std=gnu11 -g3 -DDEBUG -DUSE_HAL_DRIVER -DSTM32WBA52xx -c -I../Core/Inc -I../Drivers/STM32WBAxx_HAL_Driver/Inc -I../Drivers/STM32WBAxx_HAL_Driver/Inc/Legacy -I../Drivers/CMSIS/Device/ST/STM32WBAxx/Include -I../Drivers/CMSIS/Include -O0 -ffunction-sections -fdata-sections -Wall -fstack-usage -fcyclomatic-complexity -MMD -MP -MF"Core/Src/syscalls.d" -MT"Core/Src/syscalls.o" --specs=nano.specs -mfpu=fpv5-sp-d16 -mfloat-abi=hard -mthumb -o "Core/Src/syscalls.o"
arm-none-eabi-gcc "../Core/Src/sysmem.c" -mcpu=cortex-m33 -std=gnu11 -g3 -DDEBUG -DUSE_HAL_DRIVER -DSTM32WBA52xx -c -I../Core/Inc -I../Drivers/STM32WBAxx_HAL_Driver/Inc -I../Drivers/STM32WBAxx_HAL_Driver/Inc/Legacy -I../Drivers/CMSIS/Device/ST/STM32WBAxx/Include -I../Drivers/CMSIS/Include -O0 -ffunction-sections -fdata-sections -Wall -fstack-usage -fcyclomatic-complexity -MMD -MP -MF"Core/Src/sysmem.d" -MT"Core/Src/sysmem.o" --specs=nano.specs -mfpu=fpv5-sp-d16 -mfloat-abi=hard -mthumb -o "Core/Src/sysmem.o"
arm-none-eabi-gcc "../Core/Src/system_stm32wbaxx.c" -mcpu=cortex-m33 -std=gnu11 -g3 -DDEBUG -DUSE_HAL_DRIVER -DSTM32WBA52xx -c -I../Core/Inc -I../Drivers/STM32WBAxx_HAL_Driver/Inc -I../Drivers/STM32WBAxx_HAL_Driver/Inc/Legacy -I../Drivers/CMSIS/Device/ST/STM32WBAxx/Include -I../Drivers/CMSIS/Include -O0 -ffunction-sections -fdata-sections -Wall -fstack-usage -fcyclomatic-complexity -MMD -MP -MF"Core/Src/system_stm32wbaxx.d" -MT"Core/Src/system_stm32wbaxx.o" --specs=nano.specs -mfpu=fpv5-sp-d16 -mfloat-abi=hard -mthumb -o "Core/Src/system_stm32wbaxx.o"
In file included from ../Core/Inc/stm32wbaxx_hal_conf.h:303,
                 from ../Drivers/STM32WBAxx_HAL_Driver/Inc/stm32wbaxx_hal.h:29,
                 from ../Core/Inc/main.h:30,
                 from ../Core/Src/main.c:20:
../Core/Src/main.c: In function 'delay':
../Core/Src/main.c:68:32: error: 'htim1' undeclared (first use in this function); did you mean 'htim3'?
   68 |         __HAL_TIM_SET_COUNTER(&htim1, 0);
      |                                ^~~~~
../Drivers/STM32WBAxx_HAL_Driver/Inc/stm32wbaxx_hal_tim.h:1527:59: note: in definition of macro '__HAL_TIM_SET_COUNTER'
 1527 | #define __HAL_TIM_SET_COUNTER(__HANDLE__, __COUNTER__)  ((__HANDLE__)->Instance->CNT = (__COUNTER__))
      |                                                           ^~~~~~~~~~
../Core/Src/main.c:68:32: note: each undeclared identifier is reported only once for each function it appears in
   68 |         __HAL_TIM_SET_COUNTER(&htim1, 0);
      |                                ^~~~~
../Drivers/STM32WBAxx_HAL_Driver/Inc/stm32wbaxx_hal_tim.h:1527:59: note: in definition of macro '__HAL_TIM_SET_COUNTER'
 1527 | #define __HAL_TIM_SET_COUNTER(__HANDLE__, __COUNTER__)  ((__HANDLE__)->Instance->CNT = (__COUNTER__))
      |                                                           ^~~~~~~~~~
../Core/Src/main.c: In function 'main':
../Core/Src/main.c:199:23: error: 'htim6' undeclared (first use in this function); did you mean 'htim3'?
  199 |   HAL_TIM_Base_Start(&htim6);
      |                       ^~~~~
      |                       htim3
make: *** [Core/Src/subdir.mk:37: Core/Src/main.o] Error 1
make: *** Waiting for unfinished jobs....
"make -j12 all" terminated with exit code 2. Build might be incomplete.
20:24:12 **** Incremental Build of configuration Debug for project STM32F4_DHT11_22_DS18B20 ****
make -j12 all 
arm-none-eabi-gcc "../Core/Src/main.c" -mcpu=cortex-m4 -std=gnu11 -g3 -DDEBUG -DUSE_HAL_DRIVER -DSTM32F446xx -c -I../Core/Inc -I../Drivers/STM32F4xx_HAL_Driver/Inc -I../Drivers/STM32F4xx_HAL_Driver/Inc/Legacy -I../Drivers/CMSIS/Device/ST/STM32F4xx/Include -I../Drivers/CMSIS/Include -O0 -ffunction-sections -fdata-sections -Wall -fstack-usage -fcyclomatic-complexity -MMD -MP -MF"Core/Src/main.d" -MT"Core/Src/main.o" --specs=nano.specs -mfpu=fpv4-sp-d16 -mfloat-abi=hard -mthumb -o "Core/Src/main.o"
../Core/Src/main.c:24:10: fatal error: i2c-lcd.h: No such file or directory
   24 | #include "i2c-lcd.h"
      |          ^~~~~~~~~~~
compilation terminated.
make: *** [Core/Src/subdir.mk:34: Core/Src/main.o] Error 1
"make -j12 all" terminated with exit code 2. Build might be incomplete.
20:24:13 **** Incremental Build of configuration Debug for project ddht ****
make -j12 all 
arm-none-eabi-gcc "../Core/Src/main.c" -mcpu=cortex-m33 -std=gnu11 -g3 -DDEBUG -DUSE_HAL_DRIVER -DSTM32WBA52xx -c -I../Core/Inc -I../Drivers/STM32WBAxx_HAL_Driver/Inc -I../Drivers/STM32WBAxx_HAL_Driver/Inc/Legacy -I../Drivers/CMSIS/Device/ST/STM32WBAxx/Include -I../Drivers/CMSIS/Include -O0 -ffunction-sections -fdata-sections -Wall -fstack-usage -fcyclomatic-complexity -MMD -MP -MF"Core/Src/main.d" -MT"Core/Src/main.o" --specs=nano.specs -mfpu=fpv5-sp-d16 -mfloat-abi=hard -mthumb -o "Core/Src/main.o"
arm-none-eabi-gcc -o "ddht.elf" @"objects.list"   -mcpu=cortex-m33 -T"D:\Micro_Controller\STM32\Projects\LCD_Projects1\ddht\STM32WBA52CGUX_FLASH.ld" --specs=nosys.specs -Wl,-Map="ddht.map" -Wl,--gc-sections -static --specs=nano.specs -mfpu=fpv5-sp-d16 -mfloat-abi=hard -mthumb -u _printf_float -Wl,--start-group -lc -lm -Wl,--end-group
Finished building target: ddht.elf
 
arm-none-eabi-size  ddht.elf 
arm-none-eabi-objdump -h -S ddht.elf  > "ddht.list"
   text	   data	    bss	    dec	    hex	filename
  28656	    468	   2092	  31216	   79f0	ddht.elf
Finished building: default.size.stdout
 
Finished building: ddht.list
 
20:25:27 **** Incremental Build of configuration Debug for project ddht ****
make -j12 all 
arm-none-eabi-size  ddht.elf 
   text	   data	    bss	    dec	    hex	filename
  28656	    468	   2092	  31216	   79f0	ddht.elf
Finished building: default.size.stdout
 
20:29:15 **** Incremental Build of configuration Debug for project ddht ****
make -j12 all 
arm-none-eabi-gcc "../Core/Src/i2c-lcd.c" -mcpu=cortex-m33 -std=gnu11 -g3 -DDEBUG -DUSE_HAL_DRIVER -DSTM32WBA52xx -c -I../Core/Inc -I../Drivers/STM32WBAxx_HAL_Driver/Inc -I../Drivers/STM32WBAxx_HAL_Driver/Inc/Legacy -I../Drivers/CMSIS/Device/ST/STM32WBAxx/Include -I../Drivers/CMSIS/Include -O0 -ffunction-sections -fdata-sections -Wall -fstack-usage -fcyclomatic-complexity -MMD -MP -MF"Core/Src/i2c-lcd.d" -MT"Core/Src/i2c-lcd.o" --specs=nano.specs -mfpu=fpv5-sp-d16 -mfloat-abi=hard -mthumb -o "Core/Src/i2c-lcd.o"
arm-none-eabi-gcc "../Core/Src/main.c" -mcpu=cortex-m33 -std=gnu11 -g3 -DDEBUG -DUSE_HAL_DRIVER -DSTM32WBA52xx -c -I../Core/Inc -I../Drivers/STM32WBAxx_HAL_Driver/Inc -I../Drivers/STM32WBAxx_HAL_Driver/Inc/Legacy -I../Drivers/CMSIS/Device/ST/STM32WBAxx/Include -I../Drivers/CMSIS/Include -O0 -ffunction-sections -fdata-sections -Wall -fstack-usage -fcyclomatic-complexity -MMD -MP -MF"Core/Src/main.d" -MT"Core/Src/main.o" --specs=nano.specs -mfpu=fpv5-sp-d16 -mfloat-abi=hard -mthumb -o "Core/Src/main.o"
arm-none-eabi-gcc "../Core/Src/stm32wbaxx_hal_msp.c" -mcpu=cortex-m33 -std=gnu11 -g3 -DDEBUG -DUSE_HAL_DRIVER -DSTM32WBA52xx -c -I../Core/Inc -I../Drivers/STM32WBAxx_HAL_Driver/Inc -I../Drivers/STM32WBAxx_HAL_Driver/Inc/Legacy -I../Drivers/CMSIS/Device/ST/STM32WBAxx/Include -I../Drivers/CMSIS/Include -O0 -ffunction-sections -fdata-sections -Wall -fstack-usage -fcyclomatic-complexity -MMD -MP -MF"Core/Src/stm32wbaxx_hal_msp.d" -MT"Core/Src/stm32wbaxx_hal_msp.o" --specs=nano.specs -mfpu=fpv5-sp-d16 -mfloat-abi=hard -mthumb -o "Core/Src/stm32wbaxx_hal_msp.o"
arm-none-eabi-gcc "../Core/Src/stm32wbaxx_it.c" -mcpu=cortex-m33 -std=gnu11 -g3 -DDEBUG -DUSE_HAL_DRIVER -DSTM32WBA52xx -c -I../Core/Inc -I../Drivers/STM32WBAxx_HAL_Driver/Inc -I../Drivers/STM32WBAxx_HAL_Driver/Inc/Legacy -I../Drivers/CMSIS/Device/ST/STM32WBAxx/Include -I../Drivers/CMSIS/Include -O0 -ffunction-sections -fdata-sections -Wall -fstack-usage -fcyclomatic-complexity -MMD -MP -MF"Core/Src/stm32wbaxx_it.d" -MT"Core/Src/stm32wbaxx_it.o" --specs=nano.specs -mfpu=fpv5-sp-d16 -mfloat-abi=hard -mthumb -o "Core/Src/stm32wbaxx_it.o"
../Core/Src/main.c: In function 'Display_Temp':
../Core/Src/main.c:76:9: warning: implicit declaration of function 'sprintf' [-Wimplicit-function-declaration]
   76 |         sprintf (str, "TEMP:- %.2f ", Temp);
      |         ^~~~~~~
../Core/Src/main.c:22:1: note: include '<stdio.h>' or provide a declaration of 'sprintf'
   21 | #include "i2c-lcd.h"
  +++ |+#include <stdio.h>
   22 | /* Private includes ----------------------------------------------------------*/
../Core/Src/main.c:76:9: warning: incompatible implicit declaration of built-in function 'sprintf' [-Wbuiltin-declaration-mismatch]
   76 |         sprintf (str, "TEMP:- %.2f ", Temp);
      |         ^~~~~~~
../Core/Src/main.c:76:9: note: include '<stdio.h>' or provide a declaration of 'sprintf'
../Core/Src/main.c: In function 'Display_Rh':
../Core/Src/main.c:86:9: warning: incompatible implicit declaration of built-in function 'sprintf' [-Wbuiltin-declaration-mismatch]
   86 |         sprintf (str, "RH:- %.2f ", Rh);
      |         ^~~~~~~
../Core/Src/main.c:86:9: note: include '<stdio.h>' or provide a declaration of 'sprintf'
arm-none-eabi-gcc -o "ddht.elf" @"objects.list"   -mcpu=cortex-m33 -T"D:\Micro_Controller\STM32\Projects\LCD_Projects1\ddht\STM32WBA52CGUX_FLASH.ld" --specs=nosys.specs -Wl,-Map="ddht.map" -Wl,--gc-sections -static --specs=nano.specs -mfpu=fpv5-sp-d16 -mfloat-abi=hard -mthumb -u _printf_float -Wl,--start-group -lc -lm -Wl,--end-group
Finished building target: ddht.elf
 
arm-none-eabi-size  ddht.elf 
arm-none-eabi-objdump -h -S ddht.elf  > "ddht.list"
   text	   data	    bss	    dec	    hex	filename
  28608	    468	   2092	  31168	   79c0	ddht.elf
Finished building: default.size.stdout
 
Finished building: ddht.list
 
20:30:04 **** Incremental Build of configuration Debug for project ddht ****
make -j12 all 
arm-none-eabi-gcc "../Core/Src/main.c" -mcpu=cortex-m33 -std=gnu11 -g3 -DDEBUG -DUSE_HAL_DRIVER -DSTM32WBA52xx -c -I../Core/Inc -I../Drivers/STM32WBAxx_HAL_Driver/Inc -I../Drivers/STM32WBAxx_HAL_Driver/Inc/Legacy -I../Drivers/CMSIS/Device/ST/STM32WBAxx/Include -I../Drivers/CMSIS/Include -O0 -ffunction-sections -fdata-sections -Wall -fstack-usage -fcyclomatic-complexity -MMD -MP -MF"Core/Src/main.d" -MT"Core/Src/main.o" --specs=nano.specs -mfpu=fpv5-sp-d16 -mfloat-abi=hard -mthumb -o "Core/Src/main.o"
arm-none-eabi-gcc -o "ddht.elf" @"objects.list"   -mcpu=cortex-m33 -T"D:\Micro_Controller\STM32\Projects\LCD_Projects1\ddht\STM32WBA52CGUX_FLASH.ld" --specs=nosys.specs -Wl,-Map="ddht.map" -Wl,--gc-sections -static --specs=nano.specs -mfpu=fpv5-sp-d16 -mfloat-abi=hard -mthumb -u _printf_float -Wl,--start-group -lc -lm -Wl,--end-group
Finished building target: ddht.elf
 
arm-none-eabi-size  ddht.elf 
arm-none-eabi-objdump -h -S ddht.elf  > "ddht.list"
   text	   data	    bss	    dec	    hex	filename
  28608	    468	   2092	  31168	   79c0	ddht.elf
Finished building: default.size.stdout
 
Finished building: ddht.list
 
20:32:29 **** Incremental Build of configuration Debug for project ddht ****
make -j12 all 
arm-none-eabi-gcc "../Core/Src/main.c" -mcpu=cortex-m33 -std=gnu11 -g3 -DDEBUG -DUSE_HAL_DRIVER -DSTM32WBA52xx -c -I../Core/Inc -I../Drivers/STM32WBAxx_HAL_Driver/Inc -I../Drivers/STM32WBAxx_HAL_Driver/Inc/Legacy -I../Drivers/CMSIS/Device/ST/STM32WBAxx/Include -I../Drivers/CMSIS/Include -O0 -ffunction-sections -fdata-sections -Wall -fstack-usage -fcyclomatic-complexity -MMD -MP -MF"Core/Src/main.d" -MT"Core/Src/main.o" --specs=nano.specs -mfpu=fpv5-sp-d16 -mfloat-abi=hard -mthumb -o "Core/Src/main.o"
arm-none-eabi-gcc -o "ddht.elf" @"objects.list"   -mcpu=cortex-m33 -T"D:\Micro_Controller\STM32\Projects\LCD_Projects1\ddht\STM32WBA52CGUX_FLASH.ld" --specs=nosys.specs -Wl,-Map="ddht.map" -Wl,--gc-sections -static --specs=nano.specs -mfpu=fpv5-sp-d16 -mfloat-abi=hard -mthumb -u _printf_float -Wl,--start-group -lc -lm -Wl,--end-group
Finished building target: ddht.elf
 
arm-none-eabi-size  ddht.elf 
arm-none-eabi-objdump -h -S ddht.elf  > "ddht.list"
   text	   data	    bss	    dec	    hex	filename
  28608	    468	   2092	  31168	   79c0	ddht.elf
Finished building: default.size.stdout
 
Finished building: ddht.list
 
20:32:54 **** Incremental Build of configuration Debug for project ddht ****
make -j12 all 
arm-none-eabi-gcc "../Core/Src/main.c" -mcpu=cortex-m33 -std=gnu11 -g3 -DDEBUG -DUSE_HAL_DRIVER -DSTM32WBA52xx -c -I../Core/Inc -I../Drivers/STM32WBAxx_HAL_Driver/Inc -I../Drivers/STM32WBAxx_HAL_Driver/Inc/Legacy -I../Drivers/CMSIS/Device/ST/STM32WBAxx/Include -I../Drivers/CMSIS/Include -O0 -ffunction-sections -fdata-sections -Wall -fstack-usage -fcyclomatic-complexity -MMD -MP -MF"Core/Src/main.d" -MT"Core/Src/main.o" --specs=nano.specs -mfpu=fpv5-sp-d16 -mfloat-abi=hard -mthumb -o "Core/Src/main.o"
arm-none-eabi-gcc -o "ddht.elf" @"objects.list"   -mcpu=cortex-m33 -T"D:\Micro_Controller\STM32\Projects\LCD_Projects1\ddht\STM32WBA52CGUX_FLASH.ld" --specs=nosys.specs -Wl,-Map="ddht.map" -Wl,--gc-sections -static --specs=nano.specs -mfpu=fpv5-sp-d16 -mfloat-abi=hard -mthumb -u _printf_float -Wl,--start-group -lc -lm -Wl,--end-group
Finished building target: ddht.elf
 
arm-none-eabi-size  ddht.elf 
arm-none-eabi-objdump -h -S ddht.elf  > "ddht.list"
   text	   data	    bss	    dec	    hex	filename
  28608	    468	   2092	  31168	   79c0	ddht.elf
Finished building: default.size.stdout
 
Finished building: ddht.list
 
20:34:35 **** Incremental Build of configuration Debug for project ddht ****
make -j12 all 
arm-none-eabi-gcc "../Core/Src/main.c" -mcpu=cortex-m33 -std=gnu11 -g3 -DDEBUG -DUSE_HAL_DRIVER -DSTM32WBA52xx -c -I../Core/Inc -I../Drivers/STM32WBAxx_HAL_Driver/Inc -I../Drivers/STM32WBAxx_HAL_Driver/Inc/Legacy -I../Drivers/CMSIS/Device/ST/STM32WBAxx/Include -I../Drivers/CMSIS/Include -O0 -ffunction-sections -fdata-sections -Wall -fstack-usage -fcyclomatic-complexity -MMD -MP -MF"Core/Src/main.d" -MT"Core/Src/main.o" --specs=nano.specs -mfpu=fpv5-sp-d16 -mfloat-abi=hard -mthumb -o "Core/Src/main.o"
arm-none-eabi-gcc -o "ddht.elf" @"objects.list"   -mcpu=cortex-m33 -T"D:\Micro_Controller\STM32\Projects\LCD_Projects1\ddht\STM32WBA52CGUX_FLASH.ld" --specs=nosys.specs -Wl,-Map="ddht.map" -Wl,--gc-sections -static --specs=nano.specs -mfpu=fpv5-sp-d16 -mfloat-abi=hard -mthumb -u _printf_float -Wl,--start-group -lc -lm -Wl,--end-group
Finished building target: ddht.elf
 
arm-none-eabi-size  ddht.elf 
arm-none-eabi-objdump -h -S ddht.elf  > "ddht.list"
   text	   data	    bss	    dec	    hex	filename
  28608	    468	   2092	  31168	   79c0	ddht.elf
Finished building: default.size.stdout
 
Finished building: ddht.list
 
20:35:09 **** Incremental Build of configuration Debug for project ddht ****
make -j12 all 
arm-none-eabi-gcc "../Core/Src/main.c" -mcpu=cortex-m33 -std=gnu11 -g3 -DDEBUG -DUSE_HAL_DRIVER -DSTM32WBA52xx -c -I../Core/Inc -I../Drivers/STM32WBAxx_HAL_Driver/Inc -I../Drivers/STM32WBAxx_HAL_Driver/Inc/Legacy -I../Drivers/CMSIS/Device/ST/STM32WBAxx/Include -I../Drivers/CMSIS/Include -O0 -ffunction-sections -fdata-sections -Wall -fstack-usage -fcyclomatic-complexity -MMD -MP -MF"Core/Src/main.d" -MT"Core/Src/main.o" --specs=nano.specs -mfpu=fpv5-sp-d16 -mfloat-abi=hard -mthumb -o "Core/Src/main.o"
arm-none-eabi-gcc -o "ddht.elf" @"objects.list"   -mcpu=cortex-m33 -T"D:\Micro_Controller\STM32\Projects\LCD_Projects1\ddht\STM32WBA52CGUX_FLASH.ld" --specs=nosys.specs -Wl,-Map="ddht.map" -Wl,--gc-sections -static --specs=nano.specs -mfpu=fpv5-sp-d16 -mfloat-abi=hard -mthumb -u _printf_float -Wl,--start-group -lc -lm -Wl,--end-group
Finished building target: ddht.elf
 
arm-none-eabi-size  ddht.elf 
arm-none-eabi-objdump -h -S ddht.elf  > "ddht.list"
   text	   data	    bss	    dec	    hex	filename
  28608	    468	   2092	  31168	   79c0	ddht.elf
Finished building: default.size.stdout
 
Finished building: ddht.list
 
20:38:39 **** Incremental Build of configuration Debug for project ddht ****
make -j12 all 
arm-none-eabi-gcc "../Core/Src/main.c" -mcpu=cortex-m33 -std=gnu11 -g3 -DDEBUG -DUSE_HAL_DRIVER -DSTM32WBA52xx -c -I../Core/Inc -I../Drivers/STM32WBAxx_HAL_Driver/Inc -I../Drivers/STM32WBAxx_HAL_Driver/Inc/Legacy -I../Drivers/CMSIS/Device/ST/STM32WBAxx/Include -I../Drivers/CMSIS/Include -O0 -ffunction-sections -fdata-sections -Wall -fstack-usage -fcyclomatic-complexity -MMD -MP -MF"Core/Src/main.d" -MT"Core/Src/main.o" --specs=nano.specs -mfpu=fpv5-sp-d16 -mfloat-abi=hard -mthumb -o "Core/Src/main.o"
arm-none-eabi-gcc -o "ddht.elf" @"objects.list"   -mcpu=cortex-m33 -T"D:\Micro_Controller\STM32\Projects\LCD_Projects1\ddht\STM32WBA52CGUX_FLASH.ld" --specs=nosys.specs -Wl,-Map="ddht.map" -Wl,--gc-sections -static --specs=nano.specs -mfpu=fpv5-sp-d16 -mfloat-abi=hard -mthumb -u _printf_float -Wl,--start-group -lc -lm -Wl,--end-group
Finished building target: ddht.elf
 
arm-none-eabi-size  ddht.elf 
arm-none-eabi-objdump -h -S ddht.elf  > "ddht.list"
   text	   data	    bss	    dec	    hex	filename
  28664	    468	   2092	  31224	   79f8	ddht.elf
Finished building: default.size.stdout
 
Finished building: ddht.list
 
20:39:34 **** Incremental Build of configuration Debug for project ddht ****
make -j12 all 
arm-none-eabi-gcc "../Core/Src/main.c" -mcpu=cortex-m33 -std=gnu11 -g3 -DDEBUG -DUSE_HAL_DRIVER -DSTM32WBA52xx -c -I../Core/Inc -I../Drivers/STM32WBAxx_HAL_Driver/Inc -I../Drivers/STM32WBAxx_HAL_Driver/Inc/Legacy -I../Drivers/CMSIS/Device/ST/STM32WBAxx/Include -I../Drivers/CMSIS/Include -O0 -ffunction-sections -fdata-sections -Wall -fstack-usage -fcyclomatic-complexity -MMD -MP -MF"Core/Src/main.d" -MT"Core/Src/main.o" --specs=nano.specs -mfpu=fpv5-sp-d16 -mfloat-abi=hard -mthumb -o "Core/Src/main.o"
arm-none-eabi-gcc -o "ddht.elf" @"objects.list"   -mcpu=cortex-m33 -T"D:\Micro_Controller\STM32\Projects\LCD_Projects1\ddht\STM32WBA52CGUX_FLASH.ld" --specs=nosys.specs -Wl,-Map="ddht.map" -Wl,--gc-sections -static --specs=nano.specs -mfpu=fpv5-sp-d16 -mfloat-abi=hard -mthumb -u _printf_float -Wl,--start-group -lc -lm -Wl,--end-group
Finished building target: ddht.elf
 
arm-none-eabi-size  ddht.elf 
arm-none-eabi-objdump -h -S ddht.elf  > "ddht.list"
   text	   data	    bss	    dec	    hex	filename
  28664	    468	   2092	  31224	   79f8	ddht.elf
Finished building: default.size.stdout
 
Finished building: ddht.list
 
20:40:56 **** Incremental Build of configuration Debug for project ddht ****
make -j12 all 
arm-none-eabi-gcc "../Core/Src/main.c" -mcpu=cortex-m33 -std=gnu11 -g3 -DDEBUG -DUSE_HAL_DRIVER -DSTM32WBA52xx -c -I../Core/Inc -I../Drivers/STM32WBAxx_HAL_Driver/Inc -I../Drivers/STM32WBAxx_HAL_Driver/Inc/Legacy -I../Drivers/CMSIS/Device/ST/STM32WBAxx/Include -I../Drivers/CMSIS/Include -O0 -ffunction-sections -fdata-sections -Wall -fstack-usage -fcyclomatic-complexity -MMD -MP -MF"Core/Src/main.d" -MT"Core/Src/main.o" --specs=nano.specs -mfpu=fpv5-sp-d16 -mfloat-abi=hard -mthumb -o "Core/Src/main.o"
arm-none-eabi-gcc -o "ddht.elf" @"objects.list"   -mcpu=cortex-m33 -T"D:\Micro_Controller\STM32\Projects\LCD_Projects1\ddht\STM32WBA52CGUX_FLASH.ld" --specs=nosys.specs -Wl,-Map="ddht.map" -Wl,--gc-sections -static --specs=nano.specs -mfpu=fpv5-sp-d16 -mfloat-abi=hard -mthumb -u _printf_float -Wl,--start-group -lc -lm -Wl,--end-group
Finished building target: ddht.elf
 
arm-none-eabi-size  ddht.elf 
arm-none-eabi-objdump -h -S ddht.elf  > "ddht.list"
   text	   data	    bss	    dec	    hex	filename
  28656	    468	   2092	  31216	   79f0	ddht.elf
Finished building: default.size.stdout
 
Finished building: ddht.list
 
20:41:33 **** Incremental Build of configuration Debug for project ddht ****
make -j12 all 
arm-none-eabi-gcc "../Core/Src/main.c" -mcpu=cortex-m33 -std=gnu11 -g3 -DDEBUG -DUSE_HAL_DRIVER -DSTM32WBA52xx -c -I../Core/Inc -I../Drivers/STM32WBAxx_HAL_Driver/Inc -I../Drivers/STM32WBAxx_HAL_Driver/Inc/Legacy -I../Drivers/CMSIS/Device/ST/STM32WBAxx/Include -I../Drivers/CMSIS/Include -O0 -ffunction-sections -fdata-sections -Wall -fstack-usage -fcyclomatic-complexity -MMD -MP -MF"Core/Src/main.d" -MT"Core/Src/main.o" --specs=nano.specs -mfpu=fpv5-sp-d16 -mfloat-abi=hard -mthumb -o "Core/Src/main.o"
arm-none-eabi-gcc -o "ddht.elf" @"objects.list"   -mcpu=cortex-m33 -T"D:\Micro_Controller\STM32\Projects\LCD_Projects1\ddht\STM32WBA52CGUX_FLASH.ld" --specs=nosys.specs -Wl,-Map="ddht.map" -Wl,--gc-sections -static --specs=nano.specs -mfpu=fpv5-sp-d16 -mfloat-abi=hard -mthumb -u _printf_float -Wl,--start-group -lc -lm -Wl,--end-group
Finished building target: ddht.elf
 
arm-none-eabi-size  ddht.elf 
arm-none-eabi-objdump -h -S ddht.elf  > "ddht.list"
   text	   data	    bss	    dec	    hex	filename
  28680	    468	   2092	  31240	   7a08	ddht.elf
Finished building: default.size.stdout
 
Finished building: ddht.list
 
20:43:43 **** Incremental Build of configuration Debug for project ddht ****
make -j12 all 
arm-none-eabi-gcc "../Core/Src/main.c" -mcpu=cortex-m33 -std=gnu11 -g3 -DDEBUG -DUSE_HAL_DRIVER -DSTM32WBA52xx -c -I../Core/Inc -I../Drivers/STM32WBAxx_HAL_Driver/Inc -I../Drivers/STM32WBAxx_HAL_Driver/Inc/Legacy -I../Drivers/CMSIS/Device/ST/STM32WBAxx/Include -I../Drivers/CMSIS/Include -O0 -ffunction-sections -fdata-sections -Wall -fstack-usage -fcyclomatic-complexity -MMD -MP -MF"Core/Src/main.d" -MT"Core/Src/main.o" --specs=nano.specs -mfpu=fpv5-sp-d16 -mfloat-abi=hard -mthumb -o "Core/Src/main.o"
arm-none-eabi-gcc -o "ddht.elf" @"objects.list"   -mcpu=cortex-m33 -T"D:\Micro_Controller\STM32\Projects\LCD_Projects1\ddht\STM32WBA52CGUX_FLASH.ld" --specs=nosys.specs -Wl,-Map="ddht.map" -Wl,--gc-sections -static --specs=nano.specs -mfpu=fpv5-sp-d16 -mfloat-abi=hard -mthumb -u _printf_float -Wl,--start-group -lc -lm -Wl,--end-group
Finished building target: ddht.elf
 
arm-none-eabi-size  ddht.elf 
arm-none-eabi-objdump -h -S ddht.elf  > "ddht.list"
   text	   data	    bss	    dec	    hex	filename
  28632	    468	   2092	  31192	   79d8	ddht.elf
Finished building: default.size.stdout
 
Finished building: ddht.list
 
20:44:20 **** Incremental Build of configuration Debug for project ddht ****
make -j12 all 
arm-none-eabi-gcc "../Core/Src/main.c" -mcpu=cortex-m33 -std=gnu11 -g3 -DDEBUG -DUSE_HAL_DRIVER -DSTM32WBA52xx -c -I../Core/Inc -I../Drivers/STM32WBAxx_HAL_Driver/Inc -I../Drivers/STM32WBAxx_HAL_Driver/Inc/Legacy -I../Drivers/CMSIS/Device/ST/STM32WBAxx/Include -I../Drivers/CMSIS/Include -O0 -ffunction-sections -fdata-sections -Wall -fstack-usage -fcyclomatic-complexity -MMD -MP -MF"Core/Src/main.d" -MT"Core/Src/main.o" --specs=nano.specs -mfpu=fpv5-sp-d16 -mfloat-abi=hard -mthumb -o "Core/Src/main.o"
arm-none-eabi-gcc -o "ddht.elf" @"objects.list"   -mcpu=cortex-m33 -T"D:\Micro_Controller\STM32\Projects\LCD_Projects1\ddht\STM32WBA52CGUX_FLASH.ld" --specs=nosys.specs -Wl,-Map="ddht.map" -Wl,--gc-sections -static --specs=nano.specs -mfpu=fpv5-sp-d16 -mfloat-abi=hard -mthumb -u _printf_float -Wl,--start-group -lc -lm -Wl,--end-group
Finished building target: ddht.elf
 
arm-none-eabi-size  ddht.elf 
arm-none-eabi-objdump -h -S ddht.elf  > "ddht.list"
   text	   data	    bss	    dec	    hex	filename
  28640	    468	   2092	  31200	   79e0	ddht.elf
Finished building: default.size.stdout
 
Finished building: ddht.list
 
20:45:35 **** Incremental Build of configuration Debug for project ddht ****
make -j12 all 
arm-none-eabi-gcc "../Core/Src/main.c" -mcpu=cortex-m33 -std=gnu11 -g3 -DDEBUG -DUSE_HAL_DRIVER -DSTM32WBA52xx -c -I../Core/Inc -I../Drivers/STM32WBAxx_HAL_Driver/Inc -I../Drivers/STM32WBAxx_HAL_Driver/Inc/Legacy -I../Drivers/CMSIS/Device/ST/STM32WBAxx/Include -I../Drivers/CMSIS/Include -O0 -ffunction-sections -fdata-sections -Wall -fstack-usage -fcyclomatic-complexity -MMD -MP -MF"Core/Src/main.d" -MT"Core/Src/main.o" --specs=nano.specs -mfpu=fpv5-sp-d16 -mfloat-abi=hard -mthumb -o "Core/Src/main.o"
arm-none-eabi-gcc -o "ddht.elf" @"objects.list"   -mcpu=cortex-m33 -T"D:\Micro_Controller\STM32\Projects\LCD_Projects1\ddht\STM32WBA52CGUX_FLASH.ld" --specs=nosys.specs -Wl,-Map="ddht.map" -Wl,--gc-sections -static --specs=nano.specs -mfpu=fpv5-sp-d16 -mfloat-abi=hard -mthumb -u _printf_float -Wl,--start-group -lc -lm -Wl,--end-group
Finished building target: ddht.elf
 
arm-none-eabi-size  ddht.elf 
arm-none-eabi-objdump -h -S ddht.elf  > "ddht.list"
   text	   data	    bss	    dec	    hex	filename
  28360	    468	   2076	  30904	   78b8	ddht.elf
Finished building: default.size.stdout
 
Finished building: ddht.list
 
20:45:59 **** Incremental Build of configuration Debug for project ddht ****
make -j12 all 
arm-none-eabi-gcc "../Core/Src/main.c" -mcpu=cortex-m33 -std=gnu11 -g3 -DDEBUG -DUSE_HAL_DRIVER -DSTM32WBA52xx -c -I../Core/Inc -I../Drivers/STM32WBAxx_HAL_Driver/Inc -I../Drivers/STM32WBAxx_HAL_Driver/Inc/Legacy -I../Drivers/CMSIS/Device/ST/STM32WBAxx/Include -I../Drivers/CMSIS/Include -O0 -ffunction-sections -fdata-sections -Wall -fstack-usage -fcyclomatic-complexity -MMD -MP -MF"Core/Src/main.d" -MT"Core/Src/main.o" --specs=nano.specs -mfpu=fpv5-sp-d16 -mfloat-abi=hard -mthumb -o "Core/Src/main.o"
arm-none-eabi-gcc -o "ddht.elf" @"objects.list"   -mcpu=cortex-m33 -T"D:\Micro_Controller\STM32\Projects\LCD_Projects1\ddht\STM32WBA52CGUX_FLASH.ld" --specs=nosys.specs -Wl,-Map="ddht.map" -Wl,--gc-sections -static --specs=nano.specs -mfpu=fpv5-sp-d16 -mfloat-abi=hard -mthumb -u _printf_float -Wl,--start-group -lc -lm -Wl,--end-group
Finished building target: ddht.elf
 
arm-none-eabi-size  ddht.elf 
arm-none-eabi-objdump -h -S ddht.elf  > "ddht.list"
   text	   data	    bss	    dec	    hex	filename
  28168	    468	   2076	  30712	   77f8	ddht.elf
Finished building: default.size.stdout
 
Finished building: ddht.list
 
20:47:44 **** Incremental Build of configuration Debug for project ddht ****
make -j12 all 
arm-none-eabi-gcc "../Core/Src/main.c" -mcpu=cortex-m33 -std=gnu11 -g3 -DDEBUG -DUSE_HAL_DRIVER -DSTM32WBA52xx -c -I../Core/Inc -I../Drivers/STM32WBAxx_HAL_Driver/Inc -I../Drivers/STM32WBAxx_HAL_Driver/Inc/Legacy -I../Drivers/CMSIS/Device/ST/STM32WBAxx/Include -I../Drivers/CMSIS/Include -O0 -ffunction-sections -fdata-sections -Wall -fstack-usage -fcyclomatic-complexity -MMD -MP -MF"Core/Src/main.d" -MT"Core/Src/main.o" --specs=nano.specs -mfpu=fpv5-sp-d16 -mfloat-abi=hard -mthumb -o "Core/Src/main.o"
arm-none-eabi-gcc -o "ddht.elf" @"objects.list"   -mcpu=cortex-m33 -T"D:\Micro_Controller\STM32\Projects\LCD_Projects1\ddht\STM32WBA52CGUX_FLASH.ld" --specs=nosys.specs -Wl,-Map="ddht.map" -Wl,--gc-sections -static --specs=nano.specs -mfpu=fpv5-sp-d16 -mfloat-abi=hard -mthumb -u _printf_float -Wl,--start-group -lc -lm -Wl,--end-group
Finished building target: ddht.elf
 
arm-none-eabi-size  ddht.elf 
arm-none-eabi-objdump -h -S ddht.elf  > "ddht.list"
   text	   data	    bss	    dec	    hex	filename
  27056	    468	   2068	  29592	   7398	ddht.elf
Finished building: default.size.stdout
 
Finished building: ddht.list
 
20:48:22 **** Incremental Build of configuration Debug for project ddht ****
make -j12 all 
arm-none-eabi-gcc "../Core/Src/main.c" -mcpu=cortex-m33 -std=gnu11 -g3 -DDEBUG -DUSE_HAL_DRIVER -DSTM32WBA52xx -c -I../Core/Inc -I../Drivers/STM32WBAxx_HAL_Driver/Inc -I../Drivers/STM32WBAxx_HAL_Driver/Inc/Legacy -I../Drivers/CMSIS/Device/ST/STM32WBAxx/Include -I../Drivers/CMSIS/Include -O0 -ffunction-sections -fdata-sections -Wall -fstack-usage -fcyclomatic-complexity -MMD -MP -MF"Core/Src/main.d" -MT"Core/Src/main.o" --specs=nano.specs -mfpu=fpv5-sp-d16 -mfloat-abi=hard -mthumb -o "Core/Src/main.o"
arm-none-eabi-gcc -o "ddht.elf" @"objects.list"   -mcpu=cortex-m33 -T"D:\Micro_Controller\STM32\Projects\LCD_Projects1\ddht\STM32WBA52CGUX_FLASH.ld" --specs=nosys.specs -Wl,-Map="ddht.map" -Wl,--gc-sections -static --specs=nano.specs -mfpu=fpv5-sp-d16 -mfloat-abi=hard -mthumb -u _printf_float -Wl,--start-group -lc -lm -Wl,--end-group
Finished building target: ddht.elf
 
arm-none-eabi-size  ddht.elf 
arm-none-eabi-objdump -h -S ddht.elf  > "ddht.list"
   text	   data	    bss	    dec	    hex	filename
  27240	    468	   2068	  29776	   7450	ddht.elf
Finished building: default.size.stdout
 
Finished building: ddht.list
 
20:49:22 **** Incremental Build of configuration Debug for project ddht ****
make -j12 all 
arm-none-eabi-size  ddht.elf 
   text	   data	    bss	    dec	    hex	filename
  27240	    468	   2068	  29776	   7450	ddht.elf
Finished building: default.size.stdout
 
20:51:10 **** Incremental Build of configuration Debug for project ddht ****
make -j12 all 
arm-none-eabi-size  ddht.elf 
   text	   data	    bss	    dec	    hex	filename
  27240	    468	   2068	  29776	   7450	ddht.elf
Finished building: default.size.stdout
 
20:51:23 **** Incremental Build of configuration Debug for project ddht ****
make -j12 all 
arm-none-eabi-size  ddht.elf 
   text	   data	    bss	    dec	    hex	filename
  27240	    468	   2068	  29776	   7450	ddht.elf
Finished building: default.size.stdout
 
21:12:17 **** Incremental Build of configuration Debug for project STM32F4_DHT11_22_DS18B20 ****
make -j12 all 
arm-none-eabi-gcc "../Core/Src/main.c" -mcpu=cortex-m4 -std=gnu11 -g3 -DDEBUG -DUSE_HAL_DRIVER -DSTM32F446xx -c -I../Core/Inc -I../Drivers/STM32F4xx_HAL_Driver/Inc -I../Drivers/STM32F4xx_HAL_Driver/Inc/Legacy -I../Drivers/CMSIS/Device/ST/STM32F4xx/Include -I../Drivers/CMSIS/Include -O0 -ffunction-sections -fdata-sections -Wall -fstack-usage -fcyclomatic-complexity -MMD -MP -MF"Core/Src/main.d" -MT"Core/Src/main.o" --specs=nano.specs -mfpu=fpv4-sp-d16 -mfloat-abi=hard -mthumb -o "Core/Src/main.o"
../Core/Src/main.c:24:10: fatal error: i2c-lcd.h: No such file or directory
   24 | #include "i2c-lcd.h"
      |          ^~~~~~~~~~~
compilation terminated.
make: *** [Core/Src/subdir.mk:34: Core/Src/main.o] Error 1
"make -j12 all" terminated with exit code 2. Build might be incomplete.
21:12:17 **** Incremental Build of configuration Debug for project ddht ****
make -j12 all 
arm-none-eabi-gcc "../Core/Src/main.c" -mcpu=cortex-m33 -std=gnu11 -g3 -DDEBUG -DUSE_HAL_DRIVER -DSTM32WBA52xx -c -I../Core/Inc -I../Drivers/STM32WBAxx_HAL_Driver/Inc -I../Drivers/STM32WBAxx_HAL_Driver/Inc/Legacy -I../Drivers/CMSIS/Device/ST/STM32WBAxx/Include -I../Drivers/CMSIS/Include -O0 -ffunction-sections -fdata-sections -Wall -fstack-usage -fcyclomatic-complexity -MMD -MP -MF"Core/Src/main.d" -MT"Core/Src/main.o" --specs=nano.specs -mfpu=fpv5-sp-d16 -mfloat-abi=hard -mthumb -o "Core/Src/main.o"
arm-none-eabi-gcc -o "ddht.elf" @"objects.list"   -mcpu=cortex-m33 -T"D:\Micro_Controller\STM32\Projects\LCD_Projects1\ddht\STM32WBA52CGUX_FLASH.ld" --specs=nosys.specs -Wl,-Map="ddht.map" -Wl,--gc-sections -static --specs=nano.specs -mfpu=fpv5-sp-d16 -mfloat-abi=hard -mthumb -u _printf_float -Wl,--start-group -lc -lm -Wl,--end-group
Finished building target: ddht.elf
 
arm-none-eabi-size  ddht.elf 
arm-none-eabi-objdump -h -S ddht.elf  > "ddht.list"
   text	   data	    bss	    dec	    hex	filename
  27336	    468	   2068	  29872	   74b0	ddht.elf
Finished building: default.size.stdout
 
Finished building: ddht.list
 
21:12:22 **** Incremental Build of configuration Debug for project ddht ****
make -j12 all 
arm-none-eabi-size  ddht.elf 
   text	   data	    bss	    dec	    hex	filename
  27336	    468	   2068	  29872	   74b0	ddht.elf
Finished building: default.size.stdout
 
21:15:16 **** Incremental Build of configuration Debug for project ddht ****
make -j12 all 
arm-none-eabi-gcc "../Core/Src/main.c" -mcpu=cortex-m33 -std=gnu11 -g3 -DDEBUG -DUSE_HAL_DRIVER -DSTM32WBA52xx -c -I../Core/Inc -I../Drivers/STM32WBAxx_HAL_Driver/Inc -I../Drivers/STM32WBAxx_HAL_Driver/Inc/Legacy -I../Drivers/CMSIS/Device/ST/STM32WBAxx/Include -I../Drivers/CMSIS/Include -O0 -ffunction-sections -fdata-sections -Wall -fstack-usage -fcyclomatic-complexity -MMD -MP -MF"Core/Src/main.d" -MT"Core/Src/main.o" --specs=nano.specs -mfpu=fpv5-sp-d16 -mfloat-abi=hard -mthumb -o "Core/Src/main.o"
arm-none-eabi-gcc -o "ddht.elf" @"objects.list"   -mcpu=cortex-m33 -T"D:\Micro_Controller\STM32\Projects\LCD_Projects1\ddht\STM32WBA52CGUX_FLASH.ld" --specs=nosys.specs -Wl,-Map="ddht.map" -Wl,--gc-sections -static --specs=nano.specs -mfpu=fpv5-sp-d16 -mfloat-abi=hard -mthumb -u _printf_float -Wl,--start-group -lc -lm -Wl,--end-group
Finished building target: ddht.elf
 
arm-none-eabi-size  ddht.elf 
arm-none-eabi-objdump -h -S ddht.elf  > "ddht.list"
   text	   data	    bss	    dec	    hex	filename
  27336	    468	   2068	  29872	   74b0	ddht.elf
Finished building: default.size.stdout
 
Finished building: ddht.list
 
21:16:02 **** Incremental Build of configuration Debug for project ddht ****
make -j12 all 
arm-none-eabi-gcc "../Core/Src/main.c" -mcpu=cortex-m33 -std=gnu11 -g3 -DDEBUG -DUSE_HAL_DRIVER -DSTM32WBA52xx -c -I../Core/Inc -I../Drivers/STM32WBAxx_HAL_Driver/Inc -I../Drivers/STM32WBAxx_HAL_Driver/Inc/Legacy -I../Drivers/CMSIS/Device/ST/STM32WBAxx/Include -I../Drivers/CMSIS/Include -O0 -ffunction-sections -fdata-sections -Wall -fstack-usage -fcyclomatic-complexity -MMD -MP -MF"Core/Src/main.d" -MT"Core/Src/main.o" --specs=nano.specs -mfpu=fpv5-sp-d16 -mfloat-abi=hard -mthumb -o "Core/Src/main.o"
arm-none-eabi-gcc -o "ddht.elf" @"objects.list"   -mcpu=cortex-m33 -T"D:\Micro_Controller\STM32\Projects\LCD_Projects1\ddht\STM32WBA52CGUX_FLASH.ld" --specs=nosys.specs -Wl,-Map="ddht.map" -Wl,--gc-sections -static --specs=nano.specs -mfpu=fpv5-sp-d16 -mfloat-abi=hard -mthumb -u _printf_float -Wl,--start-group -lc -lm -Wl,--end-group
Finished building target: ddht.elf
 
arm-none-eabi-size  ddht.elf 
arm-none-eabi-objdump -h -S ddht.elf  > "ddht.list"
   text	   data	    bss	    dec	    hex	filename
  27144	    468	   2068	  29680	   73f0	ddht.elf
Finished building: default.size.stdout
 
Finished building: ddht.list
 
21:19:11 **** Incremental Build of configuration Debug for project ddht ****
make -j12 all 
arm-none-eabi-gcc "../Core/Src/main.c" -mcpu=cortex-m33 -std=gnu11 -g3 -DDEBUG -DUSE_HAL_DRIVER -DSTM32WBA52xx -c -I../Core/Inc -I../Drivers/STM32WBAxx_HAL_Driver/Inc -I../Drivers/STM32WBAxx_HAL_Driver/Inc/Legacy -I../Drivers/CMSIS/Device/ST/STM32WBAxx/Include -I../Drivers/CMSIS/Include -O0 -ffunction-sections -fdata-sections -Wall -fstack-usage -fcyclomatic-complexity -MMD -MP -MF"Core/Src/main.d" -MT"Core/Src/main.o" --specs=nano.specs -mfpu=fpv5-sp-d16 -mfloat-abi=hard -mthumb -o "Core/Src/main.o"
arm-none-eabi-gcc -o "ddht.elf" @"objects.list"   -mcpu=cortex-m33 -T"D:\Micro_Controller\STM32\Projects\LCD_Projects1\ddht\STM32WBA52CGUX_FLASH.ld" --specs=nosys.specs -Wl,-Map="ddht.map" -Wl,--gc-sections -static --specs=nano.specs -mfpu=fpv5-sp-d16 -mfloat-abi=hard -mthumb -u _printf_float -Wl,--start-group -lc -lm -Wl,--end-group
Finished building target: ddht.elf
 
arm-none-eabi-size  ddht.elf 
arm-none-eabi-objdump -h -S ddht.elf  > "ddht.list"
   text	   data	    bss	    dec	    hex	filename
  27240	    468	   2068	  29776	   7450	ddht.elf
Finished building: default.size.stdout
 
Finished building: ddht.list
 
21:21:33 **** Incremental Build of configuration Debug for project ddht ****
make -j12 all 
arm-none-eabi-size  ddht.elf 
   text	   data	    bss	    dec	    hex	filename
  27240	    468	   2068	  29776	   7450	ddht.elf
Finished building: default.size.stdout
 
21:23:30 **** Incremental Build of configuration Debug for project ddht ****
make -j12 all 
arm-none-eabi-size  ddht.elf 
   text	   data	    bss	    dec	    hex	filename
  27240	    468	   2068	  29776	   7450	ddht.elf
Finished building: default.size.stdout
 
21:39:15 **** Incremental Build of configuration Debug for project ddht ****
make -j12 all 
arm-none-eabi-gcc "../Core/Src/main.c" -mcpu=cortex-m33 -std=gnu11 -g3 -DDEBUG -DUSE_HAL_DRIVER -DSTM32WBA52xx -c -I../Core/Inc -I../Drivers/STM32WBAxx_HAL_Driver/Inc -I../Drivers/STM32WBAxx_HAL_Driver/Inc/Legacy -I../Drivers/CMSIS/Device/ST/STM32WBAxx/Include -I../Drivers/CMSIS/Include -O0 -ffunction-sections -fdata-sections -Wall -fstack-usage -fcyclomatic-complexity -MMD -MP -MF"Core/Src/main.d" -MT"Core/Src/main.o" --specs=nano.specs -mfpu=fpv5-sp-d16 -mfloat-abi=hard -mthumb -o "Core/Src/main.o"
arm-none-eabi-gcc -o "ddht.elf" @"objects.list"   -mcpu=cortex-m33 -T"D:\Micro_Controller\STM32\Projects\LCD_Projects1\ddht\STM32WBA52CGUX_FLASH.ld" --specs=nosys.specs -Wl,-Map="ddht.map" -Wl,--gc-sections -static --specs=nano.specs -mfpu=fpv5-sp-d16 -mfloat-abi=hard -mthumb -u _printf_float -Wl,--start-group -lc -lm -Wl,--end-group
Finished building target: ddht.elf
 
arm-none-eabi-size  ddht.elf 
arm-none-eabi-objdump -h -S ddht.elf  > "ddht.list"
   text	   data	    bss	    dec	    hex	filename
  27240	    468	   2068	  29776	   7450	ddht.elf
Finished building: default.size.stdout
 
Finished building: ddht.list
 
21:42:29 **** Incremental Build of configuration Debug for project ddht ****
make -j12 all 
arm-none-eabi-gcc "../Core/Src/main.c" -mcpu=cortex-m33 -std=gnu11 -g3 -DDEBUG -DUSE_HAL_DRIVER -DSTM32WBA52xx -c -I../Core/Inc -I../Drivers/STM32WBAxx_HAL_Driver/Inc -I../Drivers/STM32WBAxx_HAL_Driver/Inc/Legacy -I../Drivers/CMSIS/Device/ST/STM32WBAxx/Include -I../Drivers/CMSIS/Include -O0 -ffunction-sections -fdata-sections -Wall -fstack-usage -fcyclomatic-complexity -MMD -MP -MF"Core/Src/main.d" -MT"Core/Src/main.o" --specs=nano.specs -mfpu=fpv5-sp-d16 -mfloat-abi=hard -mthumb -o "Core/Src/main.o"
arm-none-eabi-gcc -o "ddht.elf" @"objects.list"   -mcpu=cortex-m33 -T"D:\Micro_Controller\STM32\Projects\LCD_Projects1\ddht\STM32WBA52CGUX_FLASH.ld" --specs=nosys.specs -Wl,-Map="ddht.map" -Wl,--gc-sections -static --specs=nano.specs -mfpu=fpv5-sp-d16 -mfloat-abi=hard -mthumb -u _printf_float -Wl,--start-group -lc -lm -Wl,--end-group
Finished building target: ddht.elf
 
arm-none-eabi-size  ddht.elf 
arm-none-eabi-objdump -h -S ddht.elf  > "ddht.list"
   text	   data	    bss	    dec	    hex	filename
  27104	    468	   2068	  29640	   73c8	ddht.elf
Finished building: default.size.stdout
 
Finished building: ddht.list
 
21:43:24 **** Incremental Build of configuration Debug for project ddht ****
make -j12 all 
[...]
arm-none-eabi-gcc "../Core/Src/stm32wbaxx_hal_msp.c" -mcpu=cortex-m33 -std=gnu11 -g3 -DDEBUG -DUSE_HAL_DRIVER -DSTM32WBA52xx -c -I../Core/Inc -I../Drivers/STM32WBAxx_HAL_Driver/Inc -I../Drivers/STM32WBAxx_HAL_Driver/Inc/Legacy -I../Drivers/CMSIS/Device/ST/STM32WBAxx/Include -I../Drivers/CMSIS/Include -O0 -ffunction-sections -fdata-sections -Wall -fstack-usage -fcyclomatic-complexity -MMD -MP -MF"Core/Src/stm32wbaxx_hal_msp.d" -MT"Core/Src/stm32wbaxx_hal_msp.o" --specs=nano.specs -mfpu=fpv5-sp-d16 -mfloat-abi=hard -mthumb -o "Core/Src/stm32wbaxx_hal_msp.o"
arm-none-eabi-gcc "../Core/Src/stm32wbaxx_it.c" -mcpu=cortex-m33 -std=gnu11 -g3 -DDEBUG -DUSE_HAL_DRIVER -DSTM32WBA52xx -c -I../Core/Inc -I../Drivers/STM32WBAxx_HAL_Driver/Inc -I../Drivers/STM32WBAxx_HAL_Driver/Inc/Legacy -I../Drivers/CMSIS/Device/ST/STM32WBAxx/Include -I../Drivers/CMSIS/Include -O0 -ffunction-sections -fdata-sections -Wall -fstack-usage -fcyclomatic-complexity -MMD -MP -MF"Core/Src/stm32wbaxx_it.d" -MT"Core/Src/stm32wbaxx_it.o" --specs=nano.specs -mfpu=fpv5-sp-d16 -mfloat-abi=hard -mthumb -o "Core/Src/stm32wbaxx_it.o"
arm-none-eabi-gcc "../Core/Src/syscalls.c" -mcpu=cortex-m33 -std=gnu11 -g3 -DDEBUG -DUSE_HAL_DRIVER -DSTM32WBA52xx -c -I../Core/Inc -I../Drivers/STM32WBAxx_HAL_Driver/Inc -I../Drivers/STM32WBAxx_HAL_Driver/Inc/Legacy -I../Drivers/CMSIS/Device/ST/STM32WBAxx/Include -I../Drivers/CMSIS/Include -O0 -ffunction-sections -fdata-sections -Wall -fstack-usage -fcyclomatic-complexity -MMD -MP -MF"Core/Src/syscalls.d" -MT"Core/Src/syscalls.o" --specs=nano.specs -mfpu=fpv5-sp-d16 -mfloat-abi=hard -mthumb -o "Core/Src/syscalls.o"
arm-none-eabi-gcc "../Core/Src/sysmem.c" -mcpu=cortex-m33 -std=gnu11 -g3 -DDEBUG -DUSE_HAL_DRIVER -DSTM32WBA52xx -c -I../Core/Inc -I../Drivers/STM32WBAxx_HAL_Driver/Inc -I../Drivers/STM32WBAxx_HAL_Driver/Inc/Legacy -I../Drivers/CMSIS/Device/ST/STM32WBAxx/Include -I../Drivers/CMSIS/Include -O0 -ffunction-sections -fdata-sections -Wall -fstack-usage -fcyclomatic-complexity -MMD -MP -MF"Core/Src/sysmem.d" -MT"Core/Src/sysmem.o" --specs=nano.specs -mfpu=fpv5-sp-d16 -mfloat-abi=hard -mthumb -o "Core/Src/sysmem.o"
arm-none-eabi-gcc "../Core/Src/system_stm32wbaxx.c" -mcpu=cortex-m33 -std=gnu11 -g3 -DDEBUG -DUSE_HAL_DRIVER -DSTM32WBA52xx -c -I../Core/Inc -I../Drivers/STM32WBAxx_HAL_Driver/Inc -I../Drivers/STM32WBAxx_HAL_Driver/Inc/Legacy -I../Drivers/CMSIS/Device/ST/STM32WBAxx/Include -I../Drivers/CMSIS/Include -O0 -ffunction-sections -fdata-sections -Wall -fstack-usage -fcyclomatic-complexity -MMD -MP -MF"Core/Src/system_stm32wbaxx.d" -MT"Core/Src/system_stm32wbaxx.o" --specs=nano.specs -mfpu=fpv5-sp-d16 -mfloat-abi=hard -mthumb -o "Core/Src/system_stm32wbaxx.o"
arm-none-eabi-gcc -o "ddht.elf" @"objects.list"   -mcpu=cortex-m33 -T"D:\Micro_Controller\STM32\Projects\LCD_Projects1\ddht\STM32WBA52CGUX_FLASH.ld" --specs=nosys.specs -Wl,-Map="ddht.map" -Wl,--gc-sections -static --specs=nano.specs -mfpu=fpv5-sp-d16 -mfloat-abi=hard -mthumb -u _printf_float -Wl,--start-group -lc -lm -Wl,--end-group
Finished building target: ddht.elf
 
arm-none-eabi-size  ddht.elf 
arm-none-eabi-objdump -h -S ddht.elf  > "ddht.list"
   text	   data	    bss	    dec	    hex	filename
  28872	    468	   2092	  31432	   7ac8	ddht.elf
Finished building: default.size.stdout
 
Finished building: ddht.list
 
07:03:43 **** Incremental Build of configuration Debug for project ddht ****
make -j12 all 
arm-none-eabi-gcc "../Core/Src/DHT11.c" -mcpu=cortex-m33 -std=gnu11 -g3 -DDEBUG -DUSE_HAL_DRIVER -DSTM32WBA52xx -c -I../Core/Inc -I../Drivers/STM32WBAxx_HAL_Driver/Inc -I../Drivers/STM32WBAxx_HAL_Driver/Inc/Legacy -I../Drivers/CMSIS/Device/ST/STM32WBAxx/Include -I../Drivers/CMSIS/Include -O0 -ffunction-sections -fdata-sections -Wall -fstack-usage -fcyclomatic-complexity -MMD -MP -MF"Core/Src/DHT11.d" -MT"Core/Src/DHT11.o" --specs=nano.specs -mfpu=fpv5-sp-d16 -mfloat-abi=hard -mthumb -o "Core/Src/DHT11.o"
arm-none-eabi-gcc "../Core/Src/i2c-lcd.c" -mcpu=cortex-m33 -std=gnu11 -g3 -DDEBUG -DUSE_HAL_DRIVER -DSTM32WBA52xx -c -I../Core/Inc -I../Drivers/STM32WBAxx_HAL_Driver/Inc -I../Drivers/STM32WBAxx_HAL_Driver/Inc/Legacy -I../Drivers/CMSIS/Device/ST/STM32WBAxx/Include -I../Drivers/CMSIS/Include -O0 -ffunction-sections -fdata-sections -Wall -fstack-usage -fcyclomatic-complexity -MMD -MP -MF"Core/Src/i2c-lcd.d" -MT"Core/Src/i2c-lcd.o" --specs=nano.specs -mfpu=fpv5-sp-d16 -mfloat-abi=hard -mthumb -o "Core/Src/i2c-lcd.o"
arm-none-eabi-gcc "../Core/Src/main.c" -mcpu=cortex-m33 -std=gnu11 -g3 -DDEBUG -DUSE_HAL_DRIVER -DSTM32WBA52xx -c -I../Core/Inc -I../Drivers/STM32WBAxx_HAL_Driver/Inc -I../Drivers/STM32WBAxx_HAL_Driver/Inc/Legacy -I../Drivers/CMSIS/Device/ST/STM32WBAxx/Include -I../Drivers/CMSIS/Include -O0 -ffunction-sections -fdata-sections -Wall -fstack-usage -fcyclomatic-complexity -MMD -MP -MF"Core/Src/main.d" -MT"Core/Src/main.o" --specs=nano.specs -mfpu=fpv5-sp-d16 -mfloat-abi=hard -mthumb -o "Core/Src/main.o"
arm-none-eabi-gcc "../Core/Src/stm32wbaxx_hal_msp.c" -mcpu=cortex-m33 -std=gnu11 -g3 -DDEBUG -DUSE_HAL_DRIVER -DSTM32WBA52xx -c -I../Core/Inc -I../Drivers/STM32WBAxx_HAL_Driver/Inc -I../Drivers/STM32WBAxx_HAL_Driver/Inc/Legacy -I../Drivers/CMSIS/Device/ST/STM32WBAxx/Include -I../Drivers/CMSIS/Include -O0 -ffunction-sections -fdata-sections -Wall -fstack-usage -fcyclomatic-complexity -MMD -MP -MF"Core/Src/stm32wbaxx_hal_msp.d" -MT"Core/Src/stm32wbaxx_hal_msp.o" --specs=nano.specs -mfpu=fpv5-sp-d16 -mfloat-abi=hard -mthumb -o "Core/Src/stm32wbaxx_hal_msp.o"
arm-none-eabi-gcc "../Core/Src/stm32wbaxx_it.c" -mcpu=cortex-m33 -std=gnu11 -g3 -DDEBUG -DUSE_HAL_DRIVER -DSTM32WBA52xx -c -I../Core/Inc -I../Drivers/STM32WBAxx_HAL_Driver/Inc -I../Drivers/STM32WBAxx_HAL_Driver/Inc/Legacy -I../Drivers/CMSIS/Device/ST/STM32WBAxx/Include -I../Drivers/CMSIS/Include -O0 -ffunction-sections -fdata-sections -Wall -fstack-usage -fcyclomatic-complexity -MMD -MP -MF"Core/Src/stm32wbaxx_it.d" -MT"Core/Src/stm32wbaxx_it.o" --specs=nano.specs -mfpu=fpv5-sp-d16 -mfloat-abi=hard -mthumb -o "Core/Src/stm32wbaxx_it.o"
arm-none-eabi-gcc "../Core/Src/syscalls.c" -mcpu=cortex-m33 -std=gnu11 -g3 -DDEBUG -DUSE_HAL_DRIVER -DSTM32WBA52xx -c -I../Core/Inc -I../Drivers/STM32WBAxx_HAL_Driver/Inc -I../Drivers/STM32WBAxx_HAL_Driver/Inc/Legacy -I../Drivers/CMSIS/Device/ST/STM32WBAxx/Include -I../Drivers/CMSIS/Include -O0 -ffunction-sections -fdata-sections -Wall -fstack-usage -fcyclomatic-complexity -MMD -MP -MF"Core/Src/syscalls.d" -MT"Core/Src/syscalls.o" --specs=nano.specs -mfpu=fpv5-sp-d16 -mfloat-abi=hard -mthumb -o "Core/Src/syscalls.o"
arm-none-eabi-gcc "../Core/Src/sysmem.c" -mcpu=cortex-m33 -std=gnu11 -g3 -DDEBUG -DUSE_HAL_DRIVER -DSTM32WBA52xx -c -I../Core/Inc -I../Drivers/STM32WBAxx_HAL_Driver/Inc -I../Drivers/STM32WBAxx_HAL_Driver/Inc/Legacy -I../Drivers/CMSIS/Device/ST/STM32WBAxx/Include -I../Drivers/CMSIS/Include -O0 -ffunction-sections -fdata-sections -Wall -fstack-usage -fcyclomatic-complexity -MMD -MP -MF"Core/Src/sysmem.d" -MT"Core/Src/sysmem.o" --specs=nano.specs -mfpu=fpv5-sp-d16 -mfloat-abi=hard -mthumb -o "Core/Src/sysmem.o"
arm-none-eabi-gcc "../Core/Src/system_stm32wbaxx.c" -mcpu=cortex-m33 -std=gnu11 -g3 -DDEBUG -DUSE_HAL_DRIVER -DSTM32WBA52xx -c -I../Core/Inc -I../Drivers/STM32WBAxx_HAL_Driver/Inc -I../Drivers/STM32WBAxx_HAL_Driver/Inc/Legacy -I../Drivers/CMSIS/Device/ST/STM32WBAxx/Include -I../Drivers/CMSIS/Include -O0 -ffunction-sections -fdata-sections -Wall -fstack-usage -fcyclomatic-complexity -MMD -MP -MF"Core/Src/system_stm32wbaxx.d" -MT"Core/Src/system_stm32wbaxx.o" --specs=nano.specs -mfpu=fpv5-sp-d16 -mfloat-abi=hard -mthumb -o "Core/Src/system_stm32wbaxx.o"
In file included from ../Core/Src/DHT11.c:1:
../Core/Inc/DHT11.h:18:17: error: unknown type name 'GPIO_TypeDef'
   18 | void DHT11_Init(GPIO_TypeDef* port, uint16_t pin);
      |                 ^~~~~~~~~~~~
../Core/Inc/DHT11.h:18:37: error: unknown type name 'uint16_t'
   18 | void DHT11_Init(GPIO_TypeDef* port, uint16_t pin);
      |                                     ^~~~~~~~
../Core/Inc/DHT11.h:1:1: note: 'uint16_t' is defined in header '<stdint.h>'; did you forget to '#include <stdint.h>'?
  +++ |+#include <stdint.h>
    1 | /*
../Core/Inc/DHT11.h:19:1: error: unknown type name 'uint8_t'
   19 | uint8_t DHT11_Start(void);
      | ^~~~~~~
../Core/Inc/DHT11.h:19:1: note: 'uint8_t' is defined in header '<stdint.h>'; did you forget to '#include <stdint.h>'?
../Core/Inc/DHT11.h:20:1: error: unknown type name 'uint8_t'
   20 | uint8_t DHT11_Read(void);
      | ^~~~~~~
../Core/Inc/DHT11.h:20:1: note: 'uint8_t' is defined in header '<stdint.h>'; did you forget to '#include <stdint.h>'?
../Core/Inc/DHT11.h:21:1: error: unknown type name 'uint8_t'
   21 | uint8_t DHT11_GetData(void);
      | ^~~~~~~
../Core/Inc/DHT11.h:21:1: note: 'uint8_t' is defined in header '<stdint.h>'; did you forget to '#include <stdint.h>'?
../Core/Src/DHT11.c:4:8: error: unknown type name 'GPIO_TypeDef'
    4 | static GPIO_TypeDef* DHT11_PORT;
      |        ^~~~~~~~~~~~
../Core/Src/DHT11.c:5:8: error: unknown type name 'uint16_t'
    5 | static uint16_t DHT11_PIN;
      |        ^~~~~~~~
../Core/Src/DHT11.c:7:17: error: unknown type name 'GPIO_TypeDef'
    7 | void DHT11_Init(GPIO_TypeDef* port, uint16_t pin)
      |                 ^~~~~~~~~~~~
../Core/Src/DHT11.c:7:37: error: unknown type name 'uint16_t'
    7 | void DHT11_Init(GPIO_TypeDef* port, uint16_t pin)
      |                                     ^~~~~~~~
../Core/Src/DHT11.c:2:1: note: 'uint16_t' is defined in header '<stdint.h>'; did you forget to '#include <stdint.h>'?
    1 | #include "DHT11.h"
  +++ |+#include <stdint.h>
    2 | 
../Core/Src/DHT11.c:16:17: error: unknown type name 'uint16_t'
   16 | void microDelay(uint16_t delay)
      |                 ^~~~~~~~
../Core/Src/DHT11.c:16:17: note: 'uint16_t' is defined in header '<stdint.h>'; did you forget to '#include <stdint.h>'?
../Core/Src/DHT11.c:22:1: error: unknown type name 'uint8_t'
   22 | uint8_t DHT11_Start(void)
      | ^~~~~~~
../Core/Src/DHT11.c:22:1: note: 'uint8_t' is defined in header '<stdint.h>'; did you forget to '#include <stdint.h>'?
../Core/Src/DHT11.c: In function 'DHT11_Start':
../Core/Src/DHT11.c:24:5: error: unknown type name 'uint8_t'
   24 |     uint8_t Response = 0;
      |     ^~~~~~~
../Core/Src/DHT11.c:24:5: note: 'uint8_t' is defined in header '<stdint.h>'; did you forget to '#include <stdint.h>'?
../Core/Src/DHT11.c:25:5: error: unknown type name 'GPIO_InitTypeDef'
   25 |     GPIO_InitTypeDef GPIO_InitStructPrivate = {0};
      |     ^~~~~~~~~~~~~~~~
../Core/Src/DHT11.c:28:27: error: request for member 'Pin' in something not a structure or union
   28 |     GPIO_InitStructPrivate.Pin = DHT11_PIN;
      |                           ^
../Core/Src/DHT11.c:29:27: error: request for member 'Mode' in something not a structure or union
   29 |     GPIO_InitStructPrivate.Mode = GPIO_MODE_OUTPUT_PP;
      |                           ^
../Core/Src/DHT11.c:29:35: error: 'GPIO_MODE_OUTPUT_PP' undeclared (first use in this function)
   29 |     GPIO_InitStructPrivate.Mode = GPIO_MODE_OUTPUT_PP;
      |                                   ^~~~~~~~~~~~~~~~~~~
../Core/Src/DHT11.c:29:35: note: each undeclared identifier is reported only once for each function it appears in
../Core/Src/DHT11.c:30:27: error: request for member 'Speed' in something not a structure or union
   30 |     GPIO_InitStructPrivate.Speed = GPIO_SPEED_FREQ_LOW;
      |                           ^
../Core/Src/DHT11.c:30:36: error: 'GPIO_SPEED_FREQ_LOW' undeclared (first use in this function)
   30 |     GPIO_InitStructPrivate.Speed = GPIO_SPEED_FREQ_LOW;
      |                                    ^~~~~~~~~~~~~~~~~~~
../Core/Src/DHT11.c:31:27: error: request for member 'Pull' in something not a structure or union
   31 |     GPIO_InitStructPrivate.Pull = GPIO_NOPULL;
      |                           ^
../Core/Src/DHT11.c:31:35: error: 'GPIO_NOPULL' undeclared (first use in this function)
   31 |     GPIO_InitStructPrivate.Pull = GPIO_NOPULL;
      |                                   ^~~~~~~~~~~
../Core/Src/DHT11.c:32:5: warning: implicit declaration of function 'HAL_GPIO_Init' [-Wimplicit-function-declaration]
   32 |     HAL_GPIO_Init(DHT11_PORT, &GPIO_InitStructPrivate);
      |     ^~~~~~~~~~~~~
../Core/Src/DHT11.c:34:5: warning: implicit declaration of function 'HAL_GPIO_WritePin' [-Wimplicit-function-declaration]
   34 |     HAL_GPIO_WritePin(DHT11_PORT, DHT11_PIN, 0);   // Pull the pin low
      |     ^~~~~~~~~~~~~~~~~
../Core/Src/DHT11.c:35:5: warning: implicit declaration of function 'HAL_Delay' [-Wimplicit-function-declaration]
   35 |     HAL_Delay(20);                                   // Wait for 20ms
      |     ^~~~~~~~~
../Core/Src/DHT11.c:37:5: warning: implicit declaration of function 'microDelay' [-Wimplicit-function-declaration]
   37 |     microDelay(30);                                  // Wait for 30us
      |     ^~~~~~~~~~
../Core/Src/DHT11.c:40:27: error: request for member 'Mode' in something not a structure or union
   40 |     GPIO_InitStructPrivate.Mode = GPIO_MODE_INPUT;
      |                           ^
../Core/Src/DHT11.c:40:35: error: 'GPIO_MODE_INPUT' undeclared (first use in this function)
   40 |     GPIO_InitStructPrivate.Mode = GPIO_MODE_INPUT;
      |                                   ^~~~~~~~~~~~~~~
../Core/Src/DHT11.c:41:27: error: request for member 'Pull' in something not a structure or union
   41 |     GPIO_InitStructPrivate.Pull = GPIO_PULLUP;
      |                           ^
../Core/Src/DHT11.c:41:35: error: 'GPIO_PULLUP' undeclared (first use in this function)
   41 |     GPIO_InitStructPrivate.Pull = GPIO_PULLUP;
      |                                   ^~~~~~~~~~~
../Core/Src/DHT11.c:47:11: warning: implicit declaration of function 'HAL_GPIO_ReadPin' [-Wimplicit-function-declaration]
   47 |     if (!(HAL_GPIO_ReadPin(DHT11_PORT, DHT11_PIN)))
      |           ^~~~~~~~~~~~~~~~
make: *** [Core/Src/subdir.mk:40: Core/Src/DHT11.o] Error 1
make: *** Waiting for unfinished jobs....
"make -j12 all" terminated with exit code 2. Build might be incomplete.
07:04:59 **** Incremental Build of configuration Debug for project ddht ****
make -j12 all 
arm-none-eabi-gcc "../Core/Src/i2c-lcd.c" -mcpu=cortex-m33 -std=gnu11 -g3 -DDEBUG -DUSE_HAL_DRIVER -DSTM32WBA52xx -c -I../Core/Inc -I../Drivers/STM32WBAxx_HAL_Driver/Inc -I../Drivers/STM32WBAxx_HAL_Driver/Inc/Legacy -I../Drivers/CMSIS/Device/ST/STM32WBAxx/Include -I../Drivers/CMSIS/Include -O0 -ffunction-sections -fdata-sections -Wall -fstack-usage -fcyclomatic-complexity -MMD -MP -MF"Core/Src/i2c-lcd.d" -MT"Core/Src/i2c-lcd.o" --specs=nano.specs -mfpu=fpv5-sp-d16 -mfloat-abi=hard -mthumb -o "Core/Src/i2c-lcd.o"
arm-none-eabi-gcc "../Core/Src/main.c" -mcpu=cortex-m33 -std=gnu11 -g3 -DDEBUG -DUSE_HAL_DRIVER -DSTM32WBA52xx -c -I../Core/Inc -I../Drivers/STM32WBAxx_HAL_Driver/Inc -I../Drivers/STM32WBAxx_HAL_Driver/Inc/Legacy -I../Drivers/CMSIS/Device/ST/STM32WBAxx/Include -I../Drivers/CMSIS/Include -O0 -ffunction-sections -fdata-sections -Wall -fstack-usage -fcyclomatic-complexity -MMD -MP -MF"Core/Src/main.d" -MT"Core/Src/main.o" --specs=nano.specs -mfpu=fpv5-sp-d16 -mfloat-abi=hard -mthumb -o "Core/Src/main.o"
arm-none-eabi-gcc "../Core/Src/stm32wbaxx_hal_msp.c" -mcpu=cortex-m33 -std=gnu11 -g3 -DDEBUG -DUSE_HAL_DRIVER -DSTM32WBA52xx -c -I../Core/Inc -I../Drivers/STM32WBAxx_HAL_Driver/Inc -I../Drivers/STM32WBAxx_HAL_Driver/Inc/Legacy -I../Drivers/CMSIS/Device/ST/STM32WBAxx/Include -I../Drivers/CMSIS/Include -O0 -ffunction-sections -fdata-sections -Wall -fstack-usage -fcyclomatic-complexity -MMD -MP -MF"Core/Src/stm32wbaxx_hal_msp.d" -MT"Core/Src/stm32wbaxx_hal_msp.o" --specs=nano.specs -mfpu=fpv5-sp-d16 -mfloat-abi=hard -mthumb -o "Core/Src/stm32wbaxx_hal_msp.o"
arm-none-eabi-gcc "../Core/Src/stm32wbaxx_it.c" -mcpu=cortex-m33 -std=gnu11 -g3 -DDEBUG -DUSE_HAL_DRIVER -DSTM32WBA52xx -c -I../Core/Inc -I../Drivers/STM32WBAxx_HAL_Driver/Inc -I../Drivers/STM32WBAxx_HAL_Driver/Inc/Legacy -I../Drivers/CMSIS/Device/ST/STM32WBAxx/Include -I../Drivers/CMSIS/Include -O0 -ffunction-sections -fdata-sections -Wall -fstack-usage -fcyclomatic-complexity -MMD -MP -MF"Core/Src/stm32wbaxx_it.d" -MT"Core/Src/stm32wbaxx_it.o" --specs=nano.specs -mfpu=fpv5-sp-d16 -mfloat-abi=hard -mthumb -o "Core/Src/stm32wbaxx_it.o"
arm-none-eabi-gcc "../Core/Src/syscalls.c" -mcpu=cortex-m33 -std=gnu11 -g3 -DDEBUG -DUSE_HAL_DRIVER -DSTM32WBA52xx -c -I../Core/Inc -I../Drivers/STM32WBAxx_HAL_Driver/Inc -I../Drivers/STM32WBAxx_HAL_Driver/Inc/Legacy -I../Drivers/CMSIS/Device/ST/STM32WBAxx/Include -I../Drivers/CMSIS/Include -O0 -ffunction-sections -fdata-sections -Wall -fstack-usage -fcyclomatic-complexity -MMD -MP -MF"Core/Src/syscalls.d" -MT"Core/Src/syscalls.o" --specs=nano.specs -mfpu=fpv5-sp-d16 -mfloat-abi=hard -mthumb -o "Core/Src/syscalls.o"
arm-none-eabi-gcc "../Core/Src/sysmem.c" -mcpu=cortex-m33 -std=gnu11 -g3 -DDEBUG -DUSE_HAL_DRIVER -DSTM32WBA52xx -c -I../Core/Inc -I../Drivers/STM32WBAxx_HAL_Driver/Inc -I../Drivers/STM32WBAxx_HAL_Driver/Inc/Legacy -I../Drivers/CMSIS/Device/ST/STM32WBAxx/Include -I../Drivers/CMSIS/Include -O0 -ffunction-sections -fdata-sections -Wall -fstack-usage -fcyclomatic-complexity -MMD -MP -MF"Core/Src/sysmem.d" -MT"Core/Src/sysmem.o" --specs=nano.specs -mfpu=fpv5-sp-d16 -mfloat-abi=hard -mthumb -o "Core/Src/sysmem.o"
arm-none-eabi-gcc "../Core/Src/system_stm32wbaxx.c" -mcpu=cortex-m33 -std=gnu11 -g3 -DDEBUG -DUSE_HAL_DRIVER -DSTM32WBA52xx -c -I../Core/Inc -I../Drivers/STM32WBAxx_HAL_Driver/Inc -I../Drivers/STM32WBAxx_HAL_Driver/Inc/Legacy -I../Drivers/CMSIS/Device/ST/STM32WBAxx/Include -I../Drivers/CMSIS/Include -O0 -ffunction-sections -fdata-sections -Wall -fstack-usage -fcyclomatic-complexity -MMD -MP -MF"Core/Src/system_stm32wbaxx.d" -MT"Core/Src/system_stm32wbaxx.o" --specs=nano.specs -mfpu=fpv5-sp-d16 -mfloat-abi=hard -mthumb -o "Core/Src/system_stm32wbaxx.o"
arm-none-eabi-gcc -o "ddht.elf" @"objects.list"   -mcpu=cortex-m33 -T"D:\Micro_Controller\STM32\Projects\LCD_Projects1\ddht\STM32WBA52CGUX_FLASH.ld" --specs=nosys.specs -Wl,-Map="ddht.map" -Wl,--gc-sections -static --specs=nano.specs -mfpu=fpv5-sp-d16 -mfloat-abi=hard -mthumb -u _printf_float -Wl,--start-group -lc -lm -Wl,--end-group
Finished building target: ddht.elf
 
arm-none-eabi-size  ddht.elf 
arm-none-eabi-objdump -h -S ddht.elf  > "ddht.list"
   text	   data	    bss	    dec	    hex	filename
  28872	    468	   2092	  31432	   7ac8	ddht.elf
Finished building: default.size.stdout
 
Finished building: ddht.list
 
07:05:11 **** Incremental Build of configuration Debug for project ddht ****
make -j12 all 
arm-none-eabi-gcc "../Core/Src/main.c" -mcpu=cortex-m33 -std=gnu11 -g3 -DDEBUG -DUSE_HAL_DRIVER -DSTM32WBA52xx -c -I../Core/Inc -I../Drivers/STM32WBAxx_HAL_Driver/Inc -I../Drivers/STM32WBAxx_HAL_Driver/Inc/Legacy -I../Drivers/CMSIS/Device/ST/STM32WBAxx/Include -I../Drivers/CMSIS/Include -O0 -ffunction-sections -fdata-sections -Wall -fstack-usage -fcyclomatic-complexity -MMD -MP -MF"Core/Src/main.d" -MT"Core/Src/main.o" --specs=nano.specs -mfpu=fpv5-sp-d16 -mfloat-abi=hard -mthumb -o "Core/Src/main.o"
arm-none-eabi-gcc -o "ddht.elf" @"objects.list"   -mcpu=cortex-m33 -T"D:\Micro_Controller\STM32\Projects\LCD_Projects1\ddht\STM32WBA52CGUX_FLASH.ld" --specs=nosys.specs -Wl,-Map="ddht.map" -Wl,--gc-sections -static --specs=nano.specs -mfpu=fpv5-sp-d16 -mfloat-abi=hard -mthumb -u _printf_float -Wl,--start-group -lc -lm -Wl,--end-group
Finished building target: ddht.elf
 
arm-none-eabi-size  ddht.elf 
arm-none-eabi-objdump -h -S ddht.elf  > "ddht.list"
   text	   data	    bss	    dec	    hex	filename
  28880	    468	   2092	  31440	   7ad0	ddht.elf
Finished building: default.size.stdout
 
Finished building: ddht.list
 
