BL51 BANKED LINKER/LOCATER V6.22.4.0                                                    11/02/2024  22:48:23  PAGE 1


BL51 BANKED LINKER/LOCATER V6.22.4.0, INVOKED BY:
C:\KEIL_V5\C51\BIN\BL51.EXE .\Objects\STARTUP.obj, .\Objects\Uart.obj, .\Objects\main.obj TO .\Objects\Baud_110 PRINT (.
>> \Listings\Baud_110.m51) RAMSIZE (256) CODE (0X0000-0X1FFF)


MEMORY MODEL: SMALL


INPUT MODULES INCLUDED:
  .\Objects\STARTUP.obj (?C_STARTUP)
  .\Objects\Uart.obj (UART)
  .\Objects\main.obj (MAIN)
  C:\KEIL_V5\C51\LIB\C51S.LIB (?C?CLDPTR)


LINK MAP OF MODULE:  .\Objects\Baud_110 (?C_STARTUP)


            TYPE    BASE      LENGTH    RELOCATION   SEGMENT NAME
            -----------------------------------------------------

            * * * * * * *   D A T A   M E M O R Y   * * * * * * *
            REG     0000H     0008H     ABSOLUTE     "REG BANK 0"
            IDATA   0008H     0001H     UNIT         ?STACK

            * * * * * * *   C O D E   M E M O R Y   * * * * * * *
            CODE    0000H     0003H     ABSOLUTE     
                    0003H     07FDH                  *** GAP ***
            CODE    0800H     0057H     UNIT         ?PR?_UART_INIT?UART
            CODE    0857H     0019H     UNIT         ?C?LIB_CODE
            CODE    0870H     0013H     UNIT         ?PR?_UART_TX_STR?UART
            CODE    0883H     000EH     UNIT         ?PR?MAIN?MAIN
            CODE    0891H     000CH     UNIT         ?C_C51STARTUP
            CODE    089DH     0008H     UNIT         ?PR?_UART_TX?UART
            CODE    08A5H     0008H     UNIT         ?PR?UART_RX?UART



OVERLAY MAP OF MODULE:   .\Objects\Baud_110 (?C_STARTUP)


SEGMENT
  +--> CALLED SEGMENT
---------------------
?C_C51STARTUP
  +--> ?PR?MAIN?MAIN

?PR?MAIN?MAIN
  +--> ?PR?_UART_INIT?UART
  +--> ?PR?_UART_TX?UART



SYMBOL TABLE OF MODULE:  .\Objects\Baud_110 (?C_STARTUP)

  VALUE           TYPE          NAME
  ----------------------------------

BL51 BANKED LINKER/LOCATER V6.22.4.0                                                  11/02/2024  22:48:23  PAGE 2


  -------         MODULE        ?C_STARTUP
  C:0891H         SEGMENT       ?C_C51STARTUP
  I:0008H         SEGMENT       ?STACK
  C:0000H         PUBLIC        ?C_STARTUP
  D:00E0H         SYMBOL        ACC
  D:00F0H         SYMBOL        B
  D:0083H         SYMBOL        DPH
  D:0082H         SYMBOL        DPL
  N:0000H         SYMBOL        IBPSTACK
  N:0100H         SYMBOL        IBPSTACKTOP
  N:0080H         SYMBOL        IDATALEN
  C:0894H         SYMBOL        IDATALOOP
  N:0000H         SYMBOL        PBPSTACK
  N:0100H         SYMBOL        PBPSTACKTOP
  N:0000H         SYMBOL        PDATALEN
  N:0000H         SYMBOL        PDATASTART
  N:0000H         SYMBOL        PPAGE
  N:0000H         SYMBOL        PPAGEENABLE
  D:00A0H         SYMBOL        PPAGE_SFR
  D:0081H         SYMBOL        SP
  C:0891H         SYMBOL        STARTUP1
  N:0000H         SYMBOL        XBPSTACK
  N:0000H         SYMBOL        XBPSTACKTOP
  N:0000H         SYMBOL        XDATALEN
  N:0000H         SYMBOL        XDATASTART
  C:0000H         LINE#         126
  C:0891H         LINE#         133
  C:0893H         LINE#         134
  C:0894H         LINE#         135
  C:0895H         LINE#         136
  C:0897H         LINE#         185
  C:089AH         LINE#         196
  -------         ENDMOD        ?C_STARTUP

  -------         MODULE        UART
  C:0000H         SYMBOL        _ICE_DUMMY_
  C:0800H         PUBLIC        _Uart_Init
  B:0098H.0       PUBLIC        RI
  B:0098H.1       PUBLIC        TI
  D:0099H         PUBLIC        SBUF
  D:0087H         PUBLIC        PCON
  D:0098H         PUBLIC        SCON
  D:0089H         PUBLIC        TMOD
  C:08A5H         PUBLIC        Uart_Rx
  C:089DH         PUBLIC        _Uart_Tx
  D:008DH         PUBLIC        TH1
  B:0088H.6       PUBLIC        TR1
  C:0870H         PUBLIC        _Uart_Tx_Str
  -------         PROC          _UART_INIT
  D:0006H         SYMBOL        Value
  -------         DO            
  D:0005H         SYMBOL        i
  -------         ENDDO         
  C:0800H         LINE#         5
  C:0800H         LINE#         6
  C:0800H         LINE#         8
  C:0808H         LINE#         9
BL51 BANKED LINKER/LOCATER V6.22.4.0                                                  11/02/2024  22:48:23  PAGE 3


  C:0810H         LINE#         10
  C:0818H         LINE#         11
  C:0820H         LINE#         12
  C:0828H         LINE#         13
  C:0830H         LINE#         14
  C:0838H         LINE#         15
  C:083FH         LINE#         16
  C:0847H         LINE#         17
  C:0847H         LINE#         18
  C:084AH         LINE#         19
  C:084CH         LINE#         20
  C:084CH         LINE#         21
  C:084FH         LINE#         22
  C:0851H         LINE#         23
  C:0854H         LINE#         24
  C:0856H         LINE#         25
  -------         ENDPROC       _UART_INIT
  -------         PROC          _UART_TX
  D:0007H         SYMBOL        Value
  C:089DH         LINE#         26
  C:089DH         LINE#         27
  C:089DH         LINE#         28
  C:089FH         LINE#         29
  C:08A2H         LINE#         30
  C:08A4H         LINE#         31
  -------         ENDPROC       _UART_TX
  -------         PROC          UART_RX
  C:08A5H         LINE#         32
  C:08A5H         LINE#         33
  C:08A5H         LINE#         34
  C:08A8H         LINE#         35
  C:08AAH         LINE#         36
  C:08ACH         LINE#         37
  -------         ENDPROC       UART_RX
  -------         PROC          _UART_TX_STR
  D:0001H         SYMBOL        Str
  C:0870H         LINE#         38
  C:0870H         LINE#         39
  C:0870H         LINE#         40
  C:0876H         LINE#         41
  C:0876H         LINE#         42
  C:0879H         LINE#         43
  C:0880H         LINE#         44
  C:0882H         LINE#         45
  -------         ENDPROC       _UART_TX_STR
  -------         ENDMOD        UART

  -------         MODULE        MAIN
  C:0000H         SYMBOL        _ICE_DUMMY_
  C:0883H         PUBLIC        main
  -------         PROC          MAIN
  C:0883H         LINE#         3
  C:0883H         LINE#         4
  C:0883H         LINE#         5
  C:088AH         LINE#         6
  C:088AH         LINE#         7
  C:088AH         LINE#         8
BL51 BANKED LINKER/LOCATER V6.22.4.0                                                  11/02/2024  22:48:23  PAGE 4


  C:088FH         LINE#         9
  -------         ENDPROC       MAIN
  -------         ENDMOD        MAIN

  -------         MODULE        ?C?CLDPTR
  C:0857H         PUBLIC        ?C?CLDPTR
  -------         ENDMOD        ?C?CLDPTR

*** WARNING L16: UNCALLED SEGMENT, IGNORED FOR OVERLAY PROCESS
    SEGMENT: ?PR?UART_RX?UART

*** WARNING L16: UNCALLED SEGMENT, IGNORED FOR OVERLAY PROCESS
    SEGMENT: ?PR?_UART_TX_STR?UART

******************************************************************************
* RESTRICTED VERSION WITH 0800H BYTE CODE SIZE LIMIT; USED: 0097H BYTE ( 7%) *
******************************************************************************

Program Size: data=9.0 xdata=0 code=176
LINK/LOCATE RUN COMPLETE.  2 WARNING(S),  0 ERROR(S)
