../Core/Src/main.c:41:6:delay	16	static
../Core/Src/main.c:48:6:Display_Temp	40	static
../Core/Src/main.c:58:6:Display_Rh	40	static
../Core/Src/main.c:74:6:Set_Pin_Output	40	static
../Core/Src/main.c:83:6:Set_Pin_Input	40	static
../Core/Src/main.c:97:6:DHT11_Start	8	static
../Core/Src/main.c:107:9:DHT11_Check_Response	16	static
../Core/Src/main.c:122:9:DHT11_Read	16	static
../Core/Src/main.c:144:5:main	8	static
../Core/Src/main.c:231:6:SystemClock_Config	104	static
../Core/Src/main.c:285:13:MX_ICACHE_Init	8	static
../Core/Src/main.c:314:13:MX_TIM1_Init	40	static
../Core/Src/main.c:358:13:MX_GPIO_Init	40	static
../Core/Src/main.c:403:6:Error_Handler	4	static
