00:18:39 **** Build of configuration Debug for project LCD_Sring ****
make -j12 all 
arm-none-eabi-gcc "../Drivers/STM32WBAxx_HAL_Driver/Src/stm32wbaxx_hal.c" -mcpu=cortex-m33 -std=gnu11 -g3 -DDEBUG -DUSE_NUCLEO_64 -DUSE_HAL_DRIVER -DSTM32WBA52xx -c -I../Core/Inc -I../Drivers/STM32WBAxx_HAL_Driver/Inc -I../Drivers/STM32WBAxx_HAL_Driver/Inc/Legacy -I../Drivers/BSP/STM32WBAxx_Nucleo -I../Drivers/CMSIS/Device/ST/STM32WBAxx/Include -I../Drivers/CMSIS/Include -O0 -ffunction-sections -fdata-sections -Wall -fstack-usage -fcyclomatic-complexity -MMD -MP -MF"Drivers/STM32WBAxx_HAL_Driver/Src/stm32wbaxx_hal.d" -MT"Drivers/STM32WBAxx_HAL_Driver/Src/stm32wbaxx_hal.o" --specs=nano.specs -mfpu=fpv5-sp-d16 -mfloat-abi=hard -mthumb -o "Drivers/STM32WBAxx_HAL_Driver/Src/stm32wbaxx_hal.o"
arm-none-eabi-gcc "../Drivers/STM32WBAxx_HAL_Driver/Src/stm32wbaxx_hal_cortex.c" -mcpu=cortex-m33 -std=gnu11 -g3 -DDEBUG -DUSE_NUCLEO_64 -DUSE_HAL_DRIVER -DSTM32WBA52xx -c -I../Core/Inc -I../Drivers/STM32WBAxx_HAL_Driver/Inc -I../Drivers/STM32WBAxx_HAL_Driver/Inc/Legacy -I../Drivers/BSP/STM32WBAxx_Nucleo -I../Drivers/CMSIS/Device/ST/STM32WBAxx/Include -I../Drivers/CMSIS/Include -O0 -ffunction-sections -fdata-sections -Wall -fstack-usage -fcyclomatic-complexity -MMD -MP -MF"Drivers/STM32WBAxx_HAL_Driver/Src/stm32wbaxx_hal_cortex.d" -MT"Drivers/STM32WBAxx_HAL_Driver/Src/stm32wbaxx_hal_cortex.o" --specs=nano.specs -mfpu=fpv5-sp-d16 -mfloat-abi=hard -mthumb -o "Drivers/STM32WBAxx_HAL_Driver/Src/stm32wbaxx_hal_cortex.o"
arm-none-eabi-gcc "../Drivers/STM32WBAxx_HAL_Driver/Src/stm32wbaxx_hal_dma.c" -mcpu=cortex-m33 -std=gnu11 -g3 -DDEBUG -DUSE_NUCLEO_64 -DUSE_HAL_DRIVER -DSTM32WBA52xx -c -I../Core/Inc -I../Drivers/STM32WBAxx_HAL_Driver/Inc -I../Drivers/STM32WBAxx_HAL_Driver/Inc/Legacy -I../Drivers/BSP/STM32WBAxx_Nucleo -I../Drivers/CMSIS/Device/ST/STM32WBAxx/Include -I../Drivers/CMSIS/Include -O0 -ffunction-sections -fdata-sections -Wall -fstack-usage -fcyclomatic-complexity -MMD -MP -MF"Drivers/STM32WBAxx_HAL_Driver/Src/stm32wbaxx_hal_dma.d" -MT"Drivers/STM32WBAxx_HAL_Driver/Src/stm32wbaxx_hal_dma.o" --specs=nano.specs -mfpu=fpv5-sp-d16 -mfloat-abi=hard -mthumb -o "Drivers/STM32WBAxx_HAL_Driver/Src/stm32wbaxx_hal_dma.o"
arm-none-eabi-gcc "../Drivers/STM32WBAxx_HAL_Driver/Src/stm32wbaxx_hal_dma_ex.c" -mcpu=cortex-m33 -std=gnu11 -g3 -DDEBUG -DUSE_NUCLEO_64 -DUSE_HAL_DRIVER -DSTM32WBA52xx -c -I../Core/Inc -I../Drivers/STM32WBAxx_HAL_Driver/Inc -I../Drivers/STM32WBAxx_HAL_Driver/Inc/Legacy -I../Drivers/BSP/STM32WBAxx_Nucleo -I../Drivers/CMSIS/Device/ST/STM32WBAxx/Include -I../Drivers/CMSIS/Include -O0 -ffunction-sections -fdata-sections -Wall -fstack-usage -fcyclomatic-complexity -MMD -MP -MF"Drivers/STM32WBAxx_HAL_Driver/Src/stm32wbaxx_hal_dma_ex.d" -MT"Drivers/STM32WBAxx_HAL_Driver/Src/stm32wbaxx_hal_dma_ex.o" --specs=nano.specs -mfpu=fpv5-sp-d16 -mfloat-abi=hard -mthumb -o "Drivers/STM32WBAxx_HAL_Driver/Src/stm32wbaxx_hal_dma_ex.o"
arm-none-eabi-gcc "../Drivers/STM32WBAxx_HAL_Driver/Src/stm32wbaxx_hal_exti.c" -mcpu=cortex-m33 -std=gnu11 -g3 -DDEBUG -DUSE_NUCLEO_64 -DUSE_HAL_DRIVER -DSTM32WBA52xx -c -I../Core/Inc -I../Drivers/STM32WBAxx_HAL_Driver/Inc -I../Drivers/STM32WBAxx_HAL_Driver/Inc/Legacy -I../Drivers/BSP/STM32WBAxx_Nucleo -I../Drivers/CMSIS/Device/ST/STM32WBAxx/Include -I../Drivers/CMSIS/Include -O0 -ffunction-sections -fdata-sections -Wall -fstack-usage -fcyclomatic-complexity -MMD -MP -MF"Drivers/STM32WBAxx_HAL_Driver/Src/stm32wbaxx_hal_exti.d" -MT"Drivers/STM32WBAxx_HAL_Driver/Src/stm32wbaxx_hal_exti.o" --specs=nano.specs -mfpu=fpv5-sp-d16 -mfloat-abi=hard -mthumb -o "Drivers/STM32WBAxx_HAL_Driver/Src/stm32wbaxx_hal_exti.o"
arm-none-eabi-gcc "../Drivers/STM32WBAxx_HAL_Driver/Src/stm32wbaxx_hal_flash.c" -mcpu=cortex-m33 -std=gnu11 -g3 -DDEBUG -DUSE_NUCLEO_64 -DUSE_HAL_DRIVER -DSTM32WBA52xx -c -I../Core/Inc -I../Drivers/STM32WBAxx_HAL_Driver/Inc -I../Drivers/STM32WBAxx_HAL_Driver/Inc/Legacy -I../Drivers/BSP/STM32WBAxx_Nucleo -I../Drivers/CMSIS/Device/ST/STM32WBAxx/Include -I../Drivers/CMSIS/Include -O0 -ffunction-sections -fdata-sections -Wall -fstack-usage -fcyclomatic-complexity -MMD -MP -MF"Drivers/STM32WBAxx_HAL_Driver/Src/stm32wbaxx_hal_flash.d" -MT"Drivers/STM32WBAxx_HAL_Driver/Src/stm32wbaxx_hal_flash.o" --specs=nano.specs -mfpu=fpv5-sp-d16 -mfloat-abi=hard -mthumb -o "Drivers/STM32WBAxx_HAL_Driver/Src/stm32wbaxx_hal_flash.o"
arm-none-eabi-gcc "../Drivers/STM32WBAxx_HAL_Driver/Src/stm32wbaxx_hal_flash_ex.c" -mcpu=cortex-m33 -std=gnu11 -g3 -DDEBUG -DUSE_NUCLEO_64 -DUSE_HAL_DRIVER -DSTM32WBA52xx -c -I../Core/Inc -I../Drivers/STM32WBAxx_HAL_Driver/Inc -I../Drivers/STM32WBAxx_HAL_Driver/Inc/Legacy -I../Drivers/BSP/STM32WBAxx_Nucleo -I../Drivers/CMSIS/Device/ST/STM32WBAxx/Include -I../Drivers/CMSIS/Include -O0 -ffunction-sections -fdata-sections -Wall -fstack-usage -fcyclomatic-complexity -MMD -MP -MF"Drivers/STM32WBAxx_HAL_Driver/Src/stm32wbaxx_hal_flash_ex.d" -MT"Drivers/STM32WBAxx_HAL_Driver/Src/stm32wbaxx_hal_flash_ex.o" --specs=nano.specs -mfpu=fpv5-sp-d16 -mfloat-abi=hard -mthumb -o "Drivers/STM32WBAxx_HAL_Driver/Src/stm32wbaxx_hal_flash_ex.o"
arm-none-eabi-gcc "../Drivers/STM32WBAxx_HAL_Driver/Src/stm32wbaxx_hal_gpio.c" -mcpu=cortex-m33 -std=gnu11 -g3 -DDEBUG -DUSE_NUCLEO_64 -DUSE_HAL_DRIVER -DSTM32WBA52xx -c -I../Core/Inc -I../Drivers/STM32WBAxx_HAL_Driver/Inc -I../Drivers/STM32WBAxx_HAL_Driver/Inc/Legacy -I../Drivers/BSP/STM32WBAxx_Nucleo -I../Drivers/CMSIS/Device/ST/STM32WBAxx/Include -I../Drivers/CMSIS/Include -O0 -ffunction-sections -fdata-sections -Wall -fstack-usage -fcyclomatic-complexity -MMD -MP -MF"Drivers/STM32WBAxx_HAL_Driver/Src/stm32wbaxx_hal_gpio.d" -MT"Drivers/STM32WBAxx_HAL_Driver/Src/stm32wbaxx_hal_gpio.o" --specs=nano.specs -mfpu=fpv5-sp-d16 -mfloat-abi=hard -mthumb -o "Drivers/STM32WBAxx_HAL_Driver/Src/stm32wbaxx_hal_gpio.o"
arm-none-eabi-gcc "../Drivers/STM32WBAxx_HAL_Driver/Src/stm32wbaxx_hal_icache.c" -mcpu=cortex-m33 -std=gnu11 -g3 -DDEBUG -DUSE_NUCLEO_64 -DUSE_HAL_DRIVER -DSTM32WBA52xx -c -I../Core/Inc -I../Drivers/STM32WBAxx_HAL_Driver/Inc -I../Drivers/STM32WBAxx_HAL_Driver/Inc/Legacy -I../Drivers/BSP/STM32WBAxx_Nucleo -I../Drivers/CMSIS/Device/ST/STM32WBAxx/Include -I../Drivers/CMSIS/Include -O0 -ffunction-sections -fdata-sections -Wall -fstack-usage -fcyclomatic-complexity -MMD -MP -MF"Drivers/STM32WBAxx_HAL_Driver/Src/stm32wbaxx_hal_icache.d" -MT"Drivers/STM32WBAxx_HAL_Driver/Src/stm32wbaxx_hal_icache.o" --specs=nano.specs -mfpu=fpv5-sp-d16 -mfloat-abi=hard -mthumb -o "Drivers/STM32WBAxx_HAL_Driver/Src/stm32wbaxx_hal_icache.o"
arm-none-eabi-gcc "../Drivers/STM32WBAxx_HAL_Driver/Src/stm32wbaxx_hal_pwr.c" -mcpu=cortex-m33 -std=gnu11 -g3 -DDEBUG -DUSE_NUCLEO_64 -DUSE_HAL_DRIVER -DSTM32WBA52xx -c -I../Core/Inc -I../Drivers/STM32WBAxx_HAL_Driver/Inc -I../Drivers/STM32WBAxx_HAL_Driver/Inc/Legacy -I../Drivers/BSP/STM32WBAxx_Nucleo -I../Drivers/CMSIS/Device/ST/STM32WBAxx/Include -I../Drivers/CMSIS/Include -O0 -ffunction-sections -fdata-sections -Wall -fstack-usage -fcyclomatic-complexity -MMD -MP -MF"Drivers/STM32WBAxx_HAL_Driver/Src/stm32wbaxx_hal_pwr.d" -MT"Drivers/STM32WBAxx_HAL_Driver/Src/stm32wbaxx_hal_pwr.o" --specs=nano.specs -mfpu=fpv5-sp-d16 -mfloat-abi=hard -mthumb -o "Drivers/STM32WBAxx_HAL_Driver/Src/stm32wbaxx_hal_pwr.o"
arm-none-eabi-gcc "../Drivers/STM32WBAxx_HAL_Driver/Src/stm32wbaxx_hal_pwr_ex.c" -mcpu=cortex-m33 -std=gnu11 -g3 -DDEBUG -DUSE_NUCLEO_64 -DUSE_HAL_DRIVER -DSTM32WBA52xx -c -I../Core/Inc -I../Drivers/STM32WBAxx_HAL_Driver/Inc -I../Drivers/STM32WBAxx_HAL_Driver/Inc/Legacy -I../Drivers/BSP/STM32WBAxx_Nucleo -I../Drivers/CMSIS/Device/ST/STM32WBAxx/Include -I../Drivers/CMSIS/Include -O0 -ffunction-sections -fdata-sections -Wall -fstack-usage -fcyclomatic-complexity -MMD -MP -MF"Drivers/STM32WBAxx_HAL_Driver/Src/stm32wbaxx_hal_pwr_ex.d" -MT"Drivers/STM32WBAxx_HAL_Driver/Src/stm32wbaxx_hal_pwr_ex.o" --specs=nano.specs -mfpu=fpv5-sp-d16 -mfloat-abi=hard -mthumb -o "Drivers/STM32WBAxx_HAL_Driver/Src/stm32wbaxx_hal_pwr_ex.o"
arm-none-eabi-gcc "../Drivers/STM32WBAxx_HAL_Driver/Src/stm32wbaxx_hal_rcc.c" -mcpu=cortex-m33 -std=gnu11 -g3 -DDEBUG -DUSE_NUCLEO_64 -DUSE_HAL_DRIVER -DSTM32WBA52xx -c -I../Core/Inc -I../Drivers/STM32WBAxx_HAL_Driver/Inc -I../Drivers/STM32WBAxx_HAL_Driver/Inc/Legacy -I../Drivers/BSP/STM32WBAxx_Nucleo -I../Drivers/CMSIS/Device/ST/STM32WBAxx/Include -I../Drivers/CMSIS/Include -O0 -ffunction-sections -fdata-sections -Wall -fstack-usage -fcyclomatic-complexity -MMD -MP -MF"Drivers/STM32WBAxx_HAL_Driver/Src/stm32wbaxx_hal_rcc.d" -MT"Drivers/STM32WBAxx_HAL_Driver/Src/stm32wbaxx_hal_rcc.o" --specs=nano.specs -mfpu=fpv5-sp-d16 -mfloat-abi=hard -mthumb -o "Drivers/STM32WBAxx_HAL_Driver/Src/stm32wbaxx_hal_rcc.o"
arm-none-eabi-gcc "../Drivers/STM32WBAxx_HAL_Driver/Src/stm32wbaxx_hal_rcc_ex.c" -mcpu=cortex-m33 -std=gnu11 -g3 -DDEBUG -DUSE_NUCLEO_64 -DUSE_HAL_DRIVER -DSTM32WBA52xx -c -I../Core/Inc -I../Drivers/STM32WBAxx_HAL_Driver/Inc -I../Drivers/STM32WBAxx_HAL_Driver/Inc/Legacy -I../Drivers/BSP/STM32WBAxx_Nucleo -I../Drivers/CMSIS/Device/ST/STM32WBAxx/Include -I../Drivers/CMSIS/Include -O0 -ffunction-sections -fdata-sections -Wall -fstack-usage -fcyclomatic-complexity -MMD -MP -MF"Drivers/STM32WBAxx_HAL_Driver/Src/stm32wbaxx_hal_rcc_ex.d" -MT"Drivers/STM32WBAxx_HAL_Driver/Src/stm32wbaxx_hal_rcc_ex.o" --specs=nano.specs -mfpu=fpv5-sp-d16 -mfloat-abi=hard -mthumb -o "Drivers/STM32WBAxx_HAL_Driver/Src/stm32wbaxx_hal_rcc_ex.o"
arm-none-eabi-gcc "../Drivers/STM32WBAxx_HAL_Driver/Src/stm32wbaxx_hal_tim.c" -mcpu=cortex-m33 -std=gnu11 -g3 -DDEBUG -DUSE_NUCLEO_64 -DUSE_HAL_DRIVER -DSTM32WBA52xx -c -I../Core/Inc -I../Drivers/STM32WBAxx_HAL_Driver/Inc -I../Drivers/STM32WBAxx_HAL_Driver/Inc/Legacy -I../Drivers/BSP/STM32WBAxx_Nucleo -I../Drivers/CMSIS/Device/ST/STM32WBAxx/Include -I../Drivers/CMSIS/Include -O0 -ffunction-sections -fdata-sections -Wall -fstack-usage -fcyclomatic-complexity -MMD -MP -MF"Drivers/STM32WBAxx_HAL_Driver/Src/stm32wbaxx_hal_tim.d" -MT"Drivers/STM32WBAxx_HAL_Driver/Src/stm32wbaxx_hal_tim.o" --specs=nano.specs -mfpu=fpv5-sp-d16 -mfloat-abi=hard -mthumb -o "Drivers/STM32WBAxx_HAL_Driver/Src/stm32wbaxx_hal_tim.o"
arm-none-eabi-gcc "../Drivers/STM32WBAxx_HAL_Driver/Src/stm32wbaxx_hal_tim_ex.c" -mcpu=cortex-m33 -std=gnu11 -g3 -DDEBUG -DUSE_NUCLEO_64 -DUSE_HAL_DRIVER -DSTM32WBA52xx -c -I../Core/Inc -I../Drivers/STM32WBAxx_HAL_Driver/Inc -I../Drivers/STM32WBAxx_HAL_Driver/Inc/Legacy -I../Drivers/BSP/STM32WBAxx_Nucleo -I../Drivers/CMSIS/Device/ST/STM32WBAxx/Include -I../Drivers/CMSIS/Include -O0 -ffunction-sections -fdata-sections -Wall -fstack-usage -fcyclomatic-complexity -MMD -MP -MF"Drivers/STM32WBAxx_HAL_Driver/Src/stm32wbaxx_hal_tim_ex.d" -MT"Drivers/STM32WBAxx_HAL_Driver/Src/stm32wbaxx_hal_tim_ex.o" --specs=nano.specs -mfpu=fpv5-sp-d16 -mfloat-abi=hard -mthumb -o "Drivers/STM32WBAxx_HAL_Driver/Src/stm32wbaxx_hal_tim_ex.o"
arm-none-eabi-gcc "../Drivers/STM32WBAxx_HAL_Driver/Src/stm32wbaxx_hal_uart.c" -mcpu=cortex-m33 -std=gnu11 -g3 -DDEBUG -DUSE_NUCLEO_64 -DUSE_HAL_DRIVER -DSTM32WBA52xx -c -I../Core/Inc -I../Drivers/STM32WBAxx_HAL_Driver/Inc -I../Drivers/STM32WBAxx_HAL_Driver/Inc/Legacy -I../Drivers/BSP/STM32WBAxx_Nucleo -I../Drivers/CMSIS/Device/ST/STM32WBAxx/Include -I../Drivers/CMSIS/Include -O0 -ffunction-sections -fdata-sections -Wall -fstack-usage -fcyclomatic-complexity -MMD -MP -MF"Drivers/STM32WBAxx_HAL_Driver/Src/stm32wbaxx_hal_uart.d" -MT"Drivers/STM32WBAxx_HAL_Driver/Src/stm32wbaxx_hal_uart.o" --specs=nano.specs -mfpu=fpv5-sp-d16 -mfloat-abi=hard -mthumb -o "Drivers/STM32WBAxx_HAL_Driver/Src/stm32wbaxx_hal_uart.o"
arm-none-eabi-gcc "../Drivers/STM32WBAxx_HAL_Driver/Src/stm32wbaxx_hal_uart_ex.c" -mcpu=cortex-m33 -std=gnu11 -g3 -DDEBUG -DUSE_NUCLEO_64 -DUSE_HAL_DRIVER -DSTM32WBA52xx -c -I../Core/Inc -I../Drivers/STM32WBAxx_HAL_Driver/Inc -I../Drivers/STM32WBAxx_HAL_Driver/Inc/Legacy -I../Drivers/BSP/STM32WBAxx_Nucleo -I../Drivers/CMSIS/Device/ST/STM32WBAxx/Include -I../Drivers/CMSIS/Include -O0 -ffunction-sections -fdata-sections -Wall -fstack-usage -fcyclomatic-complexity -MMD -MP -MF"Drivers/STM32WBAxx_HAL_Driver/Src/stm32wbaxx_hal_uart_ex.d" -MT"Drivers/STM32WBAxx_HAL_Driver/Src/stm32wbaxx_hal_uart_ex.o" --specs=nano.specs -mfpu=fpv5-sp-d16 -mfloat-abi=hard -mthumb -o "Drivers/STM32WBAxx_HAL_Driver/Src/stm32wbaxx_hal_uart_ex.o"
arm-none-eabi-gcc "../Drivers/STM32WBAxx_HAL_Driver/Src/stm32wbaxx_hal_usart.c" -mcpu=cortex-m33 -std=gnu11 -g3 -DDEBUG -DUSE_NUCLEO_64 -DUSE_HAL_DRIVER -DSTM32WBA52xx -c -I../Core/Inc -I../Drivers/STM32WBAxx_HAL_Driver/Inc -I../Drivers/STM32WBAxx_HAL_Driver/Inc/Legacy -I../Drivers/BSP/STM32WBAxx_Nucleo -I../Drivers/CMSIS/Device/ST/STM32WBAxx/Include -I../Drivers/CMSIS/Include -O0 -ffunction-sections -fdata-sections -Wall -fstack-usage -fcyclomatic-complexity -MMD -MP -MF"Drivers/STM32WBAxx_HAL_Driver/Src/stm32wbaxx_hal_usart.d" -MT"Drivers/STM32WBAxx_HAL_Driver/Src/stm32wbaxx_hal_usart.o" --specs=nano.specs -mfpu=fpv5-sp-d16 -mfloat-abi=hard -mthumb -o "Drivers/STM32WBAxx_HAL_Driver/Src/stm32wbaxx_hal_usart.o"
arm-none-eabi-gcc "../Drivers/STM32WBAxx_HAL_Driver/Src/stm32wbaxx_hal_usart_ex.c" -mcpu=cortex-m33 -std=gnu11 -g3 -DDEBUG -DUSE_NUCLEO_64 -DUSE_HAL_DRIVER -DSTM32WBA52xx -c -I../Core/Inc -I../Drivers/STM32WBAxx_HAL_Driver/Inc -I../Drivers/STM32WBAxx_HAL_Driver/Inc/Legacy -I../Drivers/BSP/STM32WBAxx_Nucleo -I../Drivers/CMSIS/Device/ST/STM32WBAxx/Include -I../Drivers/CMSIS/Include -O0 -ffunction-sections -fdata-sections -Wall -fstack-usage -fcyclomatic-complexity -MMD -MP -MF"Drivers/STM32WBAxx_HAL_Driver/Src/stm32wbaxx_hal_usart_ex.d" -MT"Drivers/STM32WBAxx_HAL_Driver/Src/stm32wbaxx_hal_usart_ex.o" --specs=nano.specs -mfpu=fpv5-sp-d16 -mfloat-abi=hard -mthumb -o "Drivers/STM32WBAxx_HAL_Driver/Src/stm32wbaxx_hal_usart_ex.o"
arm-none-eabi-gcc "../Drivers/BSP/STM32WBAxx_Nucleo/stm32wbaxx_nucleo.c" -mcpu=cortex-m33 -std=gnu11 -g3 -DDEBUG -DUSE_NUCLEO_64 -DUSE_HAL_DRIVER -DSTM32WBA52xx -c -I../Core/Inc -I../Drivers/STM32WBAxx_HAL_Driver/Inc -I../Drivers/STM32WBAxx_HAL_Driver/Inc/Legacy -I../Drivers/BSP/STM32WBAxx_Nucleo -I../Drivers/CMSIS/Device/ST/STM32WBAxx/Include -I../Drivers/CMSIS/Include -O0 -ffunction-sections -fdata-sections -Wall -fstack-usage -fcyclomatic-complexity -MMD -MP -MF"Drivers/BSP/STM32WBAxx_Nucleo/stm32wbaxx_nucleo.d" -MT"Drivers/BSP/STM32WBAxx_Nucleo/stm32wbaxx_nucleo.o" --specs=nano.specs -mfpu=fpv5-sp-d16 -mfloat-abi=hard -mthumb -o "Drivers/BSP/STM32WBAxx_Nucleo/stm32wbaxx_nucleo.o"
arm-none-eabi-gcc -mcpu=cortex-m33 -g3 -DDEBUG -c -x assembler-with-cpp -MMD -MP -MF"Core/Startup/startup_stm32wba52cgux.d" -MT"Core/Startup/startup_stm32wba52cgux.o" --specs=nano.specs -mfpu=fpv5-sp-d16 -mfloat-abi=hard -mthumb -o "Core/Startup/startup_stm32wba52cgux.o" "../Core/Startup/startup_stm32wba52cgux.s"
arm-none-eabi-gcc "../Core/Src/main.c" -mcpu=cortex-m33 -std=gnu11 -g3 -DDEBUG -DUSE_NUCLEO_64 -DUSE_HAL_DRIVER -DSTM32WBA52xx -c -I../Core/Inc -I../Drivers/STM32WBAxx_HAL_Driver/Inc -I../Drivers/STM32WBAxx_HAL_Driver/Inc/Legacy -I../Drivers/BSP/STM32WBAxx_Nucleo -I../Drivers/CMSIS/Device/ST/STM32WBAxx/Include -I../Drivers/CMSIS/Include -O0 -ffunction-sections -fdata-sections -Wall -fstack-usage -fcyclomatic-complexity -MMD -MP -MF"Core/Src/main.d" -MT"Core/Src/main.o" --specs=nano.specs -mfpu=fpv5-sp-d16 -mfloat-abi=hard -mthumb -o "Core/Src/main.o"
arm-none-eabi-gcc "../Core/Src/stm32wbaxx_hal_msp.c" -mcpu=cortex-m33 -std=gnu11 -g3 -DDEBUG -DUSE_NUCLEO_64 -DUSE_HAL_DRIVER -DSTM32WBA52xx -c -I../Core/Inc -I../Drivers/STM32WBAxx_HAL_Driver/Inc -I../Drivers/STM32WBAxx_HAL_Driver/Inc/Legacy -I../Drivers/BSP/STM32WBAxx_Nucleo -I../Drivers/CMSIS/Device/ST/STM32WBAxx/Include -I../Drivers/CMSIS/Include -O0 -ffunction-sections -fdata-sections -Wall -fstack-usage -fcyclomatic-complexity -MMD -MP -MF"Core/Src/stm32wbaxx_hal_msp.d" -MT"Core/Src/stm32wbaxx_hal_msp.o" --specs=nano.specs -mfpu=fpv5-sp-d16 -mfloat-abi=hard -mthumb -o "Core/Src/stm32wbaxx_hal_msp.o"
arm-none-eabi-gcc "../Core/Src/stm32wbaxx_it.c" -mcpu=cortex-m33 -std=gnu11 -g3 -DDEBUG -DUSE_NUCLEO_64 -DUSE_HAL_DRIVER -DSTM32WBA52xx -c -I../Core/Inc -I../Drivers/STM32WBAxx_HAL_Driver/Inc -I../Drivers/STM32WBAxx_HAL_Driver/Inc/Legacy -I../Drivers/BSP/STM32WBAxx_Nucleo -I../Drivers/CMSIS/Device/ST/STM32WBAxx/Include -I../Drivers/CMSIS/Include -O0 -ffunction-sections -fdata-sections -Wall -fstack-usage -fcyclomatic-complexity -MMD -MP -MF"Core/Src/stm32wbaxx_it.d" -MT"Core/Src/stm32wbaxx_it.o" --specs=nano.specs -mfpu=fpv5-sp-d16 -mfloat-abi=hard -mthumb -o "Core/Src/stm32wbaxx_it.o"
arm-none-eabi-gcc "../Core/Src/syscalls.c" -mcpu=cortex-m33 -std=gnu11 -g3 -DDEBUG -DUSE_NUCLEO_64 -DUSE_HAL_DRIVER -DSTM32WBA52xx -c -I../Core/Inc -I../Drivers/STM32WBAxx_HAL_Driver/Inc -I../Drivers/STM32WBAxx_HAL_Driver/Inc/Legacy -I../Drivers/BSP/STM32WBAxx_Nucleo -I../Drivers/CMSIS/Device/ST/STM32WBAxx/Include -I../Drivers/CMSIS/Include -O0 -ffunction-sections -fdata-sections -Wall -fstack-usage -fcyclomatic-complexity -MMD -MP -MF"Core/Src/syscalls.d" -MT"Core/Src/syscalls.o" --specs=nano.specs -mfpu=fpv5-sp-d16 -mfloat-abi=hard -mthumb -o "Core/Src/syscalls.o"
arm-none-eabi-gcc "../Core/Src/sysmem.c" -mcpu=cortex-m33 -std=gnu11 -g3 -DDEBUG -DUSE_NUCLEO_64 -DUSE_HAL_DRIVER -DSTM32WBA52xx -c -I../Core/Inc -I../Drivers/STM32WBAxx_HAL_Driver/Inc -I../Drivers/STM32WBAxx_HAL_Driver/Inc/Legacy -I../Drivers/BSP/STM32WBAxx_Nucleo -I../Drivers/CMSIS/Device/ST/STM32WBAxx/Include -I../Drivers/CMSIS/Include -O0 -ffunction-sections -fdata-sections -Wall -fstack-usage -fcyclomatic-complexity -MMD -MP -MF"Core/Src/sysmem.d" -MT"Core/Src/sysmem.o" --specs=nano.specs -mfpu=fpv5-sp-d16 -mfloat-abi=hard -mthumb -o "Core/Src/sysmem.o"
arm-none-eabi-gcc "../Core/Src/system_stm32wbaxx.c" -mcpu=cortex-m33 -std=gnu11 -g3 -DDEBUG -DUSE_NUCLEO_64 -DUSE_HAL_DRIVER -DSTM32WBA52xx -c -I../Core/Inc -I../Drivers/STM32WBAxx_HAL_Driver/Inc -I../Drivers/STM32WBAxx_HAL_Driver/Inc/Legacy -I../Drivers/BSP/STM32WBAxx_Nucleo -I../Drivers/CMSIS/Device/ST/STM32WBAxx/Include -I../Drivers/CMSIS/Include -O0 -ffunction-sections -fdata-sections -Wall -fstack-usage -fcyclomatic-complexity -MMD -MP -MF"Core/Src/system_stm32wbaxx.d" -MT"Core/Src/system_stm32wbaxx.o" --specs=nano.specs -mfpu=fpv5-sp-d16 -mfloat-abi=hard -mthumb -o "Core/Src/system_stm32wbaxx.o"
arm-none-eabi-gcc -o "LCD_Sring.elf" @"objects.list"   -mcpu=cortex-m33 -T"D:\Micro_Controller\STM32\Projects\LCD_Projects\LCD_Sring\STM32WBA52CGUX_FLASH.ld" --specs=nosys.specs -Wl,-Map="LCD_Sring.map" -Wl,--gc-sections -static --specs=nano.specs -mfpu=fpv5-sp-d16 -mfloat-abi=hard -mthumb -Wl,--start-group -lc -lm -Wl,--end-group
Finished building target: LCD_Sring.elf
 
arm-none-eabi-size  LCD_Sring.elf 
arm-none-eabi-objdump -h -S LCD_Sring.elf  > "LCD_Sring.list"
   text	   data	    bss	    dec	    hex	filename
  11820	     60	   1772	  13652	   3554	LCD_Sring.elf
Finished building: default.size.stdout
 
Finished building: LCD_Sring.list
 
00:18:45 **** Incremental Build of configuration Debug for project LCD_Sring ****
make -j12 all 
arm-none-eabi-size  LCD_Sring.elf 
   text	   data	    bss	    dec	    hex	filename
  11820	     60	   1772	  13652	   3554	LCD_Sring.elf
Finished building: default.size.stdout
 
00:36:47 **** Incremental Build of configuration Debug for project LCD_Sring ****
make -j12 all 
arm-none-eabi-gcc "../Core/Src/LCD.c" -mcpu=cortex-m33 -std=gnu11 -g3 -DDEBUG -DUSE_NUCLEO_64 -DUSE_HAL_DRIVER -DSTM32WBA52xx -c -I../Core/Inc -I../Drivers/STM32WBAxx_HAL_Driver/Inc -I../Drivers/STM32WBAxx_HAL_Driver/Inc/Legacy -I../Drivers/BSP/STM32WBAxx_Nucleo -I../Drivers/CMSIS/Device/ST/STM32WBAxx/Include -I../Drivers/CMSIS/Include -O0 -ffunction-sections -fdata-sections -Wall -fstack-usage -fcyclomatic-complexity -MMD -MP -MF"Core/Src/LCD.d" -MT"Core/Src/LCD.o" --specs=nano.specs -mfpu=fpv5-sp-d16 -mfloat-abi=hard -mthumb -o "Core/Src/LCD.o"
arm-none-eabi-gcc "../Core/Src/main.c" -mcpu=cortex-m33 -std=gnu11 -g3 -DDEBUG -DUSE_NUCLEO_64 -DUSE_HAL_DRIVER -DSTM32WBA52xx -c -I../Core/Inc -I../Drivers/STM32WBAxx_HAL_Driver/Inc -I../Drivers/STM32WBAxx_HAL_Driver/Inc/Legacy -I../Drivers/BSP/STM32WBAxx_Nucleo -I../Drivers/CMSIS/Device/ST/STM32WBAxx/Include -I../Drivers/CMSIS/Include -O0 -ffunction-sections -fdata-sections -Wall -fstack-usage -fcyclomatic-complexity -MMD -MP -MF"Core/Src/main.d" -MT"Core/Src/main.o" --specs=nano.specs -mfpu=fpv5-sp-d16 -mfloat-abi=hard -mthumb -o "Core/Src/main.o"
arm-none-eabi-gcc "../Core/Src/stm32wbaxx_hal_msp.c" -mcpu=cortex-m33 -std=gnu11 -g3 -DDEBUG -DUSE_NUCLEO_64 -DUSE_HAL_DRIVER -DSTM32WBA52xx -c -I../Core/Inc -I../Drivers/STM32WBAxx_HAL_Driver/Inc -I../Drivers/STM32WBAxx_HAL_Driver/Inc/Legacy -I../Drivers/BSP/STM32WBAxx_Nucleo -I../Drivers/CMSIS/Device/ST/STM32WBAxx/Include -I../Drivers/CMSIS/Include -O0 -ffunction-sections -fdata-sections -Wall -fstack-usage -fcyclomatic-complexity -MMD -MP -MF"Core/Src/stm32wbaxx_hal_msp.d" -MT"Core/Src/stm32wbaxx_hal_msp.o" --specs=nano.specs -mfpu=fpv5-sp-d16 -mfloat-abi=hard -mthumb -o "Core/Src/stm32wbaxx_hal_msp.o"
arm-none-eabi-gcc "../Core/Src/stm32wbaxx_it.c" -mcpu=cortex-m33 -std=gnu11 -g3 -DDEBUG -DUSE_NUCLEO_64 -DUSE_HAL_DRIVER -DSTM32WBA52xx -c -I../Core/Inc -I../Drivers/STM32WBAxx_HAL_Driver/Inc -I../Drivers/STM32WBAxx_HAL_Driver/Inc/Legacy -I../Drivers/BSP/STM32WBAxx_Nucleo -I../Drivers/CMSIS/Device/ST/STM32WBAxx/Include -I../Drivers/CMSIS/Include -O0 -ffunction-sections -fdata-sections -Wall -fstack-usage -fcyclomatic-complexity -MMD -MP -MF"Core/Src/stm32wbaxx_it.d" -MT"Core/Src/stm32wbaxx_it.o" --specs=nano.specs -mfpu=fpv5-sp-d16 -mfloat-abi=hard -mthumb -o "Core/Src/stm32wbaxx_it.o"
arm-none-eabi-gcc "../Core/Src/syscalls.c" -mcpu=cortex-m33 -std=gnu11 -g3 -DDEBUG -DUSE_NUCLEO_64 -DUSE_HAL_DRIVER -DSTM32WBA52xx -c -I../Core/Inc -I../Drivers/STM32WBAxx_HAL_Driver/Inc -I../Drivers/STM32WBAxx_HAL_Driver/Inc/Legacy -I../Drivers/BSP/STM32WBAxx_Nucleo -I../Drivers/CMSIS/Device/ST/STM32WBAxx/Include -I../Drivers/CMSIS/Include -O0 -ffunction-sections -fdata-sections -Wall -fstack-usage -fcyclomatic-complexity -MMD -MP -MF"Core/Src/syscalls.d" -MT"Core/Src/syscalls.o" --specs=nano.specs -mfpu=fpv5-sp-d16 -mfloat-abi=hard -mthumb -o "Core/Src/syscalls.o"
arm-none-eabi-gcc "../Core/Src/sysmem.c" -mcpu=cortex-m33 -std=gnu11 -g3 -DDEBUG -DUSE_NUCLEO_64 -DUSE_HAL_DRIVER -DSTM32WBA52xx -c -I../Core/Inc -I../Drivers/STM32WBAxx_HAL_Driver/Inc -I../Drivers/STM32WBAxx_HAL_Driver/Inc/Legacy -I../Drivers/BSP/STM32WBAxx_Nucleo -I../Drivers/CMSIS/Device/ST/STM32WBAxx/Include -I../Drivers/CMSIS/Include -O0 -ffunction-sections -fdata-sections -Wall -fstack-usage -fcyclomatic-complexity -MMD -MP -MF"Core/Src/sysmem.d" -MT"Core/Src/sysmem.o" --specs=nano.specs -mfpu=fpv5-sp-d16 -mfloat-abi=hard -mthumb -o "Core/Src/sysmem.o"
arm-none-eabi-gcc "../Core/Src/system_stm32wbaxx.c" -mcpu=cortex-m33 -std=gnu11 -g3 -DDEBUG -DUSE_NUCLEO_64 -DUSE_HAL_DRIVER -DSTM32WBA52xx -c -I../Core/Inc -I../Drivers/STM32WBAxx_HAL_Driver/Inc -I../Drivers/STM32WBAxx_HAL_Driver/Inc/Legacy -I../Drivers/BSP/STM32WBAxx_Nucleo -I../Drivers/CMSIS/Device/ST/STM32WBAxx/Include -I../Drivers/CMSIS/Include -O0 -ffunction-sections -fdata-sections -Wall -fstack-usage -fcyclomatic-complexity -MMD -MP -MF"Core/Src/system_stm32wbaxx.d" -MT"Core/Src/system_stm32wbaxx.o" --specs=nano.specs -mfpu=fpv5-sp-d16 -mfloat-abi=hard -mthumb -o "Core/Src/system_stm32wbaxx.o"
In file included from ../Core/Src/LCD.c:2:
../Core/Inc/LCD.h:12:26: error: 'GPIO_PIN_14' undeclared here (not in a function)
   12 | uint16_t data_pins[8] = {GPIO_PIN_14, GPIO_PIN_0, GPIO_PIN_9, GPIO_PIN_15, GPIO_PIN_9, GPIO_PIN_12, GPIO_PIN_15, GPIO_PIN_3};
      |                          ^~~~~~~~~~~
../Core/Inc/LCD.h:12:39: error: 'GPIO_PIN_0' undeclared here (not in a function)
   12 | uint16_t data_pins[8] = {GPIO_PIN_14, GPIO_PIN_0, GPIO_PIN_9, GPIO_PIN_15, GPIO_PIN_9, GPIO_PIN_12, GPIO_PIN_15, GPIO_PIN_3};
      |                                       ^~~~~~~~~~
../Core/Inc/LCD.h:12:51: error: 'GPIO_PIN_9' undeclared here (not in a function)
   12 | uint16_t data_pins[8] = {GPIO_PIN_14, GPIO_PIN_0, GPIO_PIN_9, GPIO_PIN_15, GPIO_PIN_9, GPIO_PIN_12, GPIO_PIN_15, GPIO_PIN_3};
      |                                                   ^~~~~~~~~~
../Core/Inc/LCD.h:12:63: error: 'GPIO_PIN_15' undeclared here (not in a function)
   12 | uint16_t data_pins[8] = {GPIO_PIN_14, GPIO_PIN_0, GPIO_PIN_9, GPIO_PIN_15, GPIO_PIN_9, GPIO_PIN_12, GPIO_PIN_15, GPIO_PIN_3};
      |                                                               ^~~~~~~~~~~
../Core/Inc/LCD.h:12:88: error: 'GPIO_PIN_12' undeclared here (not in a function)
   12 | uint16_t data_pins[8] = {GPIO_PIN_14, GPIO_PIN_0, GPIO_PIN_9, GPIO_PIN_15, GPIO_PIN_9, GPIO_PIN_12, GPIO_PIN_15, GPIO_PIN_3};
      |                                                                                        ^~~~~~~~~~~
../Core/Inc/LCD.h:12:114: error: 'GPIO_PIN_3' undeclared here (not in a function)
   12 | uint16_t data_pins[8] = {GPIO_PIN_14, GPIO_PIN_0, GPIO_PIN_9, GPIO_PIN_15, GPIO_PIN_9, GPIO_PIN_12, GPIO_PIN_15, GPIO_PIN_3};
      |                                                                                                                  ^~~~~~~~~~
../Core/Src/LCD.c: In function 'LCD_busy':
../Core/Src/LCD.c:9:9: warning: implicit declaration of function 'HAL_GPIO_WritePin' [-Wimplicit-function-declaration]
    9 |         HAL_GPIO_WritePin(GPIOB, RS_PIN , GPIO_PIN_RESET);
      |         ^~~~~~~~~~~~~~~~~
../Core/Inc/LCD.h:5:16: error: 'GPIOB_PIN_7' undeclared (first use in this function); did you mean 'GPIOB_NS'?
    5 | #define RS_PIN GPIOB_PIN_7;
      |                ^~~~~~~~~~~
../Core/Src/LCD.c:9:34: note: in expansion of macro 'RS_PIN'
    9 |         HAL_GPIO_WritePin(GPIOB, RS_PIN , GPIO_PIN_RESET);
      |                                  ^~~~~~
../Core/Inc/LCD.h:5:16: note: each undeclared identifier is reported only once for each function it appears in
    5 | #define RS_PIN GPIOB_PIN_7;
      |                ^~~~~~~~~~~
../Core/Src/LCD.c:9:34: note: in expansion of macro 'RS_PIN'
    9 |         HAL_GPIO_WritePin(GPIOB, RS_PIN , GPIO_PIN_RESET);
      |                                  ^~~~~~
../Core/Inc/LCD.h:5:27: error: expected ')' before ';' token
    5 | #define RS_PIN GPIOB_PIN_7;
      |                           ^
../Core/Src/LCD.c:9:34: note: in expansion of macro 'RS_PIN'
    9 |         HAL_GPIO_WritePin(GPIOB, RS_PIN , GPIO_PIN_RESET);
      |                                  ^~~~~~
../Core/Src/LCD.c:9:26: note: to match this '('
    9 |         HAL_GPIO_WritePin(GPIOB, RS_PIN , GPIO_PIN_RESET);
      |                          ^
../Core/Inc/LCD.h:6:16: error: 'GPIOB_PIN_6' undeclared (first use in this function); did you mean 'GPIOB_NS'?
    6 | #define RW_PIN GPIOB_PIN_6;
      |                ^~~~~~~~~~~
../Core/Src/LCD.c:10:34: note: in expansion of macro 'RW_PIN'
   10 |         HAL_GPIO_WritePin(GPIOB, RW_PIN , GPIO_PIN_RESET);
      |                                  ^~~~~~
../Core/Inc/LCD.h:6:27: error: expected ')' before ';' token
    6 | #define RW_PIN GPIOB_PIN_6;
      |                           ^
../Core/Src/LCD.c:10:34: note: in expansion of macro 'RW_PIN'
   10 |         HAL_GPIO_WritePin(GPIOB, RW_PIN , GPIO_PIN_RESET);
      |                                  ^~~~~~
../Core/Src/LCD.c:10:26: note: to match this '('
   10 |         HAL_GPIO_WritePin(GPIOB, RW_PIN , GPIO_PIN_RESET);
      |                          ^
../Core/Src/LCD.c:11:15: error: 'busy' undeclared (first use in this function)
   11 |         while(busy == 0);
      |               ^~~~
../Core/Src/LCD.c: In function 'LCD_cmd':
../Core/Src/LCD.c:18:83: error: 'GPIO_PIN_SET' undeclared (first use in this function)
   18 |                 HAL_GPIO_WritePin(data_ports[i], data_pins[i], (cmd & (1 << i)) ? GPIO_PIN_SET : GPIO_PIN_RESET);
      |                                                                                   ^~~~~~~~~~~~
../Core/Src/LCD.c:18:98: error: 'GPIO_PIN_RESET' undeclared (first use in this function)
   18 |                 HAL_GPIO_WritePin(data_ports[i], data_pins[i], (cmd & (1 << i)) ? GPIO_PIN_SET : GPIO_PIN_RESET);
      |                                                                                                  ^~~~~~~~~~~~~~
../Core/Inc/LCD.h:5:16: error: 'GPIOB_PIN_7' undeclared (first use in this function); did you mean 'GPIOB_NS'?
    5 | #define RS_PIN GPIOB_PIN_7;
      |                ^~~~~~~~~~~
../Core/Src/LCD.c:20:35: note: in expansion of macro 'RS_PIN'
   20 |          HAL_GPIO_WritePin(GPIOB, RS_PIN , GPIO_PIN_RESET);
      |                                   ^~~~~~
../Core/Inc/LCD.h:5:27: error: expected ')' before ';' token
    5 | #define RS_PIN GPIOB_PIN_7;
      |                           ^
../Core/Src/LCD.c:20:35: note: in expansion of macro 'RS_PIN'
   20 |          HAL_GPIO_WritePin(GPIOB, RS_PIN , GPIO_PIN_RESET);
      |                                   ^~~~~~
../Core/Src/LCD.c:20:27: note: to match this '('
   20 |          HAL_GPIO_WritePin(GPIOB, RS_PIN , GPIO_PIN_RESET);
      |                           ^
../Core/Inc/LCD.h:6:16: error: 'GPIOB_PIN_6' undeclared (first use in this function); did you mean 'GPIOB_NS'?
    6 | #define RW_PIN GPIOB_PIN_6;
      |                ^~~~~~~~~~~
../Core/Src/LCD.c:21:35: note: in expansion of macro 'RW_PIN'
   21 |          HAL_GPIO_WritePin(GPIOB, RW_PIN , GPIO_PIN_RESET);
      |                                   ^~~~~~
../Core/Inc/LCD.h:6:27: error: expected ')' before ';' token
    6 | #define RW_PIN GPIOB_PIN_6;
      |                           ^
../Core/Src/LCD.c:21:35: note: in expansion of macro 'RW_PIN'
   21 |          HAL_GPIO_WritePin(GPIOB, RW_PIN , GPIO_PIN_RESET);
      |                                   ^~~~~~
../Core/Src/LCD.c:21:27: note: to match this '('
   21 |          HAL_GPIO_WritePin(GPIOB, RW_PIN , GPIO_PIN_RESET);
      |                           ^
../Core/Inc/LCD.h:7:16: error: 'GPIOB_PIN_13' undeclared (first use in this function)
    7 | #define EN_PIN GPIOB_PIN_13;
      |                ^~~~~~~~~~~~
../Core/Src/LCD.c:22:35: note: in expansion of macro 'EN_PIN'
   22 |          HAL_GPIO_WritePin(GPIOB, EN_PIN , GPIO_PIN_SET);
      |                                   ^~~~~~
../Core/Inc/LCD.h:7:28: error: expected ')' before ';' token
    7 | #define EN_PIN GPIOB_PIN_13;
      |                            ^
../Core/Src/LCD.c:22:35: note: in expansion of macro 'EN_PIN'
   22 |          HAL_GPIO_WritePin(GPIOB, EN_PIN , GPIO_PIN_SET);
      |                                   ^~~~~~
../Core/Src/LCD.c:22:27: note: to match this '('
   22 |          HAL_GPIO_WritePin(GPIOB, EN_PIN , GPIO_PIN_SET);
      |                           ^
../Core/Src/LCD.c:23:10: warning: implicit declaration of function 'HAL_Delay' [-Wimplicit-function-declaration]
   23 |          HAL_Delay(1);
      |          ^~~~~~~~~
../Core/Inc/LCD.h:7:28: error: expected ')' before ';' token
    7 | #define EN_PIN GPIOB_PIN_13;
      |                            ^
../Core/Src/LCD.c:24:35: note: in expansion of macro 'EN_PIN'
   24 |          HAL_GPIO_WritePin(GPIOB, EN_PIN , GPIO_PIN_RESET);
      |                                   ^~~~~~
../Core/Src/LCD.c:24:27: note: to match this '('
   24 |          HAL_GPIO_WritePin(GPIOB, EN_PIN , GPIO_PIN_RESET);
      |                           ^
../Core/Src/LCD.c: In function 'LCD_data':
../Core/Src/LCD.c:32:93: error: 'GPIO_PIN_SET' undeclared (first use in this function)
   32 |                         HAL_GPIO_WritePin(data_ports[i], data_pins[i], (data1 & (1 << i)) ? GPIO_PIN_SET : GPIO_PIN_RESET);
      |                                                                                             ^~~~~~~~~~~~
../Core/Src/LCD.c:32:108: error: 'GPIO_PIN_RESET' undeclared (first use in this function)
   32 |                         HAL_GPIO_WritePin(data_ports[i], data_pins[i], (data1 & (1 << i)) ? GPIO_PIN_SET : GPIO_PIN_RESET);
      |                                                                                                            ^~~~~~~~~~~~~~
../Core/Inc/LCD.h:5:16: error: 'GPIOB_PIN_7' undeclared (first use in this function); did you mean 'GPIOB_NS'?
    5 | #define RS_PIN GPIOB_PIN_7;
      |                ^~~~~~~~~~~
../Core/Src/LCD.c:34:43: note: in expansion of macro 'RS_PIN'
   34 |                  HAL_GPIO_WritePin(GPIOB, RS_PIN , GPIO_PIN_SET);
      |                                           ^~~~~~
../Core/Inc/LCD.h:5:27: error: expected ')' before ';' token
    5 | #define RS_PIN GPIOB_PIN_7;
      |                           ^
../Core/Src/LCD.c:34:43: note: in expansion of macro 'RS_PIN'
   34 |                  HAL_GPIO_WritePin(GPIOB, RS_PIN , GPIO_PIN_SET);
      |                                           ^~~~~~
../Core/Src/LCD.c:34:35: note: to match this '('
   34 |                  HAL_GPIO_WritePin(GPIOB, RS_PIN , GPIO_PIN_SET);
      |                                   ^
../Core/Inc/LCD.h:6:16: error: 'GPIOB_PIN_6' undeclared (first use in this function); did you mean 'GPIOB_NS'?
    6 | #define RW_PIN GPIOB_PIN_6;
      |                ^~~~~~~~~~~
../Core/Src/LCD.c:35:43: note: in expansion of macro 'RW_PIN'
   35 |                  HAL_GPIO_WritePin(GPIOB, RW_PIN , GPIO_PIN_RESET);
      |                                           ^~~~~~
../Core/Inc/LCD.h:6:27: error: expected ')' before ';' token
    6 | #define RW_PIN GPIOB_PIN_6;
      |                           ^
../Core/Src/LCD.c:35:43: note: in expansion of macro 'RW_PIN'
   35 |                  HAL_GPIO_WritePin(GPIOB, RW_PIN , GPIO_PIN_RESET);
      |                                           ^~~~~~
../Core/Src/LCD.c:35:35: note: to match this '('
   35 |                  HAL_GPIO_WritePin(GPIOB, RW_PIN , GPIO_PIN_RESET);
      |                                   ^
../Core/Inc/LCD.h:7:16: error: 'GPIOB_PIN_13' undeclared (first use in this function)
    7 | #define EN_PIN GPIOB_PIN_13;
      |                ^~~~~~~~~~~~
../Core/Src/LCD.c:36:43: note: in expansion of macro 'EN_PIN'
   36 |                  HAL_GPIO_WritePin(GPIOB, EN_PIN , GPIO_PIN_SET);
      |                                           ^~~~~~
../Core/Inc/LCD.h:7:28: error: expected ')' before ';' token
    7 | #define EN_PIN GPIOB_PIN_13;
      |                            ^
../Core/Src/LCD.c:36:43: note: in expansion of macro 'EN_PIN'
   36 |                  HAL_GPIO_WritePin(GPIOB, EN_PIN , GPIO_PIN_SET);
      |                                           ^~~~~~
../Core/Src/LCD.c:36:35: note: to match this '('
   36 |                  HAL_GPIO_WritePin(GPIOB, EN_PIN , GPIO_PIN_SET);
      |                                   ^
../Core/Inc/LCD.h:7:28: error: expected ')' before ';' token
    7 | #define EN_PIN GPIOB_PIN_13;
      |                            ^
../Core/Src/LCD.c:38:43: note: in expansion of macro 'EN_PIN'
   38 |                  HAL_GPIO_WritePin(GPIOB, EN_PIN , GPIO_PIN_RESET);
      |                                           ^~~~~~
../Core/Src/LCD.c:38:35: note: to match this '('
   38 |                  HAL_GPIO_WritePin(GPIOB, EN_PIN , GPIO_PIN_RESET);
      |                                   ^
make: *** [Core/Src/subdir.mk:37: Core/Src/LCD.o] Error 1
"make -j12 all" terminated with exit code 2. Build might be incomplete.
00:39:01 **** Incremental Build of configuration Debug for project LCD_Sring ****
make -j12 all 
arm-none-eabi-gcc "../Core/Src/LCD.c" -mcpu=cortex-m33 -std=gnu11 -g3 -DDEBUG -DUSE_NUCLEO_64 -DUSE_HAL_DRIVER -DSTM32WBA52xx -c -I../Core/Inc -I../Drivers/STM32WBAxx_HAL_Driver/Inc -I../Drivers/STM32WBAxx_HAL_Driver/Inc/Legacy -I../Drivers/BSP/STM32WBAxx_Nucleo -I../Drivers/CMSIS/Device/ST/STM32WBAxx/Include -I../Drivers/CMSIS/Include -O0 -ffunction-sections -fdata-sections -Wall -fstack-usage -fcyclomatic-complexity -MMD -MP -MF"Core/Src/LCD.d" -MT"Core/Src/LCD.o" --specs=nano.specs -mfpu=fpv5-sp-d16 -mfloat-abi=hard -mthumb -o "Core/Src/LCD.o"
In file included from ../Core/Src/LCD.c:2:
../Core/Inc/LCD.h:12:26: error: 'GPIO_PIN_14' undeclared here (not in a function)
   12 | uint16_t data_pins[8] = {GPIO_PIN_14, GPIO_PIN_0, GPIO_PIN_9, GPIO_PIN_15, GPIO_PIN_9, GPIO_PIN_12, GPIO_PIN_15, GPIO_PIN_3};
      |                          ^~~~~~~~~~~
../Core/Inc/LCD.h:12:39: error: 'GPIO_PIN_0' undeclared here (not in a function)
   12 | uint16_t data_pins[8] = {GPIO_PIN_14, GPIO_PIN_0, GPIO_PIN_9, GPIO_PIN_15, GPIO_PIN_9, GPIO_PIN_12, GPIO_PIN_15, GPIO_PIN_3};
      |                                       ^~~~~~~~~~
../Core/Inc/LCD.h:12:51: error: 'GPIO_PIN_9' undeclared here (not in a function)
   12 | uint16_t data_pins[8] = {GPIO_PIN_14, GPIO_PIN_0, GPIO_PIN_9, GPIO_PIN_15, GPIO_PIN_9, GPIO_PIN_12, GPIO_PIN_15, GPIO_PIN_3};
      |                                                   ^~~~~~~~~~
../Core/Inc/LCD.h:12:63: error: 'GPIO_PIN_15' undeclared here (not in a function)
   12 | uint16_t data_pins[8] = {GPIO_PIN_14, GPIO_PIN_0, GPIO_PIN_9, GPIO_PIN_15, GPIO_PIN_9, GPIO_PIN_12, GPIO_PIN_15, GPIO_PIN_3};
      |                                                               ^~~~~~~~~~~
../Core/Inc/LCD.h:12:88: error: 'GPIO_PIN_12' undeclared here (not in a function)
   12 | uint16_t data_pins[8] = {GPIO_PIN_14, GPIO_PIN_0, GPIO_PIN_9, GPIO_PIN_15, GPIO_PIN_9, GPIO_PIN_12, GPIO_PIN_15, GPIO_PIN_3};
      |                                                                                        ^~~~~~~~~~~
../Core/Inc/LCD.h:12:114: error: 'GPIO_PIN_3' undeclared here (not in a function)
   12 | uint16_t data_pins[8] = {GPIO_PIN_14, GPIO_PIN_0, GPIO_PIN_9, GPIO_PIN_15, GPIO_PIN_9, GPIO_PIN_12, GPIO_PIN_15, GPIO_PIN_3};
      |                                                                                                                  ^~~~~~~~~~
../Core/Src/LCD.c: In function 'LCD_busy':
../Core/Src/LCD.c:9:9: warning: implicit declaration of function 'HAL_GPIO_WritePin' [-Wimplicit-function-declaration]
    9 |         HAL_GPIO_WritePin(GPIOB, RS_PIN , GPIO_PIN_RESET);
      |         ^~~~~~~~~~~~~~~~~
../Core/Inc/LCD.h:5:16: error: 'GPIOB_PIN_7' undeclared (first use in this function); did you mean 'GPIOB_NS'?
    5 | #define RS_PIN GPIOB_PIN_7;
      |                ^~~~~~~~~~~
../Core/Src/LCD.c:9:34: note: in expansion of macro 'RS_PIN'
    9 |         HAL_GPIO_WritePin(GPIOB, RS_PIN , GPIO_PIN_RESET);
      |                                  ^~~~~~
../Core/Inc/LCD.h:5:16: note: each undeclared identifier is reported only once for each function it appears in
    5 | #define RS_PIN GPIOB_PIN_7;
      |                ^~~~~~~~~~~
../Core/Src/LCD.c:9:34: note: in expansion of macro 'RS_PIN'
    9 |         HAL_GPIO_WritePin(GPIOB, RS_PIN , GPIO_PIN_RESET);
      |                                  ^~~~~~
../Core/Inc/LCD.h:5:27: error: expected ')' before ';' token
    5 | #define RS_PIN GPIOB_PIN_7;
      |                           ^
../Core/Src/LCD.c:9:34: note: in expansion of macro 'RS_PIN'
    9 |         HAL_GPIO_WritePin(GPIOB, RS_PIN , GPIO_PIN_RESET);
      |                                  ^~~~~~
../Core/Src/LCD.c:9:26: note: to match this '('
    9 |         HAL_GPIO_WritePin(GPIOB, RS_PIN , GPIO_PIN_RESET);
      |                          ^
../Core/Inc/LCD.h:6:16: error: 'GPIOB_PIN_6' undeclared (first use in this function); did you mean 'GPIOB_NS'?
    6 | #define RW_PIN GPIOB_PIN_6;
      |                ^~~~~~~~~~~
../Core/Src/LCD.c:10:34: note: in expansion of macro 'RW_PIN'
   10 |         HAL_GPIO_WritePin(GPIOB, RW_PIN , GPIO_PIN_RESET);
      |                                  ^~~~~~
../Core/Inc/LCD.h:6:27: error: expected ')' before ';' token
    6 | #define RW_PIN GPIOB_PIN_6;
      |                           ^
../Core/Src/LCD.c:10:34: note: in expansion of macro 'RW_PIN'
   10 |         HAL_GPIO_WritePin(GPIOB, RW_PIN , GPIO_PIN_RESET);
      |                                  ^~~~~~
../Core/Src/LCD.c:10:26: note: to match this '('
   10 |         HAL_GPIO_WritePin(GPIOB, RW_PIN , GPIO_PIN_RESET);
      |                          ^
../Core/Src/LCD.c:11:15: error: 'busy' undeclared (first use in this function)
   11 |         while(busy == 0);
      |               ^~~~
../Core/Src/LCD.c: In function 'LCD_cmd':
../Core/Src/LCD.c:18:83: error: 'GPIO_PIN_SET' undeclared (first use in this function)
   18 |                 HAL_GPIO_WritePin(data_ports[i], data_pins[i], (cmd & (1 << i)) ? GPIO_PIN_SET : GPIO_PIN_RESET);
      |                                                                                   ^~~~~~~~~~~~
../Core/Src/LCD.c:18:98: error: 'GPIO_PIN_RESET' undeclared (first use in this function)
   18 |                 HAL_GPIO_WritePin(data_ports[i], data_pins[i], (cmd & (1 << i)) ? GPIO_PIN_SET : GPIO_PIN_RESET);
      |                                                                                                  ^~~~~~~~~~~~~~
../Core/Inc/LCD.h:5:16: error: 'GPIOB_PIN_7' undeclared (first use in this function); did you mean 'GPIOB_NS'?
    5 | #define RS_PIN GPIOB_PIN_7;
      |                ^~~~~~~~~~~
../Core/Src/LCD.c:20:35: note: in expansion of macro 'RS_PIN'
   20 |          HAL_GPIO_WritePin(GPIOB, RS_PIN , GPIO_PIN_RESET)
      |                                   ^~~~~~
../Core/Inc/LCD.h:5:27: error: expected ')' before ';' token
    5 | #define RS_PIN GPIOB_PIN_7;
      |                           ^
../Core/Src/LCD.c:20:35: note: in expansion of macro 'RS_PIN'
   20 |          HAL_GPIO_WritePin(GPIOB, RS_PIN , GPIO_PIN_RESET)
      |                                   ^~~~~~
../Core/Src/LCD.c:20:27: note: to match this '('
   20 |          HAL_GPIO_WritePin(GPIOB, RS_PIN , GPIO_PIN_RESET)
      |                           ^
../Core/Src/LCD.c:20:59: error: expected ';' before 'HAL_GPIO_WritePin'
   20 |          HAL_GPIO_WritePin(GPIOB, RS_PIN , GPIO_PIN_RESET)
      |                                                           ^
      |                                                           ;
   21 |          HAL_GPIO_WritePin(GPIOB, RW_PIN , GPIO_PIN_RESET);
      |          ~~~~~~~~~~~~~~~~~                                 
../Core/Inc/LCD.h:7:16: error: 'GPIOB_PIN_13' undeclared (first use in this function)
    7 | #define EN_PIN GPIOB_PIN_13;
      |                ^~~~~~~~~~~~
../Core/Src/LCD.c:22:35: note: in expansion of macro 'EN_PIN'
   22 |          HAL_GPIO_WritePin(GPIOB, EN_PIN , GPIO_PIN_SET);
      |                                   ^~~~~~
../Core/Inc/LCD.h:7:28: error: expected ')' before ';' token
    7 | #define EN_PIN GPIOB_PIN_13;
      |                            ^
../Core/Src/LCD.c:22:35: note: in expansion of macro 'EN_PIN'
   22 |          HAL_GPIO_WritePin(GPIOB, EN_PIN , GPIO_PIN_SET);
      |                                   ^~~~~~
../Core/Src/LCD.c:22:27: note: to match this '('
   22 |          HAL_GPIO_WritePin(GPIOB, EN_PIN , GPIO_PIN_SET);
      |                           ^
../Core/Src/LCD.c:23:10: warning: implicit declaration of function 'HAL_Delay' [-Wimplicit-function-declaration]
   23 |          HAL_Delay(1);
      |          ^~~~~~~~~
../Core/Inc/LCD.h:7:28: error: expected ')' before ';' token
    7 | #define EN_PIN GPIOB_PIN_13;
      |                            ^
../Core/Src/LCD.c:24:35: note: in expansion of macro 'EN_PIN'
   24 |          HAL_GPIO_WritePin(GPIOB, EN_PIN , GPIO_PIN_RESET);
      |                                   ^~~~~~
../Core/Src/LCD.c:24:27: note: to match this '('
   24 |          HAL_GPIO_WritePin(GPIOB, EN_PIN , GPIO_PIN_RESET);
      |                           ^
../Core/Src/LCD.c: In function 'LCD_data':
../Core/Src/LCD.c:32:93: error: 'GPIO_PIN_SET' undeclared (first use in this function)
   32 |                         HAL_GPIO_WritePin(data_ports[i], data_pins[i], (data1 & (1 << i)) ? GPIO_PIN_SET : GPIO_PIN_RESET);
      |                                                                                             ^~~~~~~~~~~~
../Core/Src/LCD.c:32:108: error: 'GPIO_PIN_RESET' undeclared (first use in this function)
   32 |                         HAL_GPIO_WritePin(data_ports[i], data_pins[i], (data1 & (1 << i)) ? GPIO_PIN_SET : GPIO_PIN_RESET);
      |                                                                                                            ^~~~~~~~~~~~~~
../Core/Inc/LCD.h:5:16: error: 'GPIOB_PIN_7' undeclared (first use in this function); did you mean 'GPIOB_NS'?
    5 | #define RS_PIN GPIOB_PIN_7;
      |                ^~~~~~~~~~~
../Core/Src/LCD.c:34:43: note: in expansion of macro 'RS_PIN'
   34 |                  HAL_GPIO_WritePin(GPIOB, RS_PIN , GPIO_PIN_SET);
      |                                           ^~~~~~
../Core/Inc/LCD.h:5:27: error: expected ')' before ';' token
    5 | #define RS_PIN GPIOB_PIN_7;
      |                           ^
../Core/Src/LCD.c:34:43: note: in expansion of macro 'RS_PIN'
   34 |                  HAL_GPIO_WritePin(GPIOB, RS_PIN , GPIO_PIN_SET);
      |                                           ^~~~~~
../Core/Src/LCD.c:34:35: note: to match this '('
   34 |                  HAL_GPIO_WritePin(GPIOB, RS_PIN , GPIO_PIN_SET);
      |                                   ^
../Core/Inc/LCD.h:6:16: error: 'GPIOB_PIN_6' undeclared (first use in this function); did you mean 'GPIOB_NS'?
    6 | #define RW_PIN GPIOB_PIN_6;
      |                ^~~~~~~~~~~
../Core/Src/LCD.c:35:43: note: in expansion of macro 'RW_PIN'
   35 |                  HAL_GPIO_WritePin(GPIOB, RW_PIN , GPIO_PIN_RESET);
      |                                           ^~~~~~
../Core/Inc/LCD.h:6:27: error: expected ')' before ';' token
    6 | #define RW_PIN GPIOB_PIN_6;
      |                           ^
../Core/Src/LCD.c:35:43: note: in expansion of macro 'RW_PIN'
   35 |                  HAL_GPIO_WritePin(GPIOB, RW_PIN , GPIO_PIN_RESET);
      |                                           ^~~~~~
../Core/Src/LCD.c:35:35: note: to match this '('
   35 |                  HAL_GPIO_WritePin(GPIOB, RW_PIN , GPIO_PIN_RESET);
      |                                   ^
../Core/Inc/LCD.h:7:16: error: 'GPIOB_PIN_13' undeclared (first use in this function)
    7 | #define EN_PIN GPIOB_PIN_13;
      |                ^~~~~~~~~~~~
../Core/Src/LCD.c:36:43: note: in expansion of macro 'EN_PIN'
   36 |                  HAL_GPIO_WritePin(GPIOB, EN_PIN , GPIO_PIN_SET);
      |                                           ^~~~~~
../Core/Inc/LCD.h:7:28: error: expected ')' before ';' token
    7 | #define EN_PIN GPIOB_PIN_13;
      |                            ^
../Core/Src/LCD.c:36:43: note: in expansion of macro 'EN_PIN'
   36 |                  HAL_GPIO_WritePin(GPIOB, EN_PIN , GPIO_PIN_SET);
      |                                           ^~~~~~
../Core/Src/LCD.c:36:35: note: to match this '('
   36 |                  HAL_GPIO_WritePin(GPIOB, EN_PIN , GPIO_PIN_SET);
      |                                   ^
../Core/Inc/LCD.h:7:28: error: expected ')' before ';' token
    7 | #define EN_PIN GPIOB_PIN_13;
      |                            ^
../Core/Src/LCD.c:38:43: note: in expansion of macro 'EN_PIN'
   38 |                  HAL_GPIO_WritePin(GPIOB, EN_PIN , GPIO_PIN_RESET);
      |                                           ^~~~~~
../Core/Src/LCD.c:38:35: note: to match this '('
   38 |                  HAL_GPIO_WritePin(GPIOB, EN_PIN , GPIO_PIN_RESET);
      |                                   ^
make: *** [Core/Src/subdir.mk:37: Core/Src/LCD.o] Error 1
"make -j12 all" terminated with exit code 2. Build might be incomplete.
00:40:04 **** Incremental Build of configuration Debug for project LCD_Sring ****
make -j12 all 
arm-none-eabi-gcc "../Core/Src/LCD.c" -mcpu=cortex-m33 -std=gnu11 -g3 -DDEBUG -DUSE_NUCLEO_64 -DUSE_HAL_DRIVER -DSTM32WBA52xx -c -I../Core/Inc -I../Drivers/STM32WBAxx_HAL_Driver/Inc -I../Drivers/STM32WBAxx_HAL_Driver/Inc/Legacy -I../Drivers/BSP/STM32WBAxx_Nucleo -I../Drivers/CMSIS/Device/ST/STM32WBAxx/Include -I../Drivers/CMSIS/Include -O0 -ffunction-sections -fdata-sections -Wall -fstack-usage -fcyclomatic-complexity -MMD -MP -MF"Core/Src/LCD.d" -MT"Core/Src/LCD.o" --specs=nano.specs -mfpu=fpv5-sp-d16 -mfloat-abi=hard -mthumb -o "Core/Src/LCD.o"
In file included from ../Core/Src/LCD.c:1:
../Core/Inc/LCD.h:12:26: error: 'GPIO_PIN_14' undeclared here (not in a function)
   12 | uint16_t data_pins[8] = {GPIO_PIN_14, GPIO_PIN_0, GPIO_PIN_9, GPIO_PIN_15, GPIO_PIN_9, GPIO_PIN_12, GPIO_PIN_15, GPIO_PIN_3};
      |                          ^~~~~~~~~~~
../Core/Inc/LCD.h:12:39: error: 'GPIO_PIN_0' undeclared here (not in a function)
   12 | uint16_t data_pins[8] = {GPIO_PIN_14, GPIO_PIN_0, GPIO_PIN_9, GPIO_PIN_15, GPIO_PIN_9, GPIO_PIN_12, GPIO_PIN_15, GPIO_PIN_3};
      |                                       ^~~~~~~~~~
../Core/Inc/LCD.h:12:51: error: 'GPIO_PIN_9' undeclared here (not in a function)
   12 | uint16_t data_pins[8] = {GPIO_PIN_14, GPIO_PIN_0, GPIO_PIN_9, GPIO_PIN_15, GPIO_PIN_9, GPIO_PIN_12, GPIO_PIN_15, GPIO_PIN_3};
      |                                                   ^~~~~~~~~~
../Core/Inc/LCD.h:12:63: error: 'GPIO_PIN_15' undeclared here (not in a function)
   12 | uint16_t data_pins[8] = {GPIO_PIN_14, GPIO_PIN_0, GPIO_PIN_9, GPIO_PIN_15, GPIO_PIN_9, GPIO_PIN_12, GPIO_PIN_15, GPIO_PIN_3};
      |                                                               ^~~~~~~~~~~
../Core/Inc/LCD.h:12:88: error: 'GPIO_PIN_12' undeclared here (not in a function)
   12 | uint16_t data_pins[8] = {GPIO_PIN_14, GPIO_PIN_0, GPIO_PIN_9, GPIO_PIN_15, GPIO_PIN_9, GPIO_PIN_12, GPIO_PIN_15, GPIO_PIN_3};
      |                                                                                        ^~~~~~~~~~~
../Core/Inc/LCD.h:12:114: error: 'GPIO_PIN_3' undeclared here (not in a function)
   12 | uint16_t data_pins[8] = {GPIO_PIN_14, GPIO_PIN_0, GPIO_PIN_9, GPIO_PIN_15, GPIO_PIN_9, GPIO_PIN_12, GPIO_PIN_15, GPIO_PIN_3};
      |                                                                                                                  ^~~~~~~~~~
../Core/Src/LCD.c: In function 'LCD_busy':
../Core/Src/LCD.c:10:5: warning: implicit declaration of function 'HAL_GPIO_WritePin' [-Wimplicit-function-declaration]
   10 |     HAL_GPIO_WritePin(GPIOB, RS_PIN, GPIO_PIN_RESET);
      |     ^~~~~~~~~~~~~~~~~
../Core/Inc/LCD.h:5:16: error: 'GPIOB_PIN_7' undeclared (first use in this function); did you mean 'GPIOB_NS'?
    5 | #define RS_PIN GPIOB_PIN_7;
      |                ^~~~~~~~~~~
../Core/Src/LCD.c:10:30: note: in expansion of macro 'RS_PIN'
   10 |     HAL_GPIO_WritePin(GPIOB, RS_PIN, GPIO_PIN_RESET);
      |                              ^~~~~~
../Core/Inc/LCD.h:5:16: note: each undeclared identifier is reported only once for each function it appears in
    5 | #define RS_PIN GPIOB_PIN_7;
      |                ^~~~~~~~~~~
../Core/Src/LCD.c:10:30: note: in expansion of macro 'RS_PIN'
   10 |     HAL_GPIO_WritePin(GPIOB, RS_PIN, GPIO_PIN_RESET);
      |                              ^~~~~~
../Core/Inc/LCD.h:5:27: error: expected ')' before ';' token
    5 | #define RS_PIN GPIOB_PIN_7;
      |                           ^
../Core/Src/LCD.c:10:30: note: in expansion of macro 'RS_PIN'
   10 |     HAL_GPIO_WritePin(GPIOB, RS_PIN, GPIO_PIN_RESET);
      |                              ^~~~~~
../Core/Src/LCD.c:10:22: note: to match this '('
   10 |     HAL_GPIO_WritePin(GPIOB, RS_PIN, GPIO_PIN_RESET);
      |                      ^
../Core/Inc/LCD.h:6:16: error: 'GPIOB_PIN_6' undeclared (first use in this function); did you mean 'GPIOB_NS'?
    6 | #define RW_PIN GPIOB_PIN_6;
      |                ^~~~~~~~~~~
../Core/Src/LCD.c:11:30: note: in expansion of macro 'RW_PIN'
   11 |     HAL_GPIO_WritePin(GPIOB, RW_PIN, GPIO_PIN_SET);
      |                              ^~~~~~
../Core/Inc/LCD.h:6:27: error: expected ')' before ';' token
    6 | #define RW_PIN GPIOB_PIN_6;
      |                           ^
../Core/Src/LCD.c:11:30: note: in expansion of macro 'RW_PIN'
   11 |     HAL_GPIO_WritePin(GPIOB, RW_PIN, GPIO_PIN_SET);
      |                              ^~~~~~
../Core/Src/LCD.c:11:22: note: to match this '('
   11 |     HAL_GPIO_WritePin(GPIOB, RW_PIN, GPIO_PIN_SET);
      |                      ^
../Core/Src/LCD.c:14:12: warning: implicit declaration of function 'HAL_GPIO_ReadPin' [-Wimplicit-function-declaration]
   14 |     while (HAL_GPIO_ReadPin(BUSY_PORT, BUSY_PIN) == GPIO_PIN_SET);
      |            ^~~~~~~~~~~~~~~~
../Core/Src/LCD.c:4:18: error: 'GPIO_PIN_1' undeclared (first use in this function)
    4 | #define BUSY_PIN GPIO_PIN_1
      |                  ^~~~~~~~~~
../Core/Src/LCD.c:14:40: note: in expansion of macro 'BUSY_PIN'
   14 |     while (HAL_GPIO_ReadPin(BUSY_PORT, BUSY_PIN) == GPIO_PIN_SET);
      |                                        ^~~~~~~~
../Core/Src/LCD.c:14:53: error: 'GPIO_PIN_SET' undeclared (first use in this function)
   14 |     while (HAL_GPIO_ReadPin(BUSY_PORT, BUSY_PIN) == GPIO_PIN_SET);
      |                                                     ^~~~~~~~~~~~
../Core/Src/LCD.c: In function 'LCD_cmd':
../Core/Src/LCD.c:23:75: error: 'GPIO_PIN_SET' undeclared (first use in this function)
   23 |         HAL_GPIO_WritePin(data_ports[i], data_pins[i], (cmd & (1 << i)) ? GPIO_PIN_SET : GPIO_PIN_RESET);
      |                                                                           ^~~~~~~~~~~~
../Core/Src/LCD.c:23:90: error: 'GPIO_PIN_RESET' undeclared (first use in this function)
   23 |         HAL_GPIO_WritePin(data_ports[i], data_pins[i], (cmd & (1 << i)) ? GPIO_PIN_SET : GPIO_PIN_RESET);
      |                                                                                          ^~~~~~~~~~~~~~
../Core/Inc/LCD.h:5:16: error: 'GPIOB_PIN_7' undeclared (first use in this function); did you mean 'GPIOB_NS'?
    5 | #define RS_PIN GPIOB_PIN_7;
      |                ^~~~~~~~~~~
../Core/Src/LCD.c:26:30: note: in expansion of macro 'RS_PIN'
   26 |     HAL_GPIO_WritePin(GPIOB, RS_PIN, GPIO_PIN_RESET); // Command mode
      |                              ^~~~~~
../Core/Inc/LCD.h:5:27: error: expected ')' before ';' token
    5 | #define RS_PIN GPIOB_PIN_7;
      |                           ^
../Core/Src/LCD.c:26:30: note: in expansion of macro 'RS_PIN'
   26 |     HAL_GPIO_WritePin(GPIOB, RS_PIN, GPIO_PIN_RESET); // Command mode
      |                              ^~~~~~
../Core/Src/LCD.c:26:22: note: to match this '('
   26 |     HAL_GPIO_WritePin(GPIOB, RS_PIN, GPIO_PIN_RESET); // Command mode
      |                      ^
../Core/Inc/LCD.h:6:16: error: 'GPIOB_PIN_6' undeclared (first use in this function); did you mean 'GPIOB_NS'?
    6 | #define RW_PIN GPIOB_PIN_6;
      |                ^~~~~~~~~~~
../Core/Src/LCD.c:27:30: note: in expansion of macro 'RW_PIN'
   27 |     HAL_GPIO_WritePin(GPIOB, RW_PIN, GPIO_PIN_RESET); // Write mode
      |                              ^~~~~~
../Core/Inc/LCD.h:6:27: error: expected ')' before ';' token
    6 | #define RW_PIN GPIOB_PIN_6;
      |                           ^
../Core/Src/LCD.c:27:30: note: in expansion of macro 'RW_PIN'
   27 |     HAL_GPIO_WritePin(GPIOB, RW_PIN, GPIO_PIN_RESET); // Write mode
      |                              ^~~~~~
../Core/Src/LCD.c:27:22: note: to match this '('
   27 |     HAL_GPIO_WritePin(GPIOB, RW_PIN, GPIO_PIN_RESET); // Write mode
      |                      ^
../Core/Inc/LCD.h:7:16: error: 'GPIOB_PIN_13' undeclared (first use in this function)
    7 | #define EN_PIN GPIOB_PIN_13;
      |                ^~~~~~~~~~~~
../Core/Src/LCD.c:28:30: note: in expansion of macro 'EN_PIN'
   28 |     HAL_GPIO_WritePin(GPIOB, EN_PIN, GPIO_PIN_SET);   // Enable
      |                              ^~~~~~
../Core/Inc/LCD.h:7:28: error: expected ')' before ';' token
    7 | #define EN_PIN GPIOB_PIN_13;
      |                            ^
../Core/Src/LCD.c:28:30: note: in expansion of macro 'EN_PIN'
   28 |     HAL_GPIO_WritePin(GPIOB, EN_PIN, GPIO_PIN_SET);   // Enable
      |                              ^~~~~~
../Core/Src/LCD.c:28:22: note: to match this '('
   28 |     HAL_GPIO_WritePin(GPIOB, EN_PIN, GPIO_PIN_SET);   // Enable
      |                      ^
../Core/Src/LCD.c:29:5: warning: implicit declaration of function 'HAL_Delay' [-Wimplicit-function-declaration]
   29 |     HAL_Delay(1);                                     // Short delay
      |     ^~~~~~~~~
../Core/Inc/LCD.h:7:28: error: expected ')' before ';' token
    7 | #define EN_PIN GPIOB_PIN_13;
      |                            ^
../Core/Src/LCD.c:30:30: note: in expansion of macro 'EN_PIN'
   30 |     HAL_GPIO_WritePin(GPIOB, EN_PIN, GPIO_PIN_RESET); // Disable
      |                              ^~~~~~
../Core/Src/LCD.c:30:22: note: to match this '('
   30 |     HAL_GPIO_WritePin(GPIOB, EN_PIN, GPIO_PIN_RESET); // Disable
      |                      ^
../Core/Src/LCD.c: In function 'LCD_data':
../Core/Src/LCD.c:39:77: error: 'GPIO_PIN_SET' undeclared (first use in this function)
   39 |         HAL_GPIO_WritePin(data_ports[i], data_pins[i], (data1 & (1 << i)) ? GPIO_PIN_SET : GPIO_PIN_RESET);
      |                                                                             ^~~~~~~~~~~~
../Core/Src/LCD.c:39:92: error: 'GPIO_PIN_RESET' undeclared (first use in this function)
   39 |         HAL_GPIO_WritePin(data_ports[i], data_pins[i], (data1 & (1 << i)) ? GPIO_PIN_SET : GPIO_PIN_RESET);
      |                                                                                            ^~~~~~~~~~~~~~
../Core/Inc/LCD.h:5:16: error: 'GPIOB_PIN_7' undeclared (first use in this function); did you mean 'GPIOB_NS'?
    5 | #define RS_PIN GPIOB_PIN_7;
      |                ^~~~~~~~~~~
../Core/Src/LCD.c:42:30: note: in expansion of macro 'RS_PIN'
   42 |     HAL_GPIO_WritePin(GPIOB, RS_PIN, GPIO_PIN_SET);   // Data mode
      |                              ^~~~~~
../Core/Inc/LCD.h:5:27: error: expected ')' before ';' token
    5 | #define RS_PIN GPIOB_PIN_7;
      |                           ^
../Core/Src/LCD.c:42:30: note: in expansion of macro 'RS_PIN'
   42 |     HAL_GPIO_WritePin(GPIOB, RS_PIN, GPIO_PIN_SET);   // Data mode
      |                              ^~~~~~
../Core/Src/LCD.c:42:22: note: to match this '('
   42 |     HAL_GPIO_WritePin(GPIOB, RS_PIN, GPIO_PIN_SET);   // Data mode
      |                      ^
../Core/Inc/LCD.h:6:16: error: 'GPIOB_PIN_6' undeclared (first use in this function); did you mean 'GPIOB_NS'?
    6 | #define RW_PIN GPIOB_PIN_6;
      |                ^~~~~~~~~~~
../Core/Src/LCD.c:43:30: note: in expansion of macro 'RW_PIN'
   43 |     HAL_GPIO_WritePin(GPIOB, RW_PIN, GPIO_PIN_RESET); // Write mode
      |                              ^~~~~~
../Core/Inc/LCD.h:6:27: error: expected ')' before ';' token
    6 | #define RW_PIN GPIOB_PIN_6;
      |                           ^
../Core/Src/LCD.c:43:30: note: in expansion of macro 'RW_PIN'
   43 |     HAL_GPIO_WritePin(GPIOB, RW_PIN, GPIO_PIN_RESET); // Write mode
      |                              ^~~~~~
../Core/Src/LCD.c:43:22: note: to match this '('
   43 |     HAL_GPIO_WritePin(GPIOB, RW_PIN, GPIO_PIN_RESET); // Write mode
      |                      ^
../Core/Inc/LCD.h:7:16: error: 'GPIOB_PIN_13' undeclared (first use in this function)
    7 | #define EN_PIN GPIOB_PIN_13;
      |                ^~~~~~~~~~~~
../Core/Src/LCD.c:44:30: note: in expansion of macro 'EN_PIN'
   44 |     HAL_GPIO_WritePin(GPIOB, EN_PIN, GPIO_PIN_SET);   // Enable
      |                              ^~~~~~
../Core/Inc/LCD.h:7:28: error: expected ')' before ';' token
    7 | #define EN_PIN GPIOB_PIN_13;
      |                            ^
../Core/Src/LCD.c:44:30: note: in expansion of macro 'EN_PIN'
   44 |     HAL_GPIO_WritePin(GPIOB, EN_PIN, GPIO_PIN_SET);   // Enable
      |                              ^~~~~~
../Core/Src/LCD.c:44:22: note: to match this '('
   44 |     HAL_GPIO_WritePin(GPIOB, EN_PIN, GPIO_PIN_SET);   // Enable
      |                      ^
../Core/Inc/LCD.h:7:28: error: expected ')' before ';' token
    7 | #define EN_PIN GPIOB_PIN_13;
      |                            ^
../Core/Src/LCD.c:46:30: note: in expansion of macro 'EN_PIN'
   46 |     HAL_GPIO_WritePin(GPIOB, EN_PIN, GPIO_PIN_RESET); // Disable
      |                              ^~~~~~
../Core/Src/LCD.c:46:22: note: to match this '('
   46 |     HAL_GPIO_WritePin(GPIOB, EN_PIN, GPIO_PIN_RESET); // Disable
      |                      ^
make: *** [Core/Src/subdir.mk:37: Core/Src/LCD.o] Error 1
"make -j12 all" terminated with exit code 2. Build might be incomplete.
00:49:20 **** Incremental Build of configuration Debug for project LCD_Sring ****
make -j12 all 
arm-none-eabi-gcc "../Core/Src/LCD.c" -mcpu=cortex-m33 -std=gnu11 -g3 -DDEBUG -DUSE_NUCLEO_64 -DUSE_HAL_DRIVER -DSTM32WBA52xx -c -I../Core/Inc -I../Drivers/STM32WBAxx_HAL_Driver/Inc -I../Drivers/STM32WBAxx_HAL_Driver/Inc/Legacy -I../Drivers/BSP/STM32WBAxx_Nucleo -I../Drivers/CMSIS/Device/ST/STM32WBAxx/Include -I../Drivers/CMSIS/Include -O0 -ffunction-sections -fdata-sections -Wall -fstack-usage -fcyclomatic-complexity -MMD -MP -MF"Core/Src/LCD.d" -MT"Core/Src/LCD.o" --specs=nano.specs -mfpu=fpv5-sp-d16 -mfloat-abi=hard -mthumb -o "Core/Src/LCD.o"
In file included from ../Core/Src/LCD.c:1:
../Core/Inc/LCD.h:18:26: error: 'GPIO_PIN_14' undeclared here (not in a function)
   18 | uint16_t data_pins[8] = {GPIO_PIN_14, GPIO_PIN_0, GPIO_PIN_9, GPIO_PIN_15, GPIO_PIN_9, GPIO_PIN_12, GPIO_PIN_15, GPIO_PIN_3};
      |                          ^~~~~~~~~~~
../Core/Inc/LCD.h:18:39: error: 'GPIO_PIN_0' undeclared here (not in a function)
   18 | uint16_t data_pins[8] = {GPIO_PIN_14, GPIO_PIN_0, GPIO_PIN_9, GPIO_PIN_15, GPIO_PIN_9, GPIO_PIN_12, GPIO_PIN_15, GPIO_PIN_3};
      |                                       ^~~~~~~~~~
../Core/Inc/LCD.h:18:51: error: 'GPIO_PIN_9' undeclared here (not in a function)
   18 | uint16_t data_pins[8] = {GPIO_PIN_14, GPIO_PIN_0, GPIO_PIN_9, GPIO_PIN_15, GPIO_PIN_9, GPIO_PIN_12, GPIO_PIN_15, GPIO_PIN_3};
      |                                                   ^~~~~~~~~~
../Core/Inc/LCD.h:18:63: error: 'GPIO_PIN_15' undeclared here (not in a function)
   18 | uint16_t data_pins[8] = {GPIO_PIN_14, GPIO_PIN_0, GPIO_PIN_9, GPIO_PIN_15, GPIO_PIN_9, GPIO_PIN_12, GPIO_PIN_15, GPIO_PIN_3};
      |                                                               ^~~~~~~~~~~
../Core/Inc/LCD.h:18:88: error: 'GPIO_PIN_12' undeclared here (not in a function)
   18 | uint16_t data_pins[8] = {GPIO_PIN_14, GPIO_PIN_0, GPIO_PIN_9, GPIO_PIN_15, GPIO_PIN_9, GPIO_PIN_12, GPIO_PIN_15, GPIO_PIN_3};
      |                                                                                        ^~~~~~~~~~~
../Core/Inc/LCD.h:18:114: error: 'GPIO_PIN_3' undeclared here (not in a function)
   18 | uint16_t data_pins[8] = {GPIO_PIN_14, GPIO_PIN_0, GPIO_PIN_9, GPIO_PIN_15, GPIO_PIN_9, GPIO_PIN_12, GPIO_PIN_15, GPIO_PIN_3};
      |                                                                                                                  ^~~~~~~~~~
../Core/Src/LCD.c: In function 'LCD_busy':
../Core/Src/LCD.c:10:5: warning: implicit declaration of function 'HAL_GPIO_WritePin' [-Wimplicit-function-declaration]
   10 |     HAL_GPIO_WritePin(GPIOB, RS_PIN, GPIO_PIN_RESET);
      |     ^~~~~~~~~~~~~~~~~
../Core/Inc/LCD.h:5:16: error: 'GPIO_PIN_7' undeclared (first use in this function)
    5 | #define RS_PIN GPIO_PIN_7;
      |                ^~~~~~~~~~
../Core/Src/LCD.c:10:30: note: in expansion of macro 'RS_PIN'
   10 |     HAL_GPIO_WritePin(GPIOB, RS_PIN, GPIO_PIN_RESET);
      |                              ^~~~~~
../Core/Inc/LCD.h:5:16: note: each undeclared identifier is reported only once for each function it appears in
    5 | #define RS_PIN GPIO_PIN_7;
      |                ^~~~~~~~~~
../Core/Src/LCD.c:10:30: note: in expansion of macro 'RS_PIN'
   10 |     HAL_GPIO_WritePin(GPIOB, RS_PIN, GPIO_PIN_RESET);
      |                              ^~~~~~
../Core/Inc/LCD.h:5:26: error: expected ')' before ';' token
    5 | #define RS_PIN GPIO_PIN_7;
      |                          ^
../Core/Src/LCD.c:10:30: note: in expansion of macro 'RS_PIN'
   10 |     HAL_GPIO_WritePin(GPIOB, RS_PIN, GPIO_PIN_RESET);
      |                              ^~~~~~
../Core/Src/LCD.c:10:22: note: to match this '('
   10 |     HAL_GPIO_WritePin(GPIOB, RS_PIN, GPIO_PIN_RESET);
      |                      ^
../Core/Inc/LCD.h:8:16: error: 'GPIO_PIN_6' undeclared (first use in this function)
    8 | #define RW_PIN GPIO_PIN_6;
      |                ^~~~~~~~~~
../Core/Src/LCD.c:11:30: note: in expansion of macro 'RW_PIN'
   11 |     HAL_GPIO_WritePin(GPIOB, RW_PIN, GPIO_PIN_SET);
      |                              ^~~~~~
../Core/Inc/LCD.h:8:26: error: expected ')' before ';' token
    8 | #define RW_PIN GPIO_PIN_6;
      |                          ^
../Core/Src/LCD.c:11:30: note: in expansion of macro 'RW_PIN'
   11 |     HAL_GPIO_WritePin(GPIOB, RW_PIN, GPIO_PIN_SET);
      |                              ^~~~~~
../Core/Src/LCD.c:11:22: note: to match this '('
   11 |     HAL_GPIO_WritePin(GPIOB, RW_PIN, GPIO_PIN_SET);
      |                      ^
../Core/Src/LCD.c:14:12: warning: implicit declaration of function 'HAL_GPIO_ReadPin' [-Wimplicit-function-declaration]
   14 |     while (HAL_GPIO_ReadPin(BUSY_PORT, BUSY_PIN) == GPIO_PIN_SET);
      |            ^~~~~~~~~~~~~~~~
../Core/Src/LCD.c:4:18: error: 'GPIO_PIN_1' undeclared (first use in this function)
    4 | #define BUSY_PIN GPIO_PIN_1
      |                  ^~~~~~~~~~
../Core/Src/LCD.c:14:40: note: in expansion of macro 'BUSY_PIN'
   14 |     while (HAL_GPIO_ReadPin(BUSY_PORT, BUSY_PIN) == GPIO_PIN_SET);
      |                                        ^~~~~~~~
../Core/Src/LCD.c:14:53: error: 'GPIO_PIN_SET' undeclared (first use in this function)
   14 |     while (HAL_GPIO_ReadPin(BUSY_PORT, BUSY_PIN) == GPIO_PIN_SET);
      |                                                     ^~~~~~~~~~~~
../Core/Src/LCD.c: In function 'LCD_cmd':
../Core/Src/LCD.c:23:75: error: 'GPIO_PIN_SET' undeclared (first use in this function)
   23 |         HAL_GPIO_WritePin(data_ports[i], data_pins[i], (cmd & (1 << i)) ? GPIO_PIN_SET : GPIO_PIN_RESET);
      |                                                                           ^~~~~~~~~~~~
../Core/Src/LCD.c:23:90: error: 'GPIO_PIN_RESET' undeclared (first use in this function)
   23 |         HAL_GPIO_WritePin(data_ports[i], data_pins[i], (cmd & (1 << i)) ? GPIO_PIN_SET : GPIO_PIN_RESET);
      |                                                                                          ^~~~~~~~~~~~~~
../Core/Inc/LCD.h:5:16: error: 'GPIO_PIN_7' undeclared (first use in this function)
    5 | #define RS_PIN GPIO_PIN_7;
      |                ^~~~~~~~~~
../Core/Src/LCD.c:26:30: note: in expansion of macro 'RS_PIN'
   26 |     HAL_GPIO_WritePin(GPIOB, RS_PIN, GPIO_PIN_RESET); // Command mode
      |                              ^~~~~~
../Core/Inc/LCD.h:5:26: error: expected ')' before ';' token
    5 | #define RS_PIN GPIO_PIN_7;
      |                          ^
../Core/Src/LCD.c:26:30: note: in expansion of macro 'RS_PIN'
   26 |     HAL_GPIO_WritePin(GPIOB, RS_PIN, GPIO_PIN_RESET); // Command mode
      |                              ^~~~~~
../Core/Src/LCD.c:26:22: note: to match this '('
   26 |     HAL_GPIO_WritePin(GPIOB, RS_PIN, GPIO_PIN_RESET); // Command mode
      |                      ^
../Core/Inc/LCD.h:8:16: error: 'GPIO_PIN_6' undeclared (first use in this function)
    8 | #define RW_PIN GPIO_PIN_6;
      |                ^~~~~~~~~~
../Core/Src/LCD.c:27:30: note: in expansion of macro 'RW_PIN'
   27 |     HAL_GPIO_WritePin(GPIOB, RW_PIN, GPIO_PIN_RESET); // Write mode
      |                              ^~~~~~
../Core/Inc/LCD.h:8:26: error: expected ')' before ';' token
    8 | #define RW_PIN GPIO_PIN_6;
      |                          ^
../Core/Src/LCD.c:27:30: note: in expansion of macro 'RW_PIN'
   27 |     HAL_GPIO_WritePin(GPIOB, RW_PIN, GPIO_PIN_RESET); // Write mode
      |                              ^~~~~~
../Core/Src/LCD.c:27:22: note: to match this '('
   27 |     HAL_GPIO_WritePin(GPIOB, RW_PIN, GPIO_PIN_RESET); // Write mode
      |                      ^
../Core/Inc/LCD.h:11:16: error: 'GPIO_PIN_13' undeclared (first use in this function)
   11 | #define EN_PIN GPIO_PIN_13;
      |                ^~~~~~~~~~~
../Core/Src/LCD.c:28:30: note: in expansion of macro 'EN_PIN'
   28 |     HAL_GPIO_WritePin(GPIOB, EN_PIN, GPIO_PIN_SET);   // Enable
      |                              ^~~~~~
../Core/Inc/LCD.h:11:27: error: expected ')' before ';' token
   11 | #define EN_PIN GPIO_PIN_13;
      |                           ^
../Core/Src/LCD.c:28:30: note: in expansion of macro 'EN_PIN'
   28 |     HAL_GPIO_WritePin(GPIOB, EN_PIN, GPIO_PIN_SET);   // Enable
      |                              ^~~~~~
../Core/Src/LCD.c:28:22: note: to match this '('
   28 |     HAL_GPIO_WritePin(GPIOB, EN_PIN, GPIO_PIN_SET);   // Enable
      |                      ^
../Core/Src/LCD.c:29:5: warning: implicit declaration of function 'HAL_Delay' [-Wimplicit-function-declaration]
   29 |     HAL_Delay(1);                                     // Short delay
      |     ^~~~~~~~~
../Core/Inc/LCD.h:11:27: error: expected ')' before ';' token
   11 | #define EN_PIN GPIO_PIN_13;
      |                           ^
../Core/Src/LCD.c:30:30: note: in expansion of macro 'EN_PIN'
   30 |     HAL_GPIO_WritePin(GPIOB, EN_PIN, GPIO_PIN_RESET); // Disable
      |                              ^~~~~~
../Core/Src/LCD.c:30:22: note: to match this '('
   30 |     HAL_GPIO_WritePin(GPIOB, EN_PIN, GPIO_PIN_RESET); // Disable
      |                      ^
../Core/Src/LCD.c: In function 'LCD_data':
../Core/Src/LCD.c:39:77: error: 'GPIO_PIN_SET' undeclared (first use in this function)
   39 |         HAL_GPIO_WritePin(data_ports[i], data_pins[i], (data1 & (1 << i)) ? GPIO_PIN_SET : GPIO_PIN_RESET);
      |                                                                             ^~~~~~~~~~~~
../Core/Src/LCD.c:39:92: error: 'GPIO_PIN_RESET' undeclared (first use in this function)
   39 |         HAL_GPIO_WritePin(data_ports[i], data_pins[i], (data1 & (1 << i)) ? GPIO_PIN_SET : GPIO_PIN_RESET);
      |                                                                                            ^~~~~~~~~~~~~~
../Core/Inc/LCD.h:5:16: error: 'GPIO_PIN_7' undeclared (first use in this function)
    5 | #define RS_PIN GPIO_PIN_7;
      |                ^~~~~~~~~~
../Core/Src/LCD.c:42:30: note: in expansion of macro 'RS_PIN'
   42 |     HAL_GPIO_WritePin(GPIOB, RS_PIN, GPIO_PIN_SET);   // Data mode
      |                              ^~~~~~
../Core/Inc/LCD.h:5:26: error: expected ')' before ';' token
    5 | #define RS_PIN GPIO_PIN_7;
      |                          ^
../Core/Src/LCD.c:42:30: note: in expansion of macro 'RS_PIN'
   42 |     HAL_GPIO_WritePin(GPIOB, RS_PIN, GPIO_PIN_SET);   // Data mode
      |                              ^~~~~~
../Core/Src/LCD.c:42:22: note: to match this '('
   42 |     HAL_GPIO_WritePin(GPIOB, RS_PIN, GPIO_PIN_SET);   // Data mode
      |                      ^
../Core/Inc/LCD.h:8:16: error: 'GPIO_PIN_6' undeclared (first use in this function)
    8 | #define RW_PIN GPIO_PIN_6;
      |                ^~~~~~~~~~
../Core/Src/LCD.c:43:30: note: in expansion of macro 'RW_PIN'
   43 |     HAL_GPIO_WritePin(GPIOB, RW_PIN, GPIO_PIN_RESET); // Write mode
      |                              ^~~~~~
../Core/Inc/LCD.h:8:26: error: expected ')' before ';' token
    8 | #define RW_PIN GPIO_PIN_6;
      |                          ^
../Core/Src/LCD.c:43:30: note: in expansion of macro 'RW_PIN'
   43 |     HAL_GPIO_WritePin(GPIOB, RW_PIN, GPIO_PIN_RESET); // Write mode
      |                              ^~~~~~
../Core/Src/LCD.c:43:22: note: to match this '('
   43 |     HAL_GPIO_WritePin(GPIOB, RW_PIN, GPIO_PIN_RESET); // Write mode
      |                      ^
../Core/Inc/LCD.h:11:16: error: 'GPIO_PIN_13' undeclared (first use in this function)
   11 | #define EN_PIN GPIO_PIN_13;
      |                ^~~~~~~~~~~
../Core/Src/LCD.c:44:30: note: in expansion of macro 'EN_PIN'
   44 |     HAL_GPIO_WritePin(GPIOB, EN_PIN, GPIO_PIN_SET);   // Enable
      |                              ^~~~~~
../Core/Inc/LCD.h:11:27: error: expected ')' before ';' token
   11 | #define EN_PIN GPIO_PIN_13;
      |                           ^
../Core/Src/LCD.c:44:30: note: in expansion of macro 'EN_PIN'
   44 |     HAL_GPIO_WritePin(GPIOB, EN_PIN, GPIO_PIN_SET);   // Enable
      |                              ^~~~~~
../Core/Src/LCD.c:44:22: note: to match this '('
   44 |     HAL_GPIO_WritePin(GPIOB, EN_PIN, GPIO_PIN_SET);   // Enable
      |                      ^
../Core/Inc/LCD.h:11:27: error: expected ')' before ';' token
   11 | #define EN_PIN GPIO_PIN_13;
      |                           ^
../Core/Src/LCD.c:46:30: note: in expansion of macro 'EN_PIN'
   46 |     HAL_GPIO_WritePin(GPIOB, EN_PIN, GPIO_PIN_RESET); // Disable
      |                              ^~~~~~
../Core/Src/LCD.c:46:22: note: to match this '('
   46 |     HAL_GPIO_WritePin(GPIOB, EN_PIN, GPIO_PIN_RESET); // Disable
      |                      ^
make: *** [Core/Src/subdir.mk:37: Core/Src/LCD.o] Error 1
"make -j12 all" terminated with exit code 2. Build might be incomplete.
00:49:51 **** Incremental Build of configuration Debug for project LCD_Sring ****
make -j12 all 
arm-none-eabi-gcc "../Core/Src/LCD.c" -mcpu=cortex-m33 -std=gnu11 -g3 -DDEBUG -DUSE_NUCLEO_64 -DUSE_HAL_DRIVER -DSTM32WBA52xx -c -I../Core/Inc -I../Drivers/STM32WBAxx_HAL_Driver/Inc -I../Drivers/STM32WBAxx_HAL_Driver/Inc/Legacy -I../Drivers/BSP/STM32WBAxx_Nucleo -I../Drivers/CMSIS/Device/ST/STM32WBAxx/Include -I../Drivers/CMSIS/Include -O0 -ffunction-sections -fdata-sections -Wall -fstack-usage -fcyclomatic-complexity -MMD -MP -MF"Core/Src/LCD.d" -MT"Core/Src/LCD.o" --specs=nano.specs -mfpu=fpv5-sp-d16 -mfloat-abi=hard -mthumb -o "Core/Src/LCD.o"
In file included from ../Core/Src/LCD.c:1:
../Core/Inc/LCD.h:18:26: error: 'GPIO_PIN_14' undeclared here (not in a function)
   18 | uint16_t data_pins[8] = {GPIO_PIN_14, GPIO_PIN_0, GPIO_PIN_9, GPIO_PIN_15, GPIO_PIN_9, GPIO_PIN_12, GPIO_PIN_15, GPIO_PIN_3};
      |                          ^~~~~~~~~~~
../Core/Inc/LCD.h:18:39: error: 'GPIO_PIN_0' undeclared here (not in a function)
   18 | uint16_t data_pins[8] = {GPIO_PIN_14, GPIO_PIN_0, GPIO_PIN_9, GPIO_PIN_15, GPIO_PIN_9, GPIO_PIN_12, GPIO_PIN_15, GPIO_PIN_3};
      |                                       ^~~~~~~~~~
../Core/Inc/LCD.h:18:51: error: 'GPIO_PIN_9' undeclared here (not in a function)
   18 | uint16_t data_pins[8] = {GPIO_PIN_14, GPIO_PIN_0, GPIO_PIN_9, GPIO_PIN_15, GPIO_PIN_9, GPIO_PIN_12, GPIO_PIN_15, GPIO_PIN_3};
      |                                                   ^~~~~~~~~~
../Core/Inc/LCD.h:18:63: error: 'GPIO_PIN_15' undeclared here (not in a function)
   18 | uint16_t data_pins[8] = {GPIO_PIN_14, GPIO_PIN_0, GPIO_PIN_9, GPIO_PIN_15, GPIO_PIN_9, GPIO_PIN_12, GPIO_PIN_15, GPIO_PIN_3};
      |                                                               ^~~~~~~~~~~
../Core/Inc/LCD.h:18:88: error: 'GPIO_PIN_12' undeclared here (not in a function)
   18 | uint16_t data_pins[8] = {GPIO_PIN_14, GPIO_PIN_0, GPIO_PIN_9, GPIO_PIN_15, GPIO_PIN_9, GPIO_PIN_12, GPIO_PIN_15, GPIO_PIN_3};
      |                                                                                        ^~~~~~~~~~~
../Core/Inc/LCD.h:18:114: error: 'GPIO_PIN_3' undeclared here (not in a function)
   18 | uint16_t data_pins[8] = {GPIO_PIN_14, GPIO_PIN_0, GPIO_PIN_9, GPIO_PIN_15, GPIO_PIN_9, GPIO_PIN_12, GPIO_PIN_15, GPIO_PIN_3};
      |                                                                                                                  ^~~~~~~~~~
../Core/Src/LCD.c: In function 'LCD_busy':
../Core/Src/LCD.c:10:5: warning: implicit declaration of function 'HAL_GPIO_WritePin' [-Wimplicit-function-declaration]
   10 |     HAL_GPIO_WritePin(GPIOB, RS_PIN, GPIO_PIN_RESET);
      |     ^~~~~~~~~~~~~~~~~
../Core/Inc/LCD.h:5:16: error: 'GPIO_PIN_7' undeclared (first use in this function)
    5 | #define RS_PIN GPIO_PIN_7;
      |                ^~~~~~~~~~
../Core/Src/LCD.c:10:30: note: in expansion of macro 'RS_PIN'
   10 |     HAL_GPIO_WritePin(GPIOB, RS_PIN, GPIO_PIN_RESET);
      |                              ^~~~~~
../Core/Inc/LCD.h:5:16: note: each undeclared identifier is reported only once for each function it appears in
    5 | #define RS_PIN GPIO_PIN_7;
      |                ^~~~~~~~~~
../Core/Src/LCD.c:10:30: note: in expansion of macro 'RS_PIN'
   10 |     HAL_GPIO_WritePin(GPIOB, RS_PIN, GPIO_PIN_RESET);
      |                              ^~~~~~
../Core/Inc/LCD.h:5:26: error: expected ')' before ';' token
    5 | #define RS_PIN GPIO_PIN_7;
      |                          ^
../Core/Src/LCD.c:10:30: note: in expansion of macro 'RS_PIN'
   10 |     HAL_GPIO_WritePin(GPIOB, RS_PIN, GPIO_PIN_RESET);
      |                              ^~~~~~
../Core/Src/LCD.c:10:22: note: to match this '('
   10 |     HAL_GPIO_WritePin(GPIOB, RS_PIN, GPIO_PIN_RESET);
      |                      ^
../Core/Inc/LCD.h:8:16: error: 'GPIO_PIN_6' undeclared (first use in this function)
    8 | #define RW_PIN GPIO_PIN_6;
      |                ^~~~~~~~~~
../Core/Src/LCD.c:11:30: note: in expansion of macro 'RW_PIN'
   11 |     HAL_GPIO_WritePin(GPIOB, RW_PIN, GPIO_PIN_SET);
      |                              ^~~~~~
../Core/Inc/LCD.h:8:26: error: expected ')' before ';' token
    8 | #define RW_PIN GPIO_PIN_6;
      |                          ^
../Core/Src/LCD.c:11:30: note: in expansion of macro 'RW_PIN'
   11 |     HAL_GPIO_WritePin(GPIOB, RW_PIN, GPIO_PIN_SET);
      |                              ^~~~~~
../Core/Src/LCD.c:11:22: note: to match this '('
   11 |     HAL_GPIO_WritePin(GPIOB, RW_PIN, GPIO_PIN_SET);
      |                      ^
../Core/Src/LCD.c:14:12: warning: implicit declaration of function 'HAL_GPIO_ReadPin' [-Wimplicit-function-declaration]
   14 |     while (HAL_GPIO_ReadPin(BUSY_PORT, BUSY_PIN) == GPIO_PIN_SET);
      |            ^~~~~~~~~~~~~~~~
../Core/Src/LCD.c:4:18: error: 'GPIO_PIN_1' undeclared (first use in this function)
    4 | #define BUSY_PIN GPIO_PIN_1
      |                  ^~~~~~~~~~
../Core/Src/LCD.c:14:40: note: in expansion of macro 'BUSY_PIN'
   14 |     while (HAL_GPIO_ReadPin(BUSY_PORT, BUSY_PIN) == GPIO_PIN_SET);
      |                                        ^~~~~~~~
../Core/Src/LCD.c:14:53: error: 'GPIO_PIN_SET' undeclared (first use in this function)
   14 |     while (HAL_GPIO_ReadPin(BUSY_PORT, BUSY_PIN) == GPIO_PIN_SET);
      |                                                     ^~~~~~~~~~~~
../Core/Src/LCD.c: In function 'LCD_cmd':
../Core/Src/LCD.c:23:75: error: 'GPIO_PIN_SET' undeclared (first use in this function)
   23 |         HAL_GPIO_WritePin(data_ports[i], data_pins[i], (cmd & (1 << i)) ? GPIO_PIN_SET : GPIO_PIN_RESET);
      |                                                                           ^~~~~~~~~~~~
../Core/Src/LCD.c:23:90: error: 'GPIO_PIN_RESET' undeclared (first use in this function)
   23 |         HAL_GPIO_WritePin(data_ports[i], data_pins[i], (cmd & (1 << i)) ? GPIO_PIN_SET : GPIO_PIN_RESET);
      |                                                                                          ^~~~~~~~~~~~~~
../Core/Inc/LCD.h:5:16: error: 'GPIO_PIN_7' undeclared (first use in this function)
    5 | #define RS_PIN GPIO_PIN_7;
      |                ^~~~~~~~~~
../Core/Src/LCD.c:26:30: note: in expansion of macro 'RS_PIN'
   26 |     HAL_GPIO_WritePin(GPIOB, RS_PIN, GPIO_PIN_RESET); // Command mode
      |                              ^~~~~~
../Core/Inc/LCD.h:5:26: error: expected ')' before ';' token
    5 | #define RS_PIN GPIO_PIN_7;
      |                          ^
../Core/Src/LCD.c:26:30: note: in expansion of macro 'RS_PIN'
[...]
../Core/Src/main.c:79:9: warning: implicit declaration of function 'LCD_Print' [-Wimplicit-function-declaration]
   79 |         LCD_Print(str);
      |         ^~~~~~~~~
../Core/Src/LCD.c:35:30: error: 'EN_Pin' undeclared (first use in this function); did you mean 'B3_Pin'?
   35 |     HAL_GPIO_WritePin(GPIOB, EN_Pin, GPIO_PIN_SET);   // Enable
      |                              ^~~~~~
      |                              B3_Pin
../Core/Src/main.c:80:9: warning: implicit declaration of function 'LCD_data' [-Wimplicit-function-declaration]
   80 |         LCD_data('C');
      |         ^~~~~~~~
make: *** [Core/Src/subdir.mk:40: Core/Src/LCD.o] Error 1
make: *** Waiting for unfinished jobs....
../Core/Src/main.c: In function 'main':
../Core/Src/main.c:198:3: warning: implicit declaration of function 'LCD_init'; did you mean 'lcd_init'? [-Wimplicit-function-declaration]
  198 |   LCD_init();
      |   ^~~~~~~~
      |   lcd_init
"make -j12 all" terminated with exit code 2. Build might be incomplete.
19:08:18 **** Incremental Build of configuration Debug for project dht111 ****
make -j12 all 
arm-none-eabi-size  dht111.elf 
   text	   data	    bss	    dec	    hex	filename
  25608	    516	   2156	  28280	   6e78	dht111.elf
Finished building: default.size.stdout
 
19:08:22 **** Incremental Build of configuration Debug for project dd ****
make -j12 all 
arm-none-eabi-gcc "../Core/Src/LCD.c" -mcpu=cortex-m33 -std=gnu11 -g3 -DDEBUG -DUSE_NUCLEO_64 -DUSE_HAL_DRIVER -DSTM32WBA52xx -c -I../Core/Inc -I../Drivers/STM32WBAxx_HAL_Driver/Inc -I../Drivers/STM32WBAxx_HAL_Driver/Inc/Legacy -I../Drivers/BSP/STM32WBAxx_Nucleo -I../Drivers/CMSIS/Device/ST/STM32WBAxx/Include -I../Drivers/CMSIS/Include -O0 -ffunction-sections -fdata-sections -Wall -fstack-usage -fcyclomatic-complexity -MMD -MP -MF"Core/Src/LCD.d" -MT"Core/Src/LCD.o" --specs=nano.specs -mfpu=fpv5-sp-d16 -mfloat-abi=hard -mthumb -o "Core/Src/LCD.o"
../Core/Src/LCD.c: In function 'LCD_cmd':
../Core/Src/LCD.c:18:30: error: 'RS_Pin' undeclared (first use in this function); did you mean 'B3_Pin'?
   18 |     HAL_GPIO_WritePin(GPIOB, RS_Pin, GPIO_PIN_RESET); // Command mode
      |                              ^~~~~~
      |                              B3_Pin
../Core/Src/LCD.c:18:30: note: each undeclared identifier is reported only once for each function it appears in
../Core/Src/LCD.c:19:30: error: 'RW_Pin' undeclared (first use in this function); did you mean 'B3_Pin'?
   19 |     HAL_GPIO_WritePin(GPIOB, RW_Pin, GPIO_PIN_RESET); // Write mode
      |                              ^~~~~~
      |                              B3_Pin
../Core/Src/LCD.c:20:30: error: 'EN_Pin' undeclared (first use in this function); did you mean 'B3_Pin'?
   20 |     HAL_GPIO_WritePin(GPIOB, EN_Pin, GPIO_PIN_SET);   // Enable
      |                              ^~~~~~
      |                              B3_Pin
../Core/Src/LCD.c: In function 'LCD_data':
../Core/Src/LCD.c:33:30: error: 'RS_Pin' undeclared (first use in this function); did you mean 'B3_Pin'?
   33 |     HAL_GPIO_WritePin(GPIOB, RS_Pin, GPIO_PIN_SET);   // Data mode
      |                              ^~~~~~
      |                              B3_Pin
../Core/Src/LCD.c:34:30: error: 'RW_Pin' undeclared (first use in this function); did you mean 'B3_Pin'?
   34 |     HAL_GPIO_WritePin(GPIOB, RW_Pin, GPIO_PIN_RESET); // Write mode
      |                              ^~~~~~
      |                              B3_Pin
../Core/Src/LCD.c:35:30: error: 'EN_Pin' undeclared (first use in this function); did you mean 'B3_Pin'?
   35 |     HAL_GPIO_WritePin(GPIOB, EN_Pin, GPIO_PIN_SET);   // Enable
      |                              ^~~~~~
      |                              B3_Pin
make: *** [Core/Src/subdir.mk:40: Core/Src/LCD.o] Error 1
"make -j12 all" terminated with exit code 2. Build might be incomplete.
19:08:49 **** Incremental Build of configuration Debug for project dht111 ****
make -j12 all 
arm-none-eabi-size  dht111.elf 
   text	   data	    bss	    dec	    hex	filename
  25608	    516	   2156	  28280	   6e78	dht111.elf
Finished building: default.size.stdout
 
19:09:28 **** Incremental Build of configuration Debug for project dd ****
make -j12 all 
arm-none-eabi-gcc "../Core/Src/i2c-lcd.c" -mcpu=cortex-m33 -std=gnu11 -g3 -DDEBUG -DUSE_NUCLEO_64 -DUSE_HAL_DRIVER -DSTM32WBA52xx -c -I../Core/Inc -I../Drivers/STM32WBAxx_HAL_Driver/Inc -I../Drivers/STM32WBAxx_HAL_Driver/Inc/Legacy -I../Drivers/BSP/STM32WBAxx_Nucleo -I../Drivers/CMSIS/Device/ST/STM32WBAxx/Include -I../Drivers/CMSIS/Include -O0 -ffunction-sections -fdata-sections -Wall -fstack-usage -fcyclomatic-complexity -MMD -MP -MF"Core/Src/i2c-lcd.d" -MT"Core/Src/i2c-lcd.o" --specs=nano.specs -mfpu=fpv5-sp-d16 -mfloat-abi=hard -mthumb -o "Core/Src/i2c-lcd.o"
arm-none-eabi-gcc "../Core/Src/main.c" -mcpu=cortex-m33 -std=gnu11 -g3 -DDEBUG -DUSE_NUCLEO_64 -DUSE_HAL_DRIVER -DSTM32WBA52xx -c -I../Core/Inc -I../Drivers/STM32WBAxx_HAL_Driver/Inc -I../Drivers/STM32WBAxx_HAL_Driver/Inc/Legacy -I../Drivers/BSP/STM32WBAxx_Nucleo -I../Drivers/CMSIS/Device/ST/STM32WBAxx/Include -I../Drivers/CMSIS/Include -O0 -ffunction-sections -fdata-sections -Wall -fstack-usage -fcyclomatic-complexity -MMD -MP -MF"Core/Src/main.d" -MT"Core/Src/main.o" --specs=nano.specs -mfpu=fpv5-sp-d16 -mfloat-abi=hard -mthumb -o "Core/Src/main.o"
arm-none-eabi-gcc "../Core/Src/stm32wbaxx_hal_msp.c" -mcpu=cortex-m33 -std=gnu11 -g3 -DDEBUG -DUSE_NUCLEO_64 -DUSE_HAL_DRIVER -DSTM32WBA52xx -c -I../Core/Inc -I../Drivers/STM32WBAxx_HAL_Driver/Inc -I../Drivers/STM32WBAxx_HAL_Driver/Inc/Legacy -I../Drivers/BSP/STM32WBAxx_Nucleo -I../Drivers/CMSIS/Device/ST/STM32WBAxx/Include -I../Drivers/CMSIS/Include -O0 -ffunction-sections -fdata-sections -Wall -fstack-usage -fcyclomatic-complexity -MMD -MP -MF"Core/Src/stm32wbaxx_hal_msp.d" -MT"Core/Src/stm32wbaxx_hal_msp.o" --specs=nano.specs -mfpu=fpv5-sp-d16 -mfloat-abi=hard -mthumb -o "Core/Src/stm32wbaxx_hal_msp.o"
arm-none-eabi-gcc "../Core/Src/stm32wbaxx_it.c" -mcpu=cortex-m33 -std=gnu11 -g3 -DDEBUG -DUSE_NUCLEO_64 -DUSE_HAL_DRIVER -DSTM32WBA52xx -c -I../Core/Inc -I../Drivers/STM32WBAxx_HAL_Driver/Inc -I../Drivers/STM32WBAxx_HAL_Driver/Inc/Legacy -I../Drivers/BSP/STM32WBAxx_Nucleo -I../Drivers/CMSIS/Device/ST/STM32WBAxx/Include -I../Drivers/CMSIS/Include -O0 -ffunction-sections -fdata-sections -Wall -fstack-usage -fcyclomatic-complexity -MMD -MP -MF"Core/Src/stm32wbaxx_it.d" -MT"Core/Src/stm32wbaxx_it.o" --specs=nano.specs -mfpu=fpv5-sp-d16 -mfloat-abi=hard -mthumb -o "Core/Src/stm32wbaxx_it.o"
arm-none-eabi-gcc "../Core/Src/syscalls.c" -mcpu=cortex-m33 -std=gnu11 -g3 -DDEBUG -DUSE_NUCLEO_64 -DUSE_HAL_DRIVER -DSTM32WBA52xx -c -I../Core/Inc -I../Drivers/STM32WBAxx_HAL_Driver/Inc -I../Drivers/STM32WBAxx_HAL_Driver/Inc/Legacy -I../Drivers/BSP/STM32WBAxx_Nucleo -I../Drivers/CMSIS/Device/ST/STM32WBAxx/Include -I../Drivers/CMSIS/Include -O0 -ffunction-sections -fdata-sections -Wall -fstack-usage -fcyclomatic-complexity -MMD -MP -MF"Core/Src/syscalls.d" -MT"Core/Src/syscalls.o" --specs=nano.specs -mfpu=fpv5-sp-d16 -mfloat-abi=hard -mthumb -o "Core/Src/syscalls.o"
arm-none-eabi-gcc "../Core/Src/sysmem.c" -mcpu=cortex-m33 -std=gnu11 -g3 -DDEBUG -DUSE_NUCLEO_64 -DUSE_HAL_DRIVER -DSTM32WBA52xx -c -I../Core/Inc -I../Drivers/STM32WBAxx_HAL_Driver/Inc -I../Drivers/STM32WBAxx_HAL_Driver/Inc/Legacy -I../Drivers/BSP/STM32WBAxx_Nucleo -I../Drivers/CMSIS/Device/ST/STM32WBAxx/Include -I../Drivers/CMSIS/Include -O0 -ffunction-sections -fdata-sections -Wall -fstack-usage -fcyclomatic-complexity -MMD -MP -MF"Core/Src/sysmem.d" -MT"Core/Src/sysmem.o" --specs=nano.specs -mfpu=fpv5-sp-d16 -mfloat-abi=hard -mthumb -o "Core/Src/sysmem.o"
arm-none-eabi-gcc "../Core/Src/system_stm32wbaxx.c" -mcpu=cortex-m33 -std=gnu11 -g3 -DDEBUG -DUSE_NUCLEO_64 -DUSE_HAL_DRIVER -DSTM32WBA52xx -c -I../Core/Inc -I../Drivers/STM32WBAxx_HAL_Driver/Inc -I../Drivers/STM32WBAxx_HAL_Driver/Inc/Legacy -I../Drivers/BSP/STM32WBAxx_Nucleo -I../Drivers/CMSIS/Device/ST/STM32WBAxx/Include -I../Drivers/CMSIS/Include -O0 -ffunction-sections -fdata-sections -Wall -fstack-usage -fcyclomatic-complexity -MMD -MP -MF"Core/Src/system_stm32wbaxx.d" -MT"Core/Src/system_stm32wbaxx.o" --specs=nano.specs -mfpu=fpv5-sp-d16 -mfloat-abi=hard -mthumb -o "Core/Src/system_stm32wbaxx.o"
../Core/Src/main.c: In function 'Display_Temp':
../Core/Src/main.c:76:9: warning: implicit declaration of function 'LCD_cmd' [-Wimplicit-function-declaration]
   76 |         LCD_cmd(0x80);
      |         ^~~~~~~
../Core/Src/main.c:79:9: warning: implicit declaration of function 'LCD_Print' [-Wimplicit-function-declaration]
   79 |         LCD_Print(str);
      |         ^~~~~~~~~
../Core/Src/main.c:80:9: warning: implicit declaration of function 'LCD_data' [-Wimplicit-function-declaration]
   80 |         LCD_data('C');
      |         ^~~~~~~~
../Core/Src/main.c: In function 'main':
../Core/Src/main.c:198:3: warning: implicit declaration of function 'LCD_init'; did you mean 'lcd_init'? [-Wimplicit-function-declaration]
  198 |   LCD_init();
      |   ^~~~~~~~
      |   lcd_init
arm-none-eabi-gcc -o "dd.elf" @"objects.list"   -mcpu=cortex-m33 -T"D:\Micro_Controller\STM32\Projects\LCD_Projects\dd\STM32WBA52CGUX_FLASH.ld" --specs=nosys.specs -Wl,-Map="dd.map" -Wl,--gc-sections -static --specs=nano.specs -mfpu=fpv5-sp-d16 -mfloat-abi=hard -mthumb -u _printf_float -Wl,--start-group -lc -lm -Wl,--end-group
C:/ST/STM32CubeIDE_1.16.0/STM32CubeIDE/plugins/com.st.stm32cube.ide.mcu.externaltools.gnu-tools-for-stm32.12.3.rel1.win32_1.0.200.202406191623/tools/bin/../lib/gcc/arm-none-eabi/12.3.1/../../../../arm-none-eabi/bin/ld.exe: ./Core/Src/main.o: in function `Display_Temp':
D:/Micro_Controller/STM32/Projects/LCD_Projects/dd/Debug/../Core/Src/main.c:76: undefined reference to `LCD_cmd'
C:/ST/STM32CubeIDE_1.16.0/STM32CubeIDE/plugins/com.st.stm32cube.ide.mcu.externaltools.gnu-tools-for-stm32.12.3.rel1.win32_1.0.200.202406191623/tools/bin/../lib/gcc/arm-none-eabi/12.3.1/../../../../arm-none-eabi/bin/ld.exe: D:/Micro_Controller/STM32/Projects/LCD_Projects/dd/Debug/../Core/Src/main.c:79: undefined reference to `LCD_Print'
C:/ST/STM32CubeIDE_1.16.0/STM32CubeIDE/plugins/com.st.stm32cube.ide.mcu.externaltools.gnu-tools-for-stm32.12.3.rel1.win32_1.0.200.202406191623/tools/bin/../lib/gcc/arm-none-eabi/12.3.1/../../../../arm-none-eabi/bin/ld.exe: D:/Micro_Controller/STM32/Projects/LCD_Projects/dd/Debug/../Core/Src/main.c:80: undefined reference to `LCD_data'
C:/ST/STM32CubeIDE_1.16.0/STM32CubeIDE/plugins/com.st.stm32cube.ide.mcu.externaltools.gnu-tools-for-stm32.12.3.rel1.win32_1.0.200.202406191623/tools/bin/../lib/gcc/arm-none-eabi/12.3.1/../../../../arm-none-eabi/bin/ld.exe: ./Core/Src/main.o: in function `Display_Rh':
D:/Micro_Controller/STM32/Projects/LCD_Projects/dd/Debug/../Core/Src/main.c:86: undefined reference to `LCD_cmd'
C:/ST/STM32CubeIDE_1.16.0/STM32CubeIDE/plugins/com.st.stm32cube.ide.mcu.externaltools.gnu-tools-for-stm32.12.3.rel1.win32_1.0.200.202406191623/tools/bin/../lib/gcc/arm-none-eabi/12.3.1/../../../../arm-none-eabi/bin/ld.exe: D:/Micro_Controller/STM32/Projects/LCD_Projects/dd/Debug/../Core/Src/main.c:88: undefined reference to `LCD_Print'
C:/ST/STM32CubeIDE_1.16.0/STM32CubeIDE/plugins/com.st.stm32cube.ide.mcu.externaltools.gnu-tools-for-stm32.12.3.rel1.win32_1.0.200.202406191623/tools/bin/../lib/gcc/arm-none-eabi/12.3.1/../../../../arm-none-eabi/bin/ld.exe: D:/Micro_Controller/STM32/Projects/LCD_Projects/dd/Debug/../Core/Src/main.c:89: undefined reference to `LCD_data'
C:/ST/STM32CubeIDE_1.16.0/STM32CubeIDE/plugins/com.st.stm32cube.ide.mcu.externaltools.gnu-tools-for-stm32.12.3.rel1.win32_1.0.200.202406191623/tools/bin/../lib/gcc/arm-none-eabi/12.3.1/../../../../arm-none-eabi/bin/ld.exe: ./Core/Src/main.o: in function `main':
D:/Micro_Controller/STM32/Projects/LCD_Projects/dd/Debug/../Core/Src/main.c:198: undefined reference to `LCD_init'
C:/ST/STM32CubeIDE_1.16.0/STM32CubeIDE/plugins/com.st.stm32cube.ide.mcu.externaltools.gnu-tools-for-stm32.12.3.rel1.win32_1.0.200.202406191623/tools/bin/../lib/gcc/arm-none-eabi/12.3.1/../../../../arm-none-eabi/bin/ld.exe: D:/Micro_Controller/STM32/Projects/LCD_Projects/dd/Debug/../Core/Src/main.c:200: undefined reference to `LCD_Print'
C:/ST/STM32CubeIDE_1.16.0/STM32CubeIDE/plugins/com.st.stm32cube.ide.mcu.externaltools.gnu-tools-for-stm32.12.3.rel1.win32_1.0.200.202406191623/tools/bin/../lib/gcc/arm-none-eabi/12.3.1/../../../../arm-none-eabi/bin/ld.exe: D:/Micro_Controller/STM32/Projects/LCD_Projects/dd/Debug/../Core/Src/main.c:202: undefined reference to `LCD_cmd'
collect2.exe: error: ld returned 1 exit status
make: *** [makefile:65: dd.elf] Error 1
"make -j12 all" terminated with exit code 2. Build might be incomplete.
19:10:51 **** Incremental Build of configuration Debug for project dd ****
make -j12 all 
arm-none-eabi-gcc -o "dd.elf" @"objects.list"   -mcpu=cortex-m33 -T"D:\Micro_Controller\STM32\Projects\LCD_Projects\dd\STM32WBA52CGUX_FLASH.ld" --specs=nosys.specs -Wl,-Map="dd.map" -Wl,--gc-sections -static --specs=nano.specs -mfpu=fpv5-sp-d16 -mfloat-abi=hard -mthumb -u _printf_float -Wl,--start-group -lc -lm -Wl,--end-group
C:/ST/STM32CubeIDE_1.16.0/STM32CubeIDE/plugins/com.st.stm32cube.ide.mcu.externaltools.gnu-tools-for-stm32.12.3.rel1.win32_1.0.200.202406191623/tools/bin/../lib/gcc/arm-none-eabi/12.3.1/../../../../arm-none-eabi/bin/ld.exe: ./Core/Src/main.o: in function `Display_Temp':
D:/Micro_Controller/STM32/Projects/LCD_Projects/dd/Debug/../Core/Src/main.c:76: undefined reference to `LCD_cmd'
C:/ST/STM32CubeIDE_1.16.0/STM32CubeIDE/plugins/com.st.stm32cube.ide.mcu.externaltools.gnu-tools-for-stm32.12.3.rel1.win32_1.0.200.202406191623/tools/bin/../lib/gcc/arm-none-eabi/12.3.1/../../../../arm-none-eabi/bin/ld.exe: D:/Micro_Controller/STM32/Projects/LCD_Projects/dd/Debug/../Core/Src/main.c:79: undefined reference to `LCD_Print'
C:/ST/STM32CubeIDE_1.16.0/STM32CubeIDE/plugins/com.st.stm32cube.ide.mcu.externaltools.gnu-tools-for-stm32.12.3.rel1.win32_1.0.200.202406191623/tools/bin/../lib/gcc/arm-none-eabi/12.3.1/../../../../arm-none-eabi/bin/ld.exe: D:/Micro_Controller/STM32/Projects/LCD_Projects/dd/Debug/../Core/Src/main.c:80: undefined reference to `LCD_data'
C:/ST/STM32CubeIDE_1.16.0/STM32CubeIDE/plugins/com.st.stm32cube.ide.mcu.externaltools.gnu-tools-for-stm32.12.3.rel1.win32_1.0.200.202406191623/tools/bin/../lib/gcc/arm-none-eabi/12.3.1/../../../../arm-none-eabi/bin/ld.exe: ./Core/Src/main.o: in function `Display_Rh':
D:/Micro_Controller/STM32/Projects/LCD_Projects/dd/Debug/../Core/Src/main.c:86: undefined reference to `LCD_cmd'
C:/ST/STM32CubeIDE_1.16.0/STM32CubeIDE/plugins/com.st.stm32cube.ide.mcu.externaltools.gnu-tools-for-stm32.12.3.rel1.win32_1.0.200.202406191623/tools/bin/../lib/gcc/arm-none-eabi/12.3.1/../../../../arm-none-eabi/bin/ld.exe: D:/Micro_Controller/STM32/Projects/LCD_Projects/dd/Debug/../Core/Src/main.c:88: undefined reference to `LCD_Print'
C:/ST/STM32CubeIDE_1.16.0/STM32CubeIDE/plugins/com.st.stm32cube.ide.mcu.externaltools.gnu-tools-for-stm32.12.3.rel1.win32_1.0.200.202406191623/tools/bin/../lib/gcc/arm-none-eabi/12.3.1/../../../../arm-none-eabi/bin/ld.exe: D:/Micro_Controller/STM32/Projects/LCD_Projects/dd/Debug/../Core/Src/main.c:89: undefined reference to `LCD_data'
C:/ST/STM32CubeIDE_1.16.0/STM32CubeIDE/plugins/com.st.stm32cube.ide.mcu.externaltools.gnu-tools-for-stm32.12.3.rel1.win32_1.0.200.202406191623/tools/bin/../lib/gcc/arm-none-eabi/12.3.1/../../../../arm-none-eabi/bin/ld.exe: ./Core/Src/main.o: in function `main':
D:/Micro_Controller/STM32/Projects/LCD_Projects/dd/Debug/../Core/Src/main.c:198: undefined reference to `LCD_init'
C:/ST/STM32CubeIDE_1.16.0/STM32CubeIDE/plugins/com.st.stm32cube.ide.mcu.externaltools.gnu-tools-for-stm32.12.3.rel1.win32_1.0.200.202406191623/tools/bin/../lib/gcc/arm-none-eabi/12.3.1/../../../../arm-none-eabi/bin/ld.exe: D:/Micro_Controller/STM32/Projects/LCD_Projects/dd/Debug/../Core/Src/main.c:200: undefined reference to `LCD_Print'
C:/ST/STM32CubeIDE_1.16.0/STM32CubeIDE/plugins/com.st.stm32cube.ide.mcu.externaltools.gnu-tools-for-stm32.12.3.rel1.win32_1.0.200.202406191623/tools/bin/../lib/gcc/arm-none-eabi/12.3.1/../../../../arm-none-eabi/bin/ld.exe: D:/Micro_Controller/STM32/Projects/LCD_Projects/dd/Debug/../Core/Src/main.c:202: undefined reference to `LCD_cmd'
collect2.exe: error: ld returned 1 exit status
make: *** [makefile:65: dd.elf] Error 1
"make -j12 all" terminated with exit code 2. Build might be incomplete.
19:11:04 **** Incremental Build of configuration Debug for project LCD_PASS_CHECK ****
make -j12 all 
arm-none-eabi-size  LCD_PASS_CHECK.elf 
   text	   data	    bss	    dec	    hex	filename
  11728	     60	   1772	  13560	   34f8	LCD_PASS_CHECK.elf
Finished building: default.size.stdout
 
19:11:04 **** Incremental Build of configuration Debug for project LCD_Sring ****
make -j12 all 
arm-none-eabi-size  LCD_Sring.elf 
   text	   data	    bss	    dec	    hex	filename
   9980	    140	   1900	  12020	   2ef4	LCD_Sring.elf
Finished building: default.size.stdout
 
19:11:04 **** Incremental Build of configuration Debug for project STM32F4_DHT11_22_DS18B20 ****
make -j12 all 
arm-none-eabi-gcc "../Core/Src/main.c" -mcpu=cortex-m4 -std=gnu11 -g3 -DDEBUG -DUSE_HAL_DRIVER -DSTM32F446xx -c -I../Core/Inc -I../Drivers/STM32F4xx_HAL_Driver/Inc -I../Drivers/STM32F4xx_HAL_Driver/Inc/Legacy -I../Drivers/CMSIS/Device/ST/STM32F4xx/Include -I../Drivers/CMSIS/Include -O0 -ffunction-sections -fdata-sections -Wall -fstack-usage -fcyclomatic-complexity -MMD -MP -MF"Core/Src/main.d" -MT"Core/Src/main.o" --specs=nano.specs -mfpu=fpv4-sp-d16 -mfloat-abi=hard -mthumb -o "Core/Src/main.o"
../Core/Src/main.c:24:10: fatal error: i2c-lcd.h: No such file or directory
   24 | #include "i2c-lcd.h"
      |          ^~~~~~~~~~~
compilation terminated.
make: *** [Core/Src/subdir.mk:34: Core/Src/main.o] Error 1
"make -j12 all" terminated with exit code 2. Build might be incomplete.
19:11:05 **** Incremental Build of configuration Debug for project dd ****
make -j12 all 
arm-none-eabi-gcc "../Core/Src/main.c" -mcpu=cortex-m33 -std=gnu11 -g3 -DDEBUG -DUSE_NUCLEO_64 -DUSE_HAL_DRIVER -DSTM32WBA52xx -c -I../Core/Inc -I../Drivers/STM32WBAxx_HAL_Driver/Inc -I../Drivers/STM32WBAxx_HAL_Driver/Inc/Legacy -I../Drivers/BSP/STM32WBAxx_Nucleo -I../Drivers/CMSIS/Device/ST/STM32WBAxx/Include -I../Drivers/CMSIS/Include -O0 -ffunction-sections -fdata-sections -Wall -fstack-usage -fcyclomatic-complexity -MMD -MP -MF"Core/Src/main.d" -MT"Core/Src/main.o" --specs=nano.specs -mfpu=fpv5-sp-d16 -mfloat-abi=hard -mthumb -o "Core/Src/main.o"
arm-none-eabi-gcc -o "dd.elf" @"objects.list"   -mcpu=cortex-m33 -T"D:\Micro_Controller\STM32\Projects\LCD_Projects\dd\STM32WBA52CGUX_FLASH.ld" --specs=nosys.specs -Wl,-Map="dd.map" -Wl,--gc-sections -static --specs=nano.specs -mfpu=fpv5-sp-d16 -mfloat-abi=hard -mthumb -u _printf_float -Wl,--start-group -lc -lm -Wl,--end-group
Finished building target: dd.elf
 
arm-none-eabi-size  dd.elf 
arm-none-eabi-objdump -h -S dd.elf  > "dd.list"
   text	   data	    bss	    dec	    hex	filename
  29160	    468	   2244	  31872	   7c80	dd.elf
Finished building: default.size.stdout
 
Finished building: dd.list
 
19:11:05 **** Incremental Build of configuration Debug for project dht111 ****
make -j12 all 
arm-none-eabi-size  dht111.elf 
   text	   data	    bss	    dec	    hex	filename
  25608	    516	   2156	  28280	   6e78	dht111.elf
Finished building: default.size.stdout
 
19:11:19 **** Incremental Build of configuration Debug for project dd ****
make -j12 all 
arm-none-eabi-size  dd.elf 
   text	   data	    bss	    dec	    hex	filename
  29160	    468	   2244	  31872	   7c80	dd.elf
Finished building: default.size.stdout
 
19:13:41 **** Incremental Build of configuration Debug for project dd ****
make -j12 all 
arm-none-eabi-size  dd.elf 
   text	   data	    bss	    dec	    hex	filename
  29160	    468	   2244	  31872	   7c80	dd.elf
Finished building: default.size.stdout
 
