C51 COMPILER V9.60.7.0   LED                                                               11/28/2024 12:10:48 PAGE 1   


C51 COMPILER V9.60.7.0, COMPILATION OF MODULE LED
OBJECT MODULE PLACED IN .\Objects\LED.obj
COMPILER INVOKED BY: C:\Keil_v5\C51\BIN\C51.EXE ..\..\..\Lib\LED\LED.c OPTIMIZE(8,SPEED) BROWSE DEBUG OBJECTEXTEND PRINT
                    -(.\Listings\LED.lst) TABS(2) OBJECT(.\Objects\LED.obj)

line level    source

   1          
   2          #include "LED.h"
   3          #include "GPIO.h"
   4          #include "..\Delay\Delay.h"
   5          
   6          
   7          void LED1_ON(void)
   8          {
   9   1          LED1 = 1;
  10   1      }
  11          void LED2_ON(void)
  12          {
  13   1         LED2 = 1;
  14   1      }
  15          void LED1_OFF(void)
  16          {
  17   1          LED1 = 0;
  18   1      }
  19          void LED2_OFF(void)
  20          {
  21   1         LED2 = 0;
  22   1      }
  23          void LED1_Toggle(void)
  24          {
  25   1         LED1 = ~LED1;
  26   1      }
  27          void LED2_Toggle(void)
  28          {
  29   1         LED2 = ~LED1;
  30   1      }
  31          
  32          void Even_LED_S(void)
  33          {
  34   1          Port1 = 0xAA;
  35   1      }
  36          
  37          void ODD_LED_S(void)
  38          {
  39   1          Port1 = 0x55;
  40   1      }
  41          
  42          void Port1_00_FF(void)
  43          {
  44   1          unsigned char i;
  45   1          for(i = 0;  i < 8; i++)
  46   1          {
  47   2              Port1 |= (1 << i);
  48   2              Delay_1ms(100);     
  49   2          }
  50   1      }
  51          
  52          void Port1_FF_00(void)
  53          {
  54   1          unsigned char i;
C51 COMPILER V9.60.7.0   LED                                                               11/28/2024 12:10:48 PAGE 2   

  55   1          for(i = 0;  i < 8; i++)
  56   1          {
  57   2              Port1 &= ~(1 << i); 
  58   2              Delay_1ms(100);    
  59   2          }
  60   1      }
  61          
  62          void LED_Moving(void)
  63          {
  64   1          unsigned char i;
  65   1          for(i = 0; i < 8; i++)
  66   1          {
  67   2              Port1 = 0;              
  68   2              Port1 |= (1 << i);      
  69   2              Delay_1ms(100);     
  70   2          }
  71   1      }


MODULE INFORMATION:   STATIC OVERLAYABLE
   CODE SIZE        =    137    ----
   CONSTANT SIZE    =   ----    ----
   XDATA SIZE       =   ----    ----
   PDATA SIZE       =   ----    ----
   DATA SIZE        =   ----       3
   IDATA SIZE       =   ----    ----
   BIT SIZE         =   ----    ----
END OF MODULE INFORMATION.


C51 COMPILATION COMPLETE.  0 WARNING(S),  0 ERROR(S)
