23:11:02 **** Incremental Build of configuration Debug for project Keypad_interface ****
make -j12 all 
arm-none-eabi-gcc "../Core/Src/main.c" -mcpu=cortex-m33 -std=gnu11 -g3 -DDEBUG -DUSE_HAL_DRIVER -DSTM32WBA52xx -c -I../Core/Inc -I../Drivers/STM32WBAxx_HAL_Driver/Inc -I../Drivers/STM32WBAxx_HAL_Driver/Inc/Legacy -I../Drivers/CMSIS/Device/ST/STM32WBAxx/Include -I../Drivers/CMSIS/Include -O0 -ffunction-sections -fdata-sections -Wall -fstack-usage -fcyclomatic-complexity -MMD -MP -MF"Core/Src/main.d" -MT"Core/Src/main.o" --specs=nano.specs -mfpu=fpv5-sp-d16 -mfloat-abi=hard -mthumb -o "Core/Src/main.o"
../Core/Src/main.c: In function 'Enter_Password':
../Core/Src/main.c:142:29: warning: pointer targets in passing argument 1 of 'lcd_send_string' differ in signedness [-Wpointer-sign]
  142 |             lcd_send_string(MUSK); // Display the masked input
      |                             ^~~~
      |                             |
      |                             char *
In file included from ../Core/Src/main.c:21:
../Core/Inc/i2c-lcd.h:9:38: note: expected 'unsigned char *' but argument is of type 'char *'
    9 | void lcd_send_string (unsigned char *str);  // send string to the lcd
      |                       ~~~~~~~~~~~~~~~^~~
../Core/Src/main.c:155:29: warning: pointer targets in passing argument 1 of 'lcd_send_string' differ in signedness [-Wpointer-sign]
  155 |             lcd_send_string("match  "); // Display "match"
      |                             ^~~~~~~~~
      |                             |
      |                             char *
../Core/Inc/i2c-lcd.h:9:38: note: expected 'unsigned char *' but argument is of type 'char *'
    9 | void lcd_send_string (unsigned char *str);  // send string to the lcd
      |                       ~~~~~~~~~~~~~~~^~~
../Core/Src/main.c:157:29: warning: pointer targets in passing argument 1 of 'lcd_send_string' differ in signedness [-Wpointer-sign]
  157 |             lcd_send_string("not match");
      |                             ^~~~~~~~~~~
      |                             |
      |                             char *
../Core/Inc/i2c-lcd.h:9:38: note: expected 'unsigned char *' but argument is of type 'char *'
    9 | void lcd_send_string (unsigned char *str);  // send string to the lcd
      |                       ~~~~~~~~~~~~~~~^~~
../Core/Src/main.c: In function 'main':
../Core/Src/main.c:211:19: warning: pointer targets in passing argument 1 of 'lcd_send_string' differ in signedness [-Wpointer-sign]
  211 |   lcd_send_string("lcd start");
      |                   ^~~~~~~~~~~
      |                   |
      |                   char *
../Core/Inc/i2c-lcd.h:9:38: note: expected 'unsigned char *' but argument is of type 'char *'
    9 | void lcd_send_string (unsigned char *str);  // send string to the lcd
      |                       ~~~~~~~~~~~~~~~^~~
../Core/Src/main.c: At top level:
../Core/Src/main.c:231:1: warning: "/*" within comment [-Wcomment]
  231 | /*
      |  
arm-none-eabi-gcc -o "Keypad_interface.elf" @"objects.list"   -mcpu=cortex-m33 -T"D:\Micro_Controller\STM32\Projects\Keypad_interface\STM32WBA52CGUX_FLASH.ld" --specs=nosys.specs -Wl,-Map="Keypad_interface.map" -Wl,--gc-sections -static --specs=nano.specs -mfpu=fpv5-sp-d16 -mfloat-abi=hard -mthumb -Wl,--start-group -lc -lm -Wl,--end-group
Finished building target: Keypad_interface.elf
 
arm-none-eabi-size  Keypad_interface.elf 
arm-none-eabi-objdump -h -S Keypad_interface.elf  > "Keypad_interface.list"
   text	   data	    bss	    dec	    hex	filename
  11828	     16	   1688	  13532	   34dc	Keypad_interface.elf
Finished building: default.size.stdout
 
Finished building: Keypad_interface.list
 

23:11:02 Build Finished. 0 errors, 5 warnings. (took 591ms)

