20:40:42 **** Incremental Build of configuration Debug for project lcd ****
make -j12 all 
arm-none-eabi-gcc "../Core/Src/liquidcrystal_i2c.c" -mcpu=cortex-m33 -std=gnu11 -g3 -DDEBUG -DUSE_NUCLEO_64 -DUSE_HAL_DRIVER -DSTM32WBA52xx -c -I../Core/Inc -I../Drivers/STM32WBAxx_HAL_Driver/Inc -I../Drivers/STM32WBAxx_HAL_Driver/Inc/Legacy -I../Drivers/BSP/STM32WBAxx_Nucleo -I../Drivers/CMSIS/Device/ST/STM32WBAxx/Include -I../Drivers/CMSIS/Include -O0 -ffunction-sections -fdata-sections -Wall -fstack-usage -fcyclomatic-complexity -MMD -MP -MF"Core/Src/liquidcrystal_i2c.d" -MT"Core/Src/liquidcrystal_i2c.o" --specs=nano.specs -mfpu=fpv5-sp-d16 -mfloat-abi=hard -mthumb -o "Core/Src/liquidcrystal_i2c.o"
arm-none-eabi-gcc -o "lcd.elf" @"objects.list"   -mcpu=cortex-m33 -T"D:\stm321\lcd\STM32WBA52CGUX_FLASH.ld" --specs=nosys.specs -Wl,-Map="lcd.map" -Wl,--gc-sections -static --specs=nano.specs -mfpu=fpv5-sp-d16 -mfloat-abi=hard -mthumb -Wl,--start-group -lc -lm -Wl,--end-group
Finished building target: lcd.elf
 
arm-none-eabi-size  lcd.elf 
arm-none-eabi-objdump -h -S lcd.elf  > "lcd.list"
   text	   data	    bss	    dec	    hex	filename
  16308	     76	   1860	  18244	   4744	lcd.elf
Finished building: default.size.stdout
 
Finished building: lcd.list
 

20:40:42 Build Finished. 0 errors, 0 warnings. (took 692ms)

