01:20:20 **** Incremental Build of configuration Debug for project led blink ****
make -j12 all 
arm-none-eabi-gcc "../Core/Src/main.c" -mcpu=cortex-m33 -std=gnu11 -g3 -DDEBUG -DUSE_NUCLEO_64 -DUSE_HAL_DRIVER -DSTM32WBA52xx -c -I../Core/Inc -I../Drivers/STM32WBAxx_HAL_Driver/Inc -I../Drivers/STM32WBAxx_HAL_Driver/Inc/Legacy -I../Drivers/BSP/STM32WBAxx_Nucleo -I../Drivers/CMSIS/Device/ST/STM32WBAxx/Include -I../Drivers/CMSIS/Include -O0 -ffunction-sections -fdata-sections -Wall -fstack-usage -fcyclomatic-complexity -MMD -MP -MF"Core/Src/main.d" -MT"Core/Src/main.o" --specs=nano.specs -mfpu=fpv5-sp-d16 -mfloat-abi=hard -mthumb -o "Core/Src/main.o"
arm-none-eabi-gcc -o "led blink.elf" @"objects.list"   -mcpu=cortex-m33 -T"D:\stm32\led blink\STM32WBA52CGUX_FLASH.ld" --specs=nosys.specs -Wl,-Map="led blink.map" -Wl,--gc-sections -static --specs=nano.specs -mfpu=fpv5-sp-d16 -mfloat-abi=hard -mthumb -Wl,--start-group -lc -lm -Wl,--end-group
Finished building target: led blink.elf
 
arm-none-eabi-size  led\ blink.elf 
arm-none-eabi-objdump -h -S led\ blink.elf  > "led blink.list"
   text	   data	    bss	    dec	    hex	filename
  11984	     60	   1772	  13816	   35f8	led blink.elf
Finished building: default.size.stdout
 
Finished building: led blink.list
 

01:20:21 Build Finished. 0 errors, 0 warnings. (took 539ms)

