<html>
<body>
<pre>
<h1>µVision Build Log</h1>
<h2>Project:</h2>
D:\Micro_Controller\LPC\LPC2148\Projects\k\k.uvproj
Project File Date:  11/25/2024

<h2>Output:</h2>
Build target 'Target 1'
linking...
Program Size: Code=848 RO-data=16 RW-data=0 ZI-data=1160  
FromELF: creating hex file...
".\k.axf" - 0 Error(s), 0 Warning(s).
</pre>
</body>
</html>
16 RW-data=0 ZI-data=1160  
FromELF: creating hex file...
".\k.axf" - 0 Error(s), 1 Warning(s).
"main.c" - 0 Error(s), 1 Warning(s).
compiling main.c...
main.c(47): warning:  #1-D: last line of file ends without a newline
  }
main.c: 1 warning, 0 errors
"main.c" - 0 Error(s), 1 Warning(s).
