C51 COMPILER V9.60.7.0   SEVEN_SEGMENT                                                     11/14/2024 07:34:06 PAGE 1   


C51 COMPILER V9.60.7.0, COMPILATION OF MODULE SEVEN_SEGMENT
OBJECT MODULE PLACED IN .\Objects\Seven_Segment.obj
COMPILER INVOKED BY: C:\Keil_v5\C51\BIN\C51.EXE ..\..\Lib\Seven_Segment\Seven_Segment.c OPTIMIZE(8,SPEED) BROWSE DEBUG O
                    -BJECTEXTEND PRINT(.\Listings\Seven_Segment.lst) TABS(2) OBJECT(.\Objects\Seven_Segment.obj)

line level    source

   1          #include "Seven_Segment.h"
   2          #include "D:\Micro_Controller\8051\NOV_24 _Projects\Lib\Delay\Delay.h"
   3          #include "GPIO.h"
   4          
   5          // Seven-segment encoding for digits 0-9
   6          unsigned char Seven[10] = {0x3F, 0x06, 0x5B, 0x4F, 0x66, 0x6D, 0x7C, 0x07, 0x7F, 0x6F};
   7          
   8          void Seven_Segment()
   9          {
  10   1          unsigned int number;
  11   1          unsigned thousands,hundreds,tens,units,l;
  12   1          for (number = 0; number <= 100; number++) {
  13   2               thousands = (number / 1000)%10;
  14   2               hundreds = (number / 100) % 10; 
  15   2               tens = (number / 10) % 10;      
  16   2               units = number % 10; 
  17   2            
  18   2               for (l = 0;l  <= 100; l++){
  19   3                 
  20   3              Seg1 = 1; Seg2 = 0; Seg3 = 0; Seg4 = 0; 
  21   3              P1 = Seven[thousands]; 
  22   3              Delay_1ms(1); 
  23   3      
  24   3              Seg1 = 0; Seg2 = 1; Seg3 = 0; Seg4 = 0;
  25   3              P1 = Seven[hundreds];
  26   3              Delay_1ms(1);
  27   3      
  28   3              Seg1 = 0; Seg2 = 0; Seg3 = 1; Seg4 = 0; 
  29   3              P1 = Seven[tens]; 
  30   3              Delay_1ms(1); 
  31   3      
  32   3              Seg1 = 0; Seg2 = 0; Seg3 = 0; Seg4 = 1; 
  33   3              P1 = Seven[units]; 
  34   3              Delay_1ms(1);
  35   3              if (number == 100)
  36   3              {
  37   4                l = 1000;
  38   4              }
  39   3               }
  40   2          }
  41   1      }


MODULE INFORMATION:   STATIC OVERLAYABLE
   CODE SIZE        =    235    ----
   CONSTANT SIZE    =   ----    ----
   XDATA SIZE       =   ----    ----
   PDATA SIZE       =   ----    ----
   DATA SIZE        =     10      12
   IDATA SIZE       =   ----    ----
   BIT SIZE         =   ----    ----
END OF MODULE INFORMATION.


C51 COMPILATION COMPLETE.  0 WARNING(S),  0 ERROR(S)
