Archive member included to satisfy reference by file (symbol)

C:/ST/STM32CubeIDE_1.16.0/STM32CubeIDE/plugins/com.st.stm32cube.ide.mcu.externaltools.gnu-tools-for-stm32.12.3.rel1.win32_1.0.200.202406191623/tools/bin/../lib/gcc/arm-none-eabi/12.3.1/../../../../arm-none-eabi/lib/thumb/v8-m.main+fp/hard\libc_nano.a(libc_a-exit.o)
                              C:/ST/STM32CubeIDE_1.16.0/STM32CubeIDE/plugins/com.st.stm32cube.ide.mcu.externaltools.gnu-tools-for-stm32.12.3.rel1.win32_1.0.200.202406191623/tools/bin/../lib/gcc/arm-none-eabi/12.3.1/../../../../arm-none-eabi/lib/thumb/v8-m.main+fp/hard/crt0.o (exit)
C:/ST/STM32CubeIDE_1.16.0/STM32CubeIDE/plugins/com.st.stm32cube.ide.mcu.externaltools.gnu-tools-for-stm32.12.3.rel1.win32_1.0.200.202406191623/tools/bin/../lib/gcc/arm-none-eabi/12.3.1/../../../../arm-none-eabi/lib/thumb/v8-m.main+fp/hard\libc_nano.a(libc_a-itoa.o)
                              ./Core/Src/main.o (itoa)
C:/ST/STM32CubeIDE_1.16.0/STM32CubeIDE/plugins/com.st.stm32cube.ide.mcu.externaltools.gnu-tools-for-stm32.12.3.rel1.win32_1.0.200.202406191623/tools/bin/../lib/gcc/arm-none-eabi/12.3.1/../../../../arm-none-eabi/lib/thumb/v8-m.main+fp/hard\libc_nano.a(libc_a-utoa.o)
                              C:/ST/STM32CubeIDE_1.16.0/STM32CubeIDE/plugins/com.st.stm32cube.ide.mcu.externaltools.gnu-tools-for-stm32.12.3.rel1.win32_1.0.200.202406191623/tools/bin/../lib/gcc/arm-none-eabi/12.3.1/../../../../arm-none-eabi/lib/thumb/v8-m.main+fp/hard\libc_nano.a(libc_a-itoa.o) (__utoa)
C:/ST/STM32CubeIDE_1.16.0/STM32CubeIDE/plugins/com.st.stm32cube.ide.mcu.externaltools.gnu-tools-for-stm32.12.3.rel1.win32_1.0.200.202406191623/tools/bin/../lib/gcc/arm-none-eabi/12.3.1/../../../../arm-none-eabi/lib/thumb/v8-m.main+fp/hard\libc_nano.a(libc_a-findfp.o)
                              C:/ST/STM32CubeIDE_1.16.0/STM32CubeIDE/plugins/com.st.stm32cube.ide.mcu.externaltools.gnu-tools-for-stm32.12.3.rel1.win32_1.0.200.202406191623/tools/bin/../lib/gcc/arm-none-eabi/12.3.1/../../../../arm-none-eabi/lib/thumb/v8-m.main+fp/hard\libc_nano.a(libc_a-exit.o) (__stdio_exit_handler)
C:/ST/STM32CubeIDE_1.16.0/STM32CubeIDE/plugins/com.st.stm32cube.ide.mcu.externaltools.gnu-tools-for-stm32.12.3.rel1.win32_1.0.200.202406191623/tools/bin/../lib/gcc/arm-none-eabi/12.3.1/../../../../arm-none-eabi/lib/thumb/v8-m.main+fp/hard\libc_nano.a(libc_a-fwalk.o)
                              C:/ST/STM32CubeIDE_1.16.0/STM32CubeIDE/plugins/com.st.stm32cube.ide.mcu.externaltools.gnu-tools-for-stm32.12.3.rel1.win32_1.0.200.202406191623/tools/bin/../lib/gcc/arm-none-eabi/12.3.1/../../../../arm-none-eabi/lib/thumb/v8-m.main+fp/hard\libc_nano.a(libc_a-findfp.o) (_fwalk_sglue)
C:/ST/STM32CubeIDE_1.16.0/STM32CubeIDE/plugins/com.st.stm32cube.ide.mcu.externaltools.gnu-tools-for-stm32.12.3.rel1.win32_1.0.200.202406191623/tools/bin/../lib/gcc/arm-none-eabi/12.3.1/../../../../arm-none-eabi/lib/thumb/v8-m.main+fp/hard\libc_nano.a(libc_a-stdio.o)
                              C:/ST/STM32CubeIDE_1.16.0/STM32CubeIDE/plugins/com.st.stm32cube.ide.mcu.externaltools.gnu-tools-for-stm32.12.3.rel1.win32_1.0.200.202406191623/tools/bin/../lib/gcc/arm-none-eabi/12.3.1/../../../../arm-none-eabi/lib/thumb/v8-m.main+fp/hard\libc_nano.a(libc_a-findfp.o) (__sread)
C:/ST/STM32CubeIDE_1.16.0/STM32CubeIDE/plugins/com.st.stm32cube.ide.mcu.externaltools.gnu-tools-for-stm32.12.3.rel1.win32_1.0.200.202406191623/tools/bin/../lib/gcc/arm-none-eabi/12.3.1/../../../../arm-none-eabi/lib/thumb/v8-m.main+fp/hard\libc_nano.a(libc_a-memset.o)
                              C:/ST/STM32CubeIDE_1.16.0/STM32CubeIDE/plugins/com.st.stm32cube.ide.mcu.externaltools.gnu-tools-for-stm32.12.3.rel1.win32_1.0.200.202406191623/tools/bin/../lib/gcc/arm-none-eabi/12.3.1/../../../../arm-none-eabi/lib/thumb/v8-m.main+fp/hard/crt0.o (memset)
C:/ST/STM32CubeIDE_1.16.0/STM32CubeIDE/plugins/com.st.stm32cube.ide.mcu.externaltools.gnu-tools-for-stm32.12.3.rel1.win32_1.0.200.202406191623/tools/bin/../lib/gcc/arm-none-eabi/12.3.1/../../../../arm-none-eabi/lib/thumb/v8-m.main+fp/hard\libc_nano.a(libc_a-closer.o)
                              C:/ST/STM32CubeIDE_1.16.0/STM32CubeIDE/plugins/com.st.stm32cube.ide.mcu.externaltools.gnu-tools-for-stm32.12.3.rel1.win32_1.0.200.202406191623/tools/bin/../lib/gcc/arm-none-eabi/12.3.1/../../../../arm-none-eabi/lib/thumb/v8-m.main+fp/hard\libc_nano.a(libc_a-stdio.o) (_close_r)
C:/ST/STM32CubeIDE_1.16.0/STM32CubeIDE/plugins/com.st.stm32cube.ide.mcu.externaltools.gnu-tools-for-stm32.12.3.rel1.win32_1.0.200.202406191623/tools/bin/../lib/gcc/arm-none-eabi/12.3.1/../../../../arm-none-eabi/lib/thumb/v8-m.main+fp/hard\libc_nano.a(libc_a-reent.o)
                              C:/ST/STM32CubeIDE_1.16.0/STM32CubeIDE/plugins/com.st.stm32cube.ide.mcu.externaltools.gnu-tools-for-stm32.12.3.rel1.win32_1.0.200.202406191623/tools/bin/../lib/gcc/arm-none-eabi/12.3.1/../../../../arm-none-eabi/lib/thumb/v8-m.main+fp/hard\libc_nano.a(libc_a-closer.o) (errno)
[...]
Memory Configuration

Name             Origin             Length             Attributes
RAM              0x20000000         0x00020000         xrw
FLASH            0x08000000         0x00100000         xr
*default*        0x00000000         0xffffffff

Linker script and memory map

LOAD C:/ST/STM32CubeIDE_1.16.0/STM32CubeIDE/plugins/com.st.stm32cube.ide.mcu.externaltools.gnu-tools-for-stm32.12.3.rel1.win32_1.0.200.202406191623/tools/bin/../lib/gcc/arm-none-eabi/12.3.1/thumb/v8-m.main+fp/hard/crti.o
LOAD C:/ST/STM32CubeIDE_1.16.0/STM32CubeIDE/plugins/com.st.stm32cube.ide.mcu.externaltools.gnu-tools-for-stm32.12.3.rel1.win32_1.0.200.202406191623/tools/bin/../lib/gcc/arm-none-eabi/12.3.1/thumb/v8-m.main+fp/hard/crtbegin.o
LOAD C:/ST/STM32CubeIDE_1.16.0/STM32CubeIDE/plugins/com.st.stm32cube.ide.mcu.externaltools.gnu-tools-for-stm32.12.3.rel1.win32_1.0.200.202406191623/tools/bin/../lib/gcc/arm-none-eabi/12.3.1/../../../../arm-none-eabi/lib/thumb/v8-m.main+fp/hard/crt0.o
LOAD ./Core/Src/liquidcrystal_i2c.o
LOAD ./Core/Src/main.o
LOAD ./Core/Src/stm32wbaxx_hal_msp.o
LOAD ./Core/Src/stm32wbaxx_it.o
LOAD ./Core/Src/syscalls.o
LOAD ./Core/Src/sysmem.o
LOAD ./Core/Src/system_stm32wbaxx.o
LOAD ./Core/Startup/startup_stm32wba52cgux.o
LOAD ./Drivers/BSP/STM32WBAxx_Nucleo/stm32wbaxx_nucleo.o
LOAD ./Drivers/STM32WBAxx_HAL_Driver/Src/stm32wbaxx_hal.o
LOAD ./Drivers/STM32WBAxx_HAL_Driver/Src/stm32wbaxx_hal_cortex.o
LOAD ./Drivers/STM32WBAxx_HAL_Driver/Src/stm32wbaxx_hal_dma.o
LOAD ./Drivers/STM32WBAxx_HAL_Driver/Src/stm32wbaxx_hal_dma_ex.o
LOAD ./Drivers/STM32WBAxx_HAL_Driver/Src/stm32wbaxx_hal_exti.o
LOAD ./Drivers/STM32WBAxx_HAL_Driver/Src/stm32wbaxx_hal_flash.o
LOAD ./Drivers/STM32WBAxx_HAL_Driver/Src/stm32wbaxx_hal_flash_ex.o
LOAD ./Drivers/STM32WBAxx_HAL_Driver/Src/stm32wbaxx_hal_gpio.o
LOAD ./Drivers/STM32WBAxx_HAL_Driver/Src/stm32wbaxx_hal_i2c.o
LOAD ./Drivers/STM32WBAxx_HAL_Driver/Src/stm32wbaxx_hal_i2c_ex.o
LOAD ./Drivers/STM32WBAxx_HAL_Driver/Src/stm32wbaxx_hal_icache.o
LOAD ./Drivers/STM32WBAxx_HAL_Driver/Src/stm32wbaxx_hal_pwr.o
LOAD ./Drivers/STM32WBAxx_HAL_Driver/Src/stm32wbaxx_hal_pwr_ex.o
LOAD ./Drivers/STM32WBAxx_HAL_Driver/Src/stm32wbaxx_hal_rcc.o
LOAD ./Drivers/STM32WBAxx_HAL_Driver/Src/stm32wbaxx_hal_rcc_ex.o
LOAD ./Drivers/STM32WBAxx_HAL_Driver/Src/stm32wbaxx_hal_tim.o
LOAD ./Drivers/STM32WBAxx_HAL_Driver/Src/stm32wbaxx_hal_tim_ex.o
LOAD ./Drivers/STM32WBAxx_HAL_Driver/Src/stm32wbaxx_hal_uart.o
LOAD ./Drivers/STM32WBAxx_HAL_Driver/Src/stm32wbaxx_hal_uart_ex.o
LOAD ./Drivers/STM32WBAxx_HAL_Driver/Src/stm32wbaxx_hal_usart.o
LOAD ./Drivers/STM32WBAxx_HAL_Driver/Src/stm32wbaxx_hal_usart_ex.o
START GROUP
LOAD C:/ST/STM32CubeIDE_1.16.0/STM32CubeIDE/plugins/com.st.stm32cube.ide.mcu.externaltools.gnu-tools-for-stm32.12.3.rel1.win32_1.0.200.202406191623/tools/bin/../lib/gcc/arm-none-eabi/12.3.1/../../../../arm-none-eabi/lib/thumb/v8-m.main+fp/hard\libc_nano.a
LOAD C:/ST/STM32CubeIDE_1.16.0/STM32CubeIDE/plugins/com.st.stm32cube.ide.mcu.externaltools.gnu-tools-for-stm32.12.3.rel1.win32_1.0.200.202406191623/tools/bin/../lib/gcc/arm-none-eabi/12.3.1/../../../../arm-none-eabi/lib/thumb/v8-m.main+fp/hard\libm.a
END GROUP
START GROUP
LOAD C:/ST/STM32CubeIDE_1.16.0/STM32CubeIDE/plugins/com.st.stm32cube.ide.mcu.externaltools.gnu-tools-for-stm32.12.3.rel1.win32_1.0.200.202406191623/tools/bin/../lib/gcc/arm-none-eabi/12.3.1/thumb/v8-m.main+fp/hard\libgcc.a
LOAD C:/ST/STM32CubeIDE_1.16.0/STM32CubeIDE/plugins/com.st.stm32cube.ide.mcu.externaltools.gnu-tools-for-stm32.12.3.rel1.win32_1.0.200.202406191623/tools/bin/../lib/gcc/arm-none-eabi/12.3.1/../../../../arm-none-eabi/lib/thumb/v8-m.main+fp/hard\libc_nano.a
END GROUP
START GROUP
LOAD C:/ST/STM32CubeIDE_1.16.0/STM32CubeIDE/plugins/com.st.stm32cube.ide.mcu.externaltools.gnu-tools-for-stm32.12.3.rel1.win32_1.0.200.202406191623/tools/bin/../lib/gcc/arm-none-eabi/12.3.1/thumb/v8-m.main+fp/hard\libgcc.a
LOAD C:/ST/STM32CubeIDE_1.16.0/STM32CubeIDE/plugins/com.st.stm32cube.ide.mcu.externaltools.gnu-tools-for-stm32.12.3.rel1.win32_1.0.200.202406191623/tools/bin/../lib/gcc/arm-none-eabi/12.3.1/../../../../arm-none-eabi/lib/thumb/v8-m.main+fp/hard\libc_nano.a
LOAD C:/ST/STM32CubeIDE_1.16.0/STM32CubeIDE/plugins/com.st.stm32cube.ide.mcu.externaltools.gnu-tools-for-stm32.12.3.rel1.win32_1.0.200.202406191623/tools/bin/../lib/gcc/arm-none-eabi/12.3.1/../../../../arm-none-eabi/lib/thumb/v8-m.main+fp/hard\libnosys.a
END GROUP
START GROUP
LOAD C:/ST/STM32CubeIDE_1.16.0/STM32CubeIDE/plugins/com.st.stm32cube.ide.mcu.externaltools.gnu-tools-for-stm32.12.3.rel1.win32_1.0.200.202406191623/tools/bin/../lib/gcc/arm-none-eabi/12.3.1/thumb/v8-m.main+fp/hard\libgcc.a
LOAD C:/ST/STM32CubeIDE_1.16.0/STM32CubeIDE/plugins/com.st.stm32cube.ide.mcu.externaltools.gnu-tools-for-stm32.12.3.rel1.win32_1.0.200.202406191623/tools/bin/../lib/gcc/arm-none-eabi/12.3.1/../../../../arm-none-eabi/lib/thumb/v8-m.main+fp/hard\libc_nano.a
LOAD C:/ST/STM32CubeIDE_1.16.0/STM32CubeIDE/plugins/com.st.stm32cube.ide.mcu.externaltools.gnu-tools-for-stm32.12.3.rel1.win32_1.0.200.202406191623/tools/bin/../lib/gcc/arm-none-eabi/12.3.1/../../../../arm-none-eabi/lib/thumb/v8-m.main+fp/hard\libnosys.a
END GROUP
LOAD C:/ST/STM32CubeIDE_1.16.0/STM32CubeIDE/plugins/com.st.stm32cube.ide.mcu.externaltools.gnu-tools-for-stm32.12.3.rel1.win32_1.0.200.202406191623/tools/bin/../lib/gcc/arm-none-eabi/12.3.1/thumb/v8-m.main+fp/hard/crtend.o
LOAD C:/ST/STM32CubeIDE_1.16.0/STM32CubeIDE/plugins/com.st.stm32cube.ide.mcu.externaltools.gnu-tools-for-stm32.12.3.rel1.win32_1.0.200.202406191623/tools/bin/../lib/gcc/arm-none-eabi/12.3.1/thumb/v8-m.main+fp/hard/crtn.o
                0x20020000                        _estack = (ORIGIN (RAM) + LENGTH (RAM))
                0x00000200                        _Min_Heap_Size = 0x200
                0x00000400                        _Min_Stack_Size = 0x400

.isr_vector     0x08000000      0x15c
                0x08000000                        . = ALIGN (0x4)
 *(.isr_vector)
 .isr_vector    0x08000000      0x15c ./Core/Startup/startup_stm32wba52cgux.o
                0x08000000                g_pfnVectors
                0x0800015c                        . = ALIGN (0x4)

.text           0x0800015c     0x46cc
                0x0800015c                        . = ALIGN (0x4)
 *(.text)
 .text          0x0800015c       0x40 C:/ST/STM32CubeIDE_1.16.0/STM32CubeIDE/plugins/com.st.stm32cube.ide.mcu.externaltools.gnu-tools-for-stm32.12.3.rel1.win32_1.0.200.202406191623/tools/bin/../lib/gcc/arm-none-eabi/12.3.1/thumb/v8-m.main+fp/hard/crtbegin.o
 .text          0x0800019c       0x30 C:/ST/STM32CubeIDE_1.16.0/STM32CubeIDE/plugins/com.st.stm32cube.ide.mcu.externaltools.gnu-tools-for-stm32.12.3.rel1.win32_1.0.200.202406191623/tools/bin/../lib/gcc/arm-none-eabi/12.3.1/thumb/v8-m.main+fp/hard\libgcc.a(_aeabi_uldivmod.o)
                0x0800019c                __aeabi_uldivmod
 .text          0x080001cc      0x2e4 C:/ST/STM32CubeIDE_1.16.0/STM32CubeIDE/plugins/com.st.stm32cube.ide.mcu.externaltools.gnu-tools-for-stm32.12.3.rel1.win32_1.0.200.202406191623/tools/bin/../lib/gcc/arm-none-eabi/12.3.1/thumb/v8-m.main+fp/hard\libgcc.a(_udivmoddi4.o)
                0x080001cc                __udivmoddi4
 .text          0x080004b0        0x4 C:/ST/STM32CubeIDE_1.16.0/STM32CubeIDE/plugins/com.st.stm32cube.ide.mcu.externaltools.gnu-tools-for-stm32.12.3.rel1.win32_1.0.200.202406191623/tools/bin/../lib/gcc/arm-none-eabi/12.3.1/thumb/v8-m.main+fp/hard\libgcc.a(_dvmd_tls.o)
                0x080004b0                __aeabi_idiv0
                0x080004b0                __aeabi_ldiv0
 *(.text*)
 .text.HD44780_Init
                0x080004b4      0x108 ./Core/Src/liquidcrystal_i2c.o
                0x080004b4                HD44780_Init
 .text.HD44780_Clear
                0x080005bc       0x16 ./Core/Src/liquidcrystal_i2c.o
                0x080005bc                HD44780_Clear
 .text.HD44780_Home
                0x080005d2       0x16 ./Core/Src/liquidcrystal_i2c.o
                0x080005d2                HD44780_Home
 .text.HD44780_SetCursor
                0x080005e8       0x64 ./Core/Src/liquidcrystal_i2c.o
                0x080005e8                HD44780_SetCursor
 .text.HD44780_NoDisplay
                0x0800064c       0x2c ./Core/Src/liquidcrystal_i2c.o
                0x0800064c                HD44780_NoDisplay
 .text.HD44780_Display
                0x08000678       0x2c ./Core/Src/liquidcrystal_i2c.o
                0x08000678                HD44780_Display
 .text.HD44780_NoCursor
                0x080006a4       0x2c ./Core/Src/liquidcrystal_i2c.o
                0x080006a4                HD44780_NoCursor
 .text.HD44780_Cursor
                0x080006d0       0x2c ./Core/Src/liquidcrystal_i2c.o
                0x080006d0                HD44780_Cursor
 .text.HD44780_NoBlink
                0x080006fc       0x2c ./Core/Src/liquidcrystal_i2c.o
                0x080006fc                HD44780_NoBlink
 .text.HD44780_Blink
                0x08000728       0x2c ./Core/Src/liquidcrystal_i2c.o
                0x08000728                HD44780_Blink
 .text.HD44780_ScrollDisplayLeft
                0x08000754        0xe ./Core/Src/liquidcrystal_i2c.o
                0x08000754                HD44780_ScrollDisplayLeft
 .text.HD44780_CreateSpecialChar
                0x08000762       0x52 ./Core/Src/liquidcrystal_i2c.o
                0x08000762                HD44780_CreateSpecialChar
 .text.HD44780_PrintStr
                0x080007b4       0x2a ./Core/Src/liquidcrystal_i2c.o
                0x080007b4                HD44780_PrintStr
 *fill*         0x080007de        0x2 
 .text.HD44780_NoBacklight
                0x080007e0       0x18 ./Core/Src/liquidcrystal_i2c.o
                0x080007e0                HD44780_NoBacklight
 .text.HD44780_Backlight
                0x080007f8       0x18 ./Core/Src/liquidcrystal_i2c.o
                0x080007f8                HD44780_Backlight
 .text.SendCommand
                0x08000810       0x1c ./Core/Src/liquidcrystal_i2c.o
 .text.SendChar
                0x0800082c       0x1c ./Core/Src/liquidcrystal_i2c.o
 .text.Send     0x08000848       0x42 ./Core/Src/liquidcrystal_i2c.o
 .text.Write4Bits
                0x0800088a       0x22 ./Core/Src/liquidcrystal_i2c.o
 .text.ExpanderWrite
                0x080008ac       0x38 ./Core/Src/liquidcrystal_i2c.o
 .text.PulseEnable
                0x080008e4       0x3a ./Core/Src/liquidcrystal_i2c.o
 *fill*         0x0800091e        0x2 
 .text.DelayInit
                0x08000920       0x54 ./Core/Src/liquidcrystal_i2c.o
 .text.DelayUS  0x08000974       0x50 ./Core/Src/liquidcrystal_i2c.o
 .text.main     0x080009c4      0x19c ./Core/Src/main.o
                0x080009c4                main
 .text.SystemClock_Config
                0x08000b60       0xb0 ./Core/Src/main.o
                0x08000b60                SystemClock_Config
 .text.MX_I2C1_Init
                0x08000c10       0x80 ./Core/Src/main.o
 .text.MX_ICACHE_Init
                0x08000c90       0x26 ./Core/Src/main.o
 *fill*         0x08000cb6        0x2 
 .text.MX_TIM3_Init
                0x08000cb8       0xa0 ./Core/Src/main.o
 .text.MX_GPIO_Init
                0x08000d58       0x70 ./Core/Src/main.o
 .text.Error_Handler
                0x08000dc8        0xc ./Core/Src/main.o
                0x08000dc8                Error_Handler
 .text.HAL_MspInit
                0x08000dd4       0x34 ./Core/Src/stm32wbaxx_hal_msp.o
                0x08000dd4                HAL_MspInit
 .text.HAL_I2C_MspInit
                0x08000e08      0x100 ./Core/Src/stm32wbaxx_hal_msp.o
                0x08000e08                HAL_I2C_MspInit
 .text.HAL_TIM_Base_MspInit
                0x08000f08       0x44 ./Core/Src/stm32wbaxx_hal_msp.o
                0x08000f08                HAL_TIM_Base_MspInit
 .text.NMI_Handler
                0x08000f4c        0x8 ./Core/Src/stm32wbaxx_it.o
                0x08000f4c                NMI_Handler
 .text.HardFault_Handler
                0x08000f54        0x8 ./Core/Src/stm32wbaxx_it.o
                0x08000f54                HardFault_Handler
 .text.MemManage_Handler
                0x08000f5c        0x8 ./Core/Src/stm32wbaxx_it.o
                0x08000f5c                MemManage_Handler
 .text.BusFault_Handler
                0x08000f64        0x8 ./Core/Src/stm32wbaxx_it.o
                0x08000f64                BusFault_Handler
 .text.UsageFault_Handler
                0x08000f6c        0x8 ./Core/Src/stm32wbaxx_it.o
                0x08000f6c                UsageFault_Handler
 .text.SVC_Handler
                0x08000f74        0xe ./Core/Src/stm32wbaxx_it.o
                0x08000f74                SVC_Handler
 .text.DebugMon_Handler
                0x08000f82        0xe ./Core/Src/stm32wbaxx_it.o
                0x08000f82                DebugMon_Handler
 .text.PendSV_Handler
                0x08000f90        0xe ./Core/Src/stm32wbaxx_it.o
                0x08000f90                PendSV_Handler
 .text.SysTick_Handler
                0x08000f9e        0xc ./Core/Src/stm32wbaxx_it.o
                0x08000f9e                SysTick_Handler
 .text.EXTI6_IRQHandler
                0x08000faa        0xe ./Core/Src/stm32wbaxx_it.o
                0x08000faa                EXTI6_IRQHandler
 .text.EXTI7_IRQHandler
                0x08000fb8        0xe ./Core/Src/stm32wbaxx_it.o
                0x08000fb8                EXTI7_IRQHandler
 .text.EXTI13_IRQHandler
                0x08000fc6       0x10 ./Core/Src/stm32wbaxx_it.o
                0x08000fc6                EXTI13_IRQHandler
 *fill*         0x08000fd6        0x2 
 .text.SystemInit
                0x08000fd8       0x24 ./Core/Src/system_stm32wbaxx.o
                0x08000fd8                SystemInit
 .text.SystemCoreClockUpdate
                0x08000ffc      0x15c ./Core/Src/system_stm32wbaxx.o
                0x08000ffc                SystemCoreClockUpdate
 .text.Reset_Handler
                0x08001158       0x50 ./Core/Startup/startup_stm32wba52cgux.o
                0x08001158                Reset_Handler
 .text.Default_Handler
                0x080011a8        0x2 ./Core/Startup/startup_stm32wba52cgux.o
                0x080011a8                EXTI2_IRQHandler
                0x080011a8                EXTI5_IRQHandler
                0x080011a8                FLASH_S_IRQHandler
                0x080011a8                TIM1_CC_IRQHandler
                0x080011a8                TSC_IRQHandler
                0x080011a8                TAMP_IRQHandler
                0x080011a8                EXTI12_IRQHandler
                0x080011a8                PVD_IRQHandler
                0x080011a8                EXTI3_IRQHandler
                0x080011a8                GPDMA1_Channel5_IRQHandler
                0x080011a8                RADIO_IRQHandler
                0x080011a8                EXTI8_IRQHandler
                0x080011a8                LPTIM2_IRQHandler
                0x080011a8                I2C3_ER_IRQHandler
                0x080011a8                EXTI0_IRQHandler
                0x080011a8                FPU_IRQHandler
                0x080011a8                GPDMA1_Channel3_IRQHandler
                0x080011a8                GPDMA1_Channel7_IRQHandler
                0x080011a8                RAMCFG_IRQHandler
                0x080011a8                SPI1_IRQHandler
                0x080011a8                GPDMA1_Channel2_IRQHandler
                0x080011a8                RCC_S_IRQHandler
                0x080011a8                PKA_IRQHandler
                0x080011a8                EXTI15_IRQHandler
                0x080011a8                TIM17_IRQHandler
                0x080011a8                WKUP_IRQHandler
                0x080011a8                RTC_IRQHandler
                0x080011a8                EXTI9_IRQHandler
                0x080011a8                I2C1_EV_IRQHandler
                0x080011a8                GPDMA1_Channel1_IRQHandler
                0x080011a8                TIM16_IRQHandler
                0x080011a8                SecureFault_Handler
                0x080011a8                TIM3_IRQHandler
                0x080011a8                RCC_IRQHandler
                0x080011a8                TIM1_TRG_COM_IRQHandler
                0x080011a8                Default_Handler
                0x080011a8                SAES_IRQHandler
                0x080011a8                GPDMA1_Channel0_IRQHandler
                0x080011a8                I2C3_EV_IRQHandler
                0x080011a8                WKUP_S_IRQHandler
                0x080011a8                EXTI14_IRQHandler
                0x080011a8                EXTI11_IRQHandler
                0x080011a8                EXTI4_IRQHandler
                0x080011a8                RTC_S_IRQHandler
                0x080011a8                RNG_IRQHandler
                0x080011a8                HSEM_S_IRQHandler
                0x080011a8                HSEM_IRQHandler
                0x080011a8                TIM1_UP_IRQHandler
                0x080011a8                ADC4_IRQHandler
                0x080011a8                WWDG_IRQHandler
                0x080011a8                IWDG_IRQHandler
                0x080011a8                LPUART1_IRQHandler
                0x080011a8                TIM2_IRQHandler
                0x080011a8                GPDMA1_Channel4_IRQHandler
                0x080011a8                TIM1_BRK_IRQHandler
                0x080011a8                EXTI1_IRQHandler
                0x080011a8                AES_IRQHandler
                0x080011a8                GTZC_IRQHandler
                0x080011a8                USART2_IRQHandler
                0x080011a8                GPDMA1_Channel6_IRQHandler
                0x080011a8                FLASH_IRQHandler
                0x080011a8                USART1_IRQHandler
                0x080011a8                EXTI10_IRQHandler
                0x080011a8                SPI3_IRQHandler
                0x080011a8                I2C1_ER_IRQHandler
                0x080011a8                LPTIM1_IRQHandler
                0x080011a8                ICACHE_IRQHandler
                0x080011a8                HASH_IRQHandler
 *fill*         0x080011aa        0x2 
 .text.BSP_LED_Init
                0x080011ac       0xcc ./Drivers/BSP/STM32WBAxx_Nucleo/stm32wbaxx_nucleo.o
                0x080011ac                BSP_LED_Init
 .text.BSP_PB_Init
                0x08001278      0x1a4 ./Drivers/BSP/STM32WBAxx_Nucleo/stm32wbaxx_nucleo.o
                0x08001278                BSP_PB_Init
 .text.BSP_PB_Callback
                0x0800141c       0x16 ./Drivers/BSP/STM32WBAxx_Nucleo/stm32wbaxx_nucleo.o
                0x0800141c                BSP_PB_Callback
 *fill*         0x08001432        0x2 
 .text.BSP_COM_Init
                0x08001434       0x80 ./Drivers/BSP/STM32WBAxx_Nucleo/stm32wbaxx_nucleo.o
                0x08001434                BSP_COM_Init
 .text.MX_USART1_Init
                0x080014b4       0x62 ./Drivers/BSP/STM32WBAxx_Nucleo/stm32wbaxx_nucleo.o
                0x080014b4                MX_USART1_Init
 .text.B1_EXTI_Callback
                0x08001516        0xe ./Drivers/BSP/STM32WBAxx_Nucleo/stm32wbaxx_nucleo.o
 .text.B2_EXTI_Callback
                0x08001524        0xe ./Drivers/BSP/STM32WBAxx_Nucleo/stm32wbaxx_nucleo.o
 .text.B3_EXTI_Callback
                0x08001532        0xe ./Drivers/BSP/STM32WBAxx_Nucleo/stm32wbaxx_nucleo.o
 .text.UART_MspInit
                0x08001540       0xb0 ./Drivers/BSP/STM32WBAxx_Nucleo/stm32wbaxx_nucleo.o
 .text.HAL_Init
                0x080015f0       0x40 ./Drivers/STM32WBAxx_HAL_Driver/Src/stm32wbaxx_hal.o
                0x080015f0                HAL_Init
 .text.HAL_InitTick
                0x08001630       0xfc ./Drivers/STM32WBAxx_HAL_Driver/Src/stm32wbaxx_hal.o
                0x08001630                HAL_InitTick
 .text.HAL_IncTick
                0x0800172c       0x28 ./Drivers/STM32WBAxx_HAL_Driver/Src/stm32wbaxx_hal.o
                0x0800172c                HAL_IncTick
 .text.HAL_GetTick
                0x08001754       0x18 ./Drivers/STM32WBAxx_HAL_Driver/Src/stm32wbaxx_hal.o
                0x08001754                HAL_GetTick
 .text.HAL_Delay
                0x0800176c       0x48 ./Drivers/STM32WBAxx_HAL_Driver/Src/stm32wbaxx_hal.o
                0x0800176c                HAL_Delay
 .text.__NVIC_SetPriorityGrouping
                0x080017b4       0x48 ./Drivers/STM32WBAxx_HAL_Driver/Src/stm32wbaxx_hal_cortex.o
 .text.__NVIC_GetPriorityGrouping
                0x080017fc       0x1c ./Drivers/STM32WBAxx_HAL_Driver/Src/stm32wbaxx_hal_cortex.o
 .text.__NVIC_EnableIRQ
                0x08001818       0x3c ./Drivers/STM32WBAxx_HAL_Driver/Src/stm32wbaxx_hal_cortex.o
 .text.__NVIC_SetPriority
                0x08001854       0x54 ./Drivers/STM32WBAxx_HAL_Driver/Src/stm32wbaxx_hal_cortex.o
 .text.NVIC_EncodePriority
                0x080018a8       0x66 ./Drivers/STM32WBAxx_HAL_Driver/Src/stm32wbaxx_hal_cortex.o
 .text.HAL_NVIC_SetPriorityGrouping
                0x0800190e       0x16 ./Drivers/STM32WBAxx_HAL_Driver/Src/stm32wbaxx_hal_cortex.o
                0x0800190e                HAL_NVIC_SetPriorityGrouping
 .text.HAL_NVIC_SetPriority
                0x08001924       0x3a ./Drivers/STM32WBAxx_HAL_Driver/Src/stm32wbaxx_hal_cortex.o
                0x08001924                HAL_NVIC_SetPriority
 .text.HAL_NVIC_EnableIRQ
                0x0800195e       0x1c ./Drivers/STM32WBAxx_HAL_Driver/Src/stm32wbaxx_hal_cortex.o
                0x0800195e                HAL_NVIC_EnableIRQ
 *fill*         0x0800197a        0x2 
 .text.HAL_SYSTICK_Config
                0x0800197c       0x44 ./Drivers/STM32WBAxx_HAL_Driver/Src/stm32wbaxx_hal_cortex.o
                0x0800197c                HAL_SYSTICK_Config
 .text.HAL_SYSTICK_CLKSourceConfig
                0x080019c0       0xb0 ./Drivers/STM32WBAxx_HAL_Driver/Src/stm32wbaxx_hal_cortex.o
                0x080019c0                HAL_SYSTICK_CLKSourceConfig
 .text.HAL_EXTI_RegisterCallback
                0x08001a70       0x58 ./Drivers/STM32WBAxx_HAL_Driver/Src/stm32wbaxx_hal_exti.o
                0x08001a70                HAL_EXTI_RegisterCallback
 .text.HAL_EXTI_GetHandle
                0x08001ac8       0x28 ./Drivers/STM32WBAxx_HAL_Driver/Src/stm32wbaxx_hal_exti.o
                0x08001ac8                HAL_EXTI_GetHandle
 .text.HAL_GPIO_Init
                0x08001af0      0x298 ./Drivers/STM32WBAxx_HAL_Driver/Src/stm32wbaxx_hal_gpio.o
                0x08001af0                HAL_GPIO_Init
 .text.HAL_GPIO_WritePin
                0x08001d88       0x30 ./Drivers/STM32WBAxx_HAL_Driver/Src/stm32wbaxx_hal_gpio.o
                0x08001d88                HAL_GPIO_WritePin
 .text.HAL_GPIO_EXTI_IRQHandler
                0x08001db8       0x4c ./Drivers/STM32WBAxx_HAL_Driver/Src/stm32wbaxx_hal_gpio.o
                0x08001db8                HAL_GPIO_EXTI_IRQHandler
 .text.HAL_GPIO_EXTI_Rising_Callback
                0x08001e04       0x16 ./Drivers/STM32WBAxx_HAL_Driver/Src/stm32wbaxx_hal_gpio.o
                0x08001e04                HAL_GPIO_EXTI_Rising_Callback
 .text.HAL_GPIO_EXTI_Falling_Callback
                0x08001e1a       0x16 ./Drivers/STM32WBAxx_HAL_Driver/Src/stm32wbaxx_hal_gpio.o
                0x08001e1a                HAL_GPIO_EXTI_Falling_Callback
 .text.HAL_I2C_Init
                0x08001e30      0x136 ./Drivers/STM32WBAxx_HAL_Driver/Src/stm32wbaxx_hal_i2c.o
                0x08001e30                HAL_I2C_Init
 *fill*         0x08001f66        0x2 
 .text.HAL_I2C_Master_Transmit
                0x08001f68      0x1e8 ./Drivers/STM32WBAxx_HAL_Driver/Src/stm32wbaxx_hal_i2c.o
                0x08001f68                HAL_I2C_Master_Transmit
 .text.I2C_Flush_TXDR
                0x08002150       0x48 ./Drivers/STM32WBAxx_HAL_Driver/Src/stm32wbaxx_hal_i2c.o
 .text.I2C_WaitOnFlagUntilTimeout
                0x08002198       0xb2 ./Drivers/STM32WBAxx_HAL_Driver/Src/stm32wbaxx_hal_i2c.o
 .text.I2C_WaitOnTXISFlagUntilTimeout
                0x0800224a       0x8e ./Drivers/STM32WBAxx_HAL_Driver/Src/stm32wbaxx_hal_i2c.o
 .text.I2C_WaitOnSTOPFlagUntilTimeout
                0x080022d8       0x86 ./Drivers/STM32WBAxx_HAL_Driver/Src/stm32wbaxx_hal_i2c.o
 *fill*         0x0800235e        0x2 
 .text.I2C_IsErrorOccurred
                0x08002360      0x1c0 ./Drivers/STM32WBAxx_HAL_Driver/Src/stm32wbaxx_hal_i2c.o
 .text.I2C_TransferConfig
                0x08002520       0x64 ./Drivers/STM32WBAxx_HAL_Driver/Src/stm32wbaxx_hal_i2c.o
 .text.HAL_I2CEx_ConfigAnalogFilter
                0x08002584       0x96 ./Drivers/STM32WBAxx_HAL_Driver/Src/stm32wbaxx_hal_i2c_ex.o
                0x08002584                HAL_I2CEx_ConfigAnalogFilter
 .text.HAL_I2CEx_ConfigDigitalFilter
                0x0800261a       0x98 ./Drivers/STM32WBAxx_HAL_Driver/Src/stm32wbaxx_hal_i2c_ex.o
                0x0800261a                HAL_I2CEx_ConfigDigitalFilter
 *fill*         0x080026b2        0x2 
 .text.HAL_ICACHE_ConfigAssociativityMode
                0x080026b4       0x40 ./Drivers/STM32WBAxx_HAL_Driver/Src/stm32wbaxx_hal_icache.o
                0x080026b4                HAL_ICACHE_ConfigAssociativityMode
 .text.HAL_ICACHE_Enable
                0x080026f4       0x20 ./Drivers/STM32WBAxx_HAL_Driver/Src/stm32wbaxx_hal_icache.o
                0x080026f4                HAL_ICACHE_Enable
 .text.HAL_PWREx_ControlVoltageScaling
                0x08002714       0xbc ./Drivers/STM32WBAxx_HAL_Driver/Src/stm32wbaxx_hal_pwr_ex.o
                0x08002714                HAL_PWREx_ControlVoltageScaling
 .text.HAL_RCC_OscConfig
                0x080027d0      0x7d4 ./Drivers/STM32WBAxx_HAL_Driver/Src/stm32wbaxx_hal_rcc.o
                0x080027d0                HAL_RCC_OscConfig
 .text.HAL_RCC_ClockConfig
                0x08002fa4      0x25c ./Drivers/STM32WBAxx_HAL_Driver/Src/stm32wbaxx_hal_rcc.o
                0x08002fa4                HAL_RCC_ClockConfig
 .text.HAL_RCC_GetSysClockFreq
                0x08003200       0x54 ./Drivers/STM32WBAxx_HAL_Driver/Src/stm32wbaxx_hal_rcc.o
                0x08003200                HAL_RCC_GetSysClockFreq
 .text.HAL_RCC_GetHCLKFreq
                0x08003254       0x34 ./Drivers/STM32WBAxx_HAL_Driver/Src/stm32wbaxx_hal_rcc.o
                0x08003254                HAL_RCC_GetHCLKFreq
 .text.HAL_RCC_GetPCLK1Freq
                0x08003288       0x28 ./Drivers/STM32WBAxx_HAL_Driver/Src/stm32wbaxx_hal_rcc.o
                0x08003288                HAL_RCC_GetPCLK1Freq
 .text.HAL_RCC_GetPCLK2Freq
                0x080032b0       0x28 ./Drivers/STM32WBAxx_HAL_Driver/Src/stm32wbaxx_hal_rcc.o
                0x080032b0                HAL_RCC_GetPCLK2Freq
 .text.HAL_RCC_GetPCLK7Freq
                0x080032d8       0x28 ./Drivers/STM32WBAxx_HAL_Driver/Src/stm32wbaxx_hal_rcc.o
                0x080032d8                HAL_RCC_GetPCLK7Freq
 .text.HAL_RCC_GetPLL1RFreq
                0x08003300       0x38 ./Drivers/STM32WBAxx_HAL_Driver/Src/stm32wbaxx_hal_rcc.o
                0x08003300                HAL_RCC_GetPLL1RFreq
 .text.RCC_PLL1_GetVCOOutputFreq
                0x08003338       0xf0 ./Drivers/STM32WBAxx_HAL_Driver/Src/stm32wbaxx_hal_rcc.o
 .text.HAL_RCCEx_PeriphCLKConfig
                0x08003428      0x364 ./Drivers/STM32WBAxx_HAL_Driver/Src/stm32wbaxx_hal_rcc_ex.o
                0x08003428                HAL_RCCEx_PeriphCLKConfig
 .text.HAL_TIM_Base_Init
                0x0800378c       0xae ./Drivers/STM32WBAxx_HAL_Driver/Src/stm32wbaxx_hal_tim.o
                0x0800378c                HAL_TIM_Base_Init
 .text.HAL_TIM_SlaveConfigSynchro
                0x0800383a       0x84 ./Drivers/STM32WBAxx_HAL_Driver/Src/stm32wbaxx_hal_tim.o
                0x0800383a                HAL_TIM_SlaveConfigSynchro
 *fill*         0x080038be        0x2 
 .text.TIM_Base_SetConfig
                0x080038c0       0xf4 ./Drivers/STM32WBAxx_HAL_Driver/Src/stm32wbaxx_hal_tim.o
                0x080038c0                TIM_Base_SetConfig
 .text.TIM_SlaveTimer_SetConfig
                0x080039b4      0x14c ./Drivers/STM32WBAxx_HAL_Driver/Src/stm32wbaxx_hal_tim.o
 .text.TIM_TI1_ConfigInputStage
                0x08003b00       0x5e ./Drivers/STM32WBAxx_HAL_Driver/Src/stm32wbaxx_hal_tim.o
 .text.TIM_TI2_ConfigInputStage
                0x08003b5e       0x60 ./Drivers/STM32WBAxx_HAL_Driver/Src/stm32wbaxx_hal_tim.o
 .text.TIM_ETR_SetConfig
                0x08003bbe       0x40 ./Drivers/STM32WBAxx_HAL_Driver/Src/stm32wbaxx_hal_tim.o
                0x08003bbe                TIM_ETR_SetConfig
 *fill*         0x08003bfe        0x2 
 .text.HAL_TIMEx_MasterConfigSynchronization
                0x08003c00       0xd0 ./Drivers/STM32WBAxx_HAL_Driver/Src/stm32wbaxx_hal_tim_ex.o
                0x08003c00                HAL_TIMEx_MasterConfigSynchronization
 .text.HAL_UART_Init
                0x08003cd0       0xa0 ./Drivers/STM32WBAxx_HAL_Driver/Src/stm32wbaxx_hal_uart.o
                0x08003cd0                HAL_UART_Init
 .text.HAL_UART_MspInit
                0x08003d70       0x14 ./Drivers/STM32WBAxx_HAL_Driver/Src/stm32wbaxx_hal_uart.o
                0x08003d70                HAL_UART_MspInit
 .text.UART_SetConfig
                0x08003d84      0x53c ./Drivers/STM32WBAxx_HAL_Driver/Src/stm32wbaxx_hal_uart.o
                0x08003d84                UART_SetConfig
 .text.UART_AdvFeatureConfig
                0x080042c0      0x144 ./Drivers/STM32WBAxx_HAL_Driver/Src/stm32wbaxx_hal_uart.o
                0x080042c0                UART_AdvFeatureConfig
 .text.UART_CheckIdleState
                0x08004404      0x154 ./Drivers/STM32WBAxx_HAL_Driver/Src/stm32wbaxx_hal_uart.o
                0x08004404                UART_CheckIdleState
 .text.UART_WaitOnFlagUntilTimeout
                0x08004558       0xda ./Drivers/STM32WBAxx_HAL_Driver/Src/stm32wbaxx_hal_uart.o
                0x08004558                UART_WaitOnFlagUntilTimeout
 .text.UART_EndRxTransfer
                0x08004632       0xcc ./Drivers/STM32WBAxx_HAL_Driver/Src/stm32wbaxx_hal_uart.o
 .text.__itoa   0x080046fe       0x30 C:/ST/STM32CubeIDE_1.16.0/STM32CubeIDE/plugins/com.st.stm32cube.ide.mcu.externaltools.gnu-tools-for-stm32.12.3.rel1.win32_1.0.200.202406191623/tools/bin/../lib/gcc/arm-none-eabi/12.3.1/../../../../arm-none-eabi/lib/thumb/v8-m.main+fp/hard\libc_nano.a(libc_a-itoa.o)
                0x080046fe                __itoa
 .text.itoa     0x0800472e        0x4 C:/ST/STM32CubeIDE_1.16.0/STM32CubeIDE/plugins/com.st.stm32cube.ide.mcu.externaltools.gnu-tools-for-stm32.12.3.rel1.win32_1.0.200.202406191623/tools/bin/../lib/gcc/arm-none-eabi/12.3.1/../../../../arm-none-eabi/lib/thumb/v8-m.main+fp/hard\libc_nano.a(libc_a-itoa.o)
                0x0800472e                itoa
 *fill*         0x08004732        0x2 
 .text.__utoa   0x08004734       0x84 C:/ST/STM32CubeIDE_1.16.0/STM32CubeIDE/plugins/com.st.stm32cube.ide.mcu.externaltools.gnu-tools-for-stm32.12.3.rel1.win32_1.0.200.202406191623/tools/bin/../lib/gcc/arm-none-eabi/12.3.1/../../../../arm-none-eabi/lib/thumb/v8-m.main+fp/hard\libc_nano.a(libc_a-utoa.o)
                0x08004734                __utoa
 .text.memset   0x080047b8       0x10 C:/ST/STM32CubeIDE_1.16.0/STM32CubeIDE/plugins/com.st.stm32cube.ide.mcu.externaltools.gnu-tools-for-stm32.12.3.rel1.win32_1.0.200.202406191623/tools/bin/../lib/gcc/arm-none-eabi/12.3.1/../../../../arm-none-eabi/lib/thumb/v8-m.main+fp/hard\libc_nano.a(libc_a-memset.o)
                0x080047b8                memset
 .text.__libc_init_array
                0x080047c8       0x48 C:/ST/STM32CubeIDE_1.16.0/STM32CubeIDE/plugins/com.st.stm32cube.ide.mcu.externaltools.gnu-tools-for-stm32.12.3.rel1.win32_1.0.200.202406191623/tools/bin/../lib/gcc/arm-none-eabi/12.3.1/../../../../arm-none-eabi/lib/thumb/v8-m.main+fp/hard\libc_nano.a(libc_a-init.o)
                0x080047c8                __libc_init_array
 *(.glue_7)
 .glue_7        0x08004810        0x0 linker stubs
 *(.glue_7t)
 .glue_7t       0x08004810        0x0 linker stubs
 *(.eh_frame)
 .eh_frame      0x08004810        0x0 C:/ST/STM32CubeIDE_1.16.0/STM32CubeIDE/plugins/com.st.stm32cube.ide.mcu.externaltools.gnu-tools-for-stm32.12.3.rel1.win32_1.0.200.202406191623/tools/bin/../lib/gcc/arm-none-eabi/12.3.1/thumb/v8-m.main+fp/hard/crtbegin.o
 *(.init)
 .init          0x08004810        0x4 C:/ST/STM32CubeIDE_1.16.0/STM32CubeIDE/plugins/com.st.stm32cube.ide.mcu.externaltools.gnu-tools-for-stm32.12.3.rel1.win32_1.0.200.202406191623/tools/bin/../lib/gcc/arm-none-eabi/12.3.1/thumb/v8-m.main+fp/hard/crti.o
                0x08004810                _init
 .init          0x08004814        0x8 C:/ST/STM32CubeIDE_1.16.0/STM32CubeIDE/plugins/com.st.stm32cube.ide.mcu.externaltools.gnu-tools-for-stm32.12.3.rel1.win32_1.0.200.202406191623/tools/bin/../lib/gcc/arm-none-eabi/12.3.1/thumb/v8-m.main+fp/hard/crtn.o
 *(.fini)
 .fini          0x0800481c        0x4 C:/ST/STM32CubeIDE_1.16.0/STM32CubeIDE/plugins/com.st.stm32cube.ide.mcu.externaltools.gnu-tools-for-stm32.12.3.rel1.win32_1.0.200.202406191623/tools/bin/../lib/gcc/arm-none-eabi/12.3.1/thumb/v8-m.main+fp/hard/crti.o
                0x0800481c                _fini
 .fini          0x08004820        0x8 C:/ST/STM32CubeIDE_1.16.0/STM32CubeIDE/plugins/com.st.stm32cube.ide.mcu.externaltools.gnu-tools-for-stm32.12.3.rel1.win32_1.0.200.202406191623/tools/bin/../lib/gcc/arm-none-eabi/12.3.1/thumb/v8-m.main+fp/hard/crtn.o
                0x08004828                        . = ALIGN (0x4)
                0x08004828                        _etext = .

.vfp11_veneer   0x08004828        0x0
 .vfp11_veneer  0x08004828        0x0 linker stubs

.v4_bx          0x08004828        0x0
 .v4_bx         0x08004828        0x0 linker stubs

.iplt           0x08004828        0x0
 .iplt          0x08004828        0x0 C:/ST/STM32CubeIDE_1.16.0/STM32CubeIDE/plugins/com.st.stm32cube.ide.mcu.externaltools.gnu-tools-for-stm32.12.3.rel1.win32_1.0.200.202406191623/tools/bin/../lib/gcc/arm-none-eabi/12.3.1/thumb/v8-m.main+fp/hard/crtbegin.o

.rodata         0x08004828       0xd4
                0x08004828                        . = ALIGN (0x4)
 *(.rodata)
 .rodata        0x08004828       0x10 ./Core/Src/liquidcrystal_i2c.o
 .rodata        0x08004838       0x33 ./Core/Src/main.o
 *fill*         0x0800486b        0x1 
 .rodata        0x0800486c       0x40 ./Drivers/BSP/STM32WBAxx_Nucleo/stm32wbaxx_nucleo.o
 *(.rodata*)
 .rodata.AHBPrescTable
                0x080048ac        0x8 ./Core/Src/system_stm32wbaxx.o
                0x080048ac                AHBPrescTable
 .rodata.APBPrescTable
                0x080048b4        0x8 ./Core/Src/system_stm32wbaxx.o
                0x080048b4                APBPrescTable
 .rodata.UARTPrescTable
                0x080048bc       0x18 ./Drivers/STM32WBAxx_HAL_Driver/Src/stm32wbaxx_hal_uart.o
                0x080048bc                UARTPrescTable
 .rodata.__utoa.str1.1
                0x080048d4       0x25 C:/ST/STM32CubeIDE_1.16.0/STM32CubeIDE/plugins/com.st.stm32cube.ide.mcu.externaltools.gnu-tools-for-stm32.12.3.rel1.win32_1.0.200.202406191623/tools/bin/../lib/gcc/arm-none-eabi/12.3.1/../../../../arm-none-eabi/lib/thumb/v8-m.main+fp/hard\libc_nano.a(libc_a-utoa.o)
                0x080048fc                        . = ALIGN (0x4)
 *fill*         0x080048f9        0x3 

.ARM.extab      0x080048fc        0x0
                0x080048fc                        . = ALIGN (0x4)
 *(.ARM.extab* .gnu.linkonce.armextab.*)
                0x080048fc                        . = ALIGN (0x4)

.ARM            0x080048fc        0x8
                0x080048fc                        . = ALIGN (0x4)
                0x080048fc                        __exidx_start = .
 *(.ARM.exidx*)
 .ARM.exidx     0x080048fc        0x8 C:/ST/STM32CubeIDE_1.16.0/STM32CubeIDE/plugins/com.st.stm32cube.ide.mcu.externaltools.gnu-tools-for-stm32.12.3.rel1.win32_1.0.200.202406191623/tools/bin/../lib/gcc/arm-none-eabi/12.3.1/thumb/v8-m.main+fp/hard\libgcc.a(_udivmoddi4.o)
                0x08004904                        __exidx_end = .
                0x08004904                        . = ALIGN (0x4)

.preinit_array  0x08004904        0x0
                0x08004904                        . = ALIGN (0x4)
                0x08004904                        PROVIDE (__preinit_array_start = .)
 *(.preinit_array*)
                0x08004904                        PROVIDE (__preinit_array_end = .)
                0x08004904                        . = ALIGN (0x4)

.init_array     0x08004904        0x4
                0x08004904                        . = ALIGN (0x4)
                0x08004904                        PROVIDE (__init_array_start = .)
 *(SORT_BY_NAME(.init_array.*))
 *(.init_array*)
 .init_array    0x08004904        0x4 C:/ST/STM32CubeIDE_1.16.0/STM32CubeIDE/plugins/com.st.stm32cube.ide.mcu.externaltools.gnu-tools-for-stm32.12.3.rel1.win32_1.0.200.202406191623/tools/bin/../lib/gcc/arm-none-eabi/12.3.1/thumb/v8-m.main+fp/hard/crtbegin.o
                0x08004908                        PROVIDE (__init_array_end = .)
                0x08004908                        . = ALIGN (0x4)

.fini_array     0x08004908        0x4
                0x08004908                        . = ALIGN (0x4)
                [!provide]                        PROVIDE (__fini_array_start = .)
 *(SORT_BY_NAME(.fini_array.*))
 *(.fini_array*)
 .fini_array    0x08004908        0x4 C:/ST/STM32CubeIDE_1.16.0/STM32CubeIDE/plugins/com.st.stm32cube.ide.mcu.externaltools.gnu-tools-for-stm32.12.3.rel1.win32_1.0.200.202406191623/tools/bin/../lib/gcc/arm-none-eabi/12.3.1/thumb/v8-m.main+fp/hard/crtbegin.o
                [!provide]                        PROVIDE (__fini_array_end = .)
                0x0800490c                        . = ALIGN (0x4)
                0x0800490c                        _sidata = LOADADDR (.data)

.rel.dyn        0x0800490c        0x0
 .rel.iplt      0x0800490c        0x0 C:/ST/STM32CubeIDE_1.16.0/STM32CubeIDE/plugins/com.st.stm32cube.ide.mcu.externaltools.gnu-tools-for-stm32.12.3.rel1.win32_1.0.200.202406191623/tools/bin/../lib/gcc/arm-none-eabi/12.3.1/thumb/v8-m.main+fp/hard/crtbegin.o

.data           0x20000000       0x4c load address 0x0800490c
                0x20000000                        . = ALIGN (0x4)
                0x20000000                        _sdata = .
 *(.data)
 *(.data*)
 .data.special1
                0x20000000        0x8 ./Core/Src/liquidcrystal_i2c.o
                0x20000000                special1
 .data.special2
                0x20000008        0x8 ./Core/Src/liquidcrystal_i2c.o
                0x20000008                special2
 .data.SystemCoreClock
                0x20000010        0x4 ./Core/Src/system_stm32wbaxx.o
                0x20000010                SystemCoreClock
 .data.LED_PIN  0x20000014        0x6 ./Drivers/BSP/STM32WBAxx_Nucleo/stm32wbaxx_nucleo.o
 *fill*         0x2000001a        0x2 
 .data.LED_PORT
                0x2000001c        0xc ./Drivers/BSP/STM32WBAxx_Nucleo/stm32wbaxx_nucleo.o
 .data.BUTTON_PIN
                0x20000028        0x6 ./Drivers/BSP/STM32WBAxx_Nucleo/stm32wbaxx_nucleo.o
 *fill*         0x2000002e        0x2 
 .data.BUTTON_PORT
                0x20000030        0xc ./Drivers/BSP/STM32WBAxx_Nucleo/stm32wbaxx_nucleo.o
 .data.BUTTON_IRQn
                0x2000003c        0x3 ./Drivers/BSP/STM32WBAxx_Nucleo/stm32wbaxx_nucleo.o
 *fill*         0x2000003f        0x1 
 .data.COM_UART
                0x20000040        0x4 ./Drivers/BSP/STM32WBAxx_Nucleo/stm32wbaxx_nucleo.o
 .data.uwTickPrio
                0x20000044        0x4 ./Drivers/STM32WBAxx_HAL_Driver/Src/stm32wbaxx_hal.o
                0x20000044                uwTickPrio
 .data.uwTickFreq
                0x20000048        0x1 ./Drivers/STM32WBAxx_HAL_Driver/Src/stm32wbaxx_hal.o
                0x20000048                uwTickFreq
 *(.RamFunc)
 *(.RamFunc*)
                0x2000004c                        . = ALIGN (0x4)
 *fill*         0x20000049        0x3 
                0x2000004c                        _edata = .

.igot.plt       0x2000004c        0x0 load address 0x08004958
 .igot.plt      0x2000004c        0x0 C:/ST/STM32CubeIDE_1.16.0/STM32CubeIDE/plugins/com.st.stm32cube.ide.mcu.externaltools.gnu-tools-for-stm32.12.3.rel1.win32_1.0.200.202406191623/tools/bin/../lib/gcc/arm-none-eabi/12.3.1/thumb/v8-m.main+fp/hard/crtbegin.o
                0x2000004c                        . = ALIGN (0x4)

.bss            0x2000004c      0x190 load address 0x08004958
                0x2000004c                        _sbss = .
                0x2000004c                        __bss_start__ = _sbss
 *(.bss)
 .bss           0x2000004c       0x1c C:/ST/STM32CubeIDE_1.16.0/STM32CubeIDE/plugins/com.st.stm32cube.ide.mcu.externaltools.gnu-tools-for-stm32.12.3.rel1.win32_1.0.200.202406191623/tools/bin/../lib/gcc/arm-none-eabi/12.3.1/thumb/v8-m.main+fp/hard/crtbegin.o
 *(.bss*)
 .bss.dpFunction
                0x20000068        0x1 ./Core/Src/liquidcrystal_i2c.o
                0x20000068                dpFunction
 .bss.dpControl
                0x20000069        0x1 ./Core/Src/liquidcrystal_i2c.o
                0x20000069                dpControl
 .bss.dpMode    0x2000006a        0x1 ./Core/Src/liquidcrystal_i2c.o
                0x2000006a                dpMode
 .bss.dpRows    0x2000006b        0x1 ./Core/Src/liquidcrystal_i2c.o
                0x2000006b                dpRows
 .bss.dpBacklight
                0x2000006c        0x1 ./Core/Src/liquidcrystal_i2c.o
                0x2000006c                dpBacklight
 *fill*         0x2000006d        0x3 
 .bss.BspCOMInit
                0x20000070       0x10 ./Core/Src/main.o
                0x20000070                BspCOMInit
 .bss.hi2c1     0x20000080       0x54 ./Core/Src/main.o
                0x20000080                hi2c1
 .bss.htim3     0x200000d4       0x4c ./Core/Src/main.o
                0x200000d4                htim3
 .bss.hcom_uart
                0x20000120       0x94 ./Drivers/BSP/STM32WBAxx_Nucleo/stm32wbaxx_nucleo.o
                0x20000120                hcom_uart
 .bss.hpb_exti  0x200001b4       0x24 ./Drivers/BSP/STM32WBAxx_Nucleo/stm32wbaxx_nucleo.o
 .bss.uwTick    0x200001d8        0x4 ./Drivers/STM32WBAxx_HAL_Driver/Src/stm32wbaxx_hal.o
                0x200001d8                uwTick
 *(COMMON)
                0x200001dc                        . = ALIGN (0x4)
                0x200001dc                        _ebss = .
                0x200001dc                        __bss_end__ = _ebss

._user_heap_stack
                0x200001dc      0x604 load address 0x08004958
                0x200001e0                        . = ALIGN (0x8)
 *fill*         0x200001dc        0x4 
                [!provide]                        PROVIDE (end = .)
                0x200001e0                        PROVIDE (_end = .)
                0x200003e0                        . = (. + _Min_Heap_Size)
 *fill*         0x200001e0      0x200 
                0x200007e0                        . = (. + _Min_Stack_Size)
 *fill*         0x200003e0      0x400 
                0x200007e0                        . = ALIGN (0x8)

/DISCARD/
 libc.a(*)
 libm.a(*)
 libgcc.a(*)

.ARM.attributes
                0x00000000       0x36
 *(.ARM.attributes)
 .ARM.attributes
                0x00000000       0x26 C:/ST/STM32CubeIDE_1.16.0/STM32CubeIDE/plugins/com.st.stm32cube.ide.mcu.externaltools.gnu-tools-for-stm32.12.3.rel1.win32_1.0.200.202406191623/tools/bin/../lib/gcc/arm-none-eabi/12.3.1/thumb/v8-m.main+fp/hard/crti.o
 .ARM.attributes
                0x00000026       0x38 C:/ST/STM32CubeIDE_1.16.0/STM32CubeIDE/plugins/com.st.stm32cube.ide.mcu.externaltools.gnu-tools-for-stm32.12.3.rel1.win32_1.0.200.202406191623/tools/bin/../lib/gcc/arm-none-eabi/12.3.1/thumb/v8-m.main+fp/hard/crtbegin.o
 .ARM.attributes
                0x0000005e       0x3a ./Core/Src/liquidcrystal_i2c.o
 .ARM.attributes
                0x00000098       0x3a ./Core/Src/main.o
 .ARM.attributes
                0x000000d2       0x3a ./Core/Src/stm32wbaxx_hal_msp.o
 .ARM.attributes
                0x0000010c       0x3a ./Core/Src/stm32wbaxx_it.o
 .ARM.attributes
                0x00000146       0x3a ./Core/Src/system_stm32wbaxx.o
 .ARM.attributes
                0x00000180       0x24 ./Core/Startup/startup_stm32wba52cgux.o
 .ARM.attributes
                0x000001a4       0x3a ./Drivers/BSP/STM32WBAxx_Nucleo/stm32wbaxx_nucleo.o
 .ARM.attributes
                0x000001de       0x3a ./Drivers/STM32WBAxx_HAL_Driver/Src/stm32wbaxx_hal.o
 .ARM.attributes
                0x00000218       0x3a ./Drivers/STM32WBAxx_HAL_Driver/Src/stm32wbaxx_hal_cortex.o
 .ARM.attributes
                0x00000252       0x3a ./Drivers/STM32WBAxx_HAL_Driver/Src/stm32wbaxx_hal_exti.o
 .ARM.attributes
                0x0000028c       0x3a ./Drivers/STM32WBAxx_HAL_Driver/Src/stm32wbaxx_hal_gpio.o
 .ARM.attributes
                0x000002c6       0x3a ./Drivers/STM32WBAxx_HAL_Driver/Src/stm32wbaxx_hal_i2c.o
 .ARM.attributes
                0x00000300       0x3a ./Drivers/STM32WBAxx_HAL_Driver/Src/stm32wbaxx_hal_i2c_ex.o
 .ARM.attributes
                0x0000033a       0x3a ./Drivers/STM32WBAxx_HAL_Driver/Src/stm32wbaxx_hal_icache.o
 .ARM.attributes
                0x00000374       0x3a ./Drivers/STM32WBAxx_HAL_Driver/Src/stm32wbaxx_hal_pwr_ex.o
 .ARM.attributes
                0x000003ae       0x3a ./Drivers/STM32WBAxx_HAL_Driver/Src/stm32wbaxx_hal_rcc.o
 .ARM.attributes
                0x000003e8       0x3a ./Drivers/STM32WBAxx_HAL_Driver/Src/stm32wbaxx_hal_rcc_ex.o
 .ARM.attributes
                0x00000422       0x3a ./Drivers/STM32WBAxx_HAL_Driver/Src/stm32wbaxx_hal_tim.o
 .ARM.attributes
                0x0000045c       0x3a ./Drivers/STM32WBAxx_HAL_Driver/Src/stm32wbaxx_hal_tim_ex.o
 .ARM.attributes
                0x00000496       0x3a ./Drivers/STM32WBAxx_HAL_Driver/Src/stm32wbaxx_hal_uart.o
 .ARM.attributes
                0x000004d0       0x38 C:/ST/STM32CubeIDE_1.16.0/STM32CubeIDE/plugins/com.st.stm32cube.ide.mcu.externaltools.gnu-tools-for-stm32.12.3.rel1.win32_1.0.200.202406191623/tools/bin/../lib/gcc/arm-none-eabi/12.3.1/../../../../arm-none-eabi/lib/thumb/v8-m.main+fp/hard\libc_nano.a(libc_a-itoa.o)
 .ARM.attributes
                0x00000508       0x38 C:/ST/STM32CubeIDE_1.16.0/STM32CubeIDE/plugins/com.st.stm32cube.ide.mcu.externaltools.gnu-tools-for-stm32.12.3.rel1.win32_1.0.200.202406191623/tools/bin/../lib/gcc/arm-none-eabi/12.3.1/../../../../arm-none-eabi/lib/thumb/v8-m.main+fp/hard\libc_nano.a(libc_a-utoa.o)
 .ARM.attributes
                0x00000540       0x38 C:/ST/STM32CubeIDE_1.16.0/STM32CubeIDE/plugins/com.st.stm32cube.ide.mcu.externaltools.gnu-tools-for-stm32.12.3.rel1.win32_1.0.200.202406191623/tools/bin/../lib/gcc/arm-none-eabi/12.3.1/../../../../arm-none-eabi/lib/thumb/v8-m.main+fp/hard\libc_nano.a(libc_a-memset.o)
 .ARM.attributes
                0x00000578       0x38 C:/ST/STM32CubeIDE_1.16.0/STM32CubeIDE/plugins/com.st.stm32cube.ide.mcu.externaltools.gnu-tools-for-stm32.12.3.rel1.win32_1.0.200.202406191623/tools/bin/../lib/gcc/arm-none-eabi/12.3.1/../../../../arm-none-eabi/lib/thumb/v8-m.main+fp/hard\libc_nano.a(libc_a-init.o)
 .ARM.attributes
                0x000005b0       0x26 C:/ST/STM32CubeIDE_1.16.0/STM32CubeIDE/plugins/com.st.stm32cube.ide.mcu.externaltools.gnu-tools-for-stm32.12.3.rel1.win32_1.0.200.202406191623/tools/bin/../lib/gcc/arm-none-eabi/12.3.1/thumb/v8-m.main+fp/hard\libgcc.a(_aeabi_uldivmod.o)
 .ARM.attributes
                0x000005d6       0x38 C:/ST/STM32CubeIDE_1.16.0/STM32CubeIDE/plugins/com.st.stm32cube.ide.mcu.externaltools.gnu-tools-for-stm32.12.3.rel1.win32_1.0.200.202406191623/tools/bin/../lib/gcc/arm-none-eabi/12.3.1/thumb/v8-m.main+fp/hard\libgcc.a(_udivmoddi4.o)
 .ARM.attributes
                0x0000060e       0x26 C:/ST/STM32CubeIDE_1.16.0/STM32CubeIDE/plugins/com.st.stm32cube.ide.mcu.externaltools.gnu-tools-for-stm32.12.3.rel1.win32_1.0.200.202406191623/tools/bin/../lib/gcc/arm-none-eabi/12.3.1/thumb/v8-m.main+fp/hard\libgcc.a(_dvmd_tls.o)
 .ARM.attributes
                0x00000634       0x26 C:/ST/STM32CubeIDE_1.16.0/STM32CubeIDE/plugins/com.st.stm32cube.ide.mcu.externaltools.gnu-tools-for-stm32.12.3.rel1.win32_1.0.200.202406191623/tools/bin/../lib/gcc/arm-none-eabi/12.3.1/thumb/v8-m.main+fp/hard/crtn.o
OUTPUT(dht11 lcd.elf elf32-littlearm)
LOAD linker stubs
LOAD C:/ST/STM32CubeIDE_1.16.0/STM32CubeIDE/plugins/com.st.stm32cube.ide.mcu.externaltools.gnu-tools-for-stm32.12.3.rel1.win32_1.0.200.202406191623/tools/bin/../lib/gcc/arm-none-eabi/12.3.1/../../../../arm-none-eabi/lib/thumb/v8-m.main+fp/hard\libc.a
LOAD C:/ST/STM32CubeIDE_1.16.0/STM32CubeIDE/plugins/com.st.stm32cube.ide.mcu.externaltools.gnu-tools-for-stm32.12.3.rel1.win32_1.0.200.202406191623/tools/bin/../lib/gcc/arm-none-eabi/12.3.1/../../../../arm-none-eabi/lib/thumb/v8-m.main+fp/hard\libm.a
LOAD C:/ST/STM32CubeIDE_1.16.0/STM32CubeIDE/plugins/com.st.stm32cube.ide.mcu.externaltools.gnu-tools-for-stm32.12.3.rel1.win32_1.0.200.202406191623/tools/bin/../lib/gcc/arm-none-eabi/12.3.1/thumb/v8-m.main+fp/hard\libgcc.a

.debug_info     0x00000000    0x17ad4
 .debug_info    0x00000000     0x1183 ./Core/Src/liquidcrystal_i2c.o
 .debug_info    0x00001183     0x17c0 ./Core/Src/main.o
 .debug_info    0x00002943     0x1323 ./Core/Src/stm32wbaxx_hal_msp.o
 .debug_info    0x00003c66      0x181 ./Core/Src/stm32wbaxx_it.o
 .debug_info    0x00003de7      0x905 ./Core/Src/system_stm32wbaxx.o
 .debug_info    0x000046ec       0x30 ./Core/Startup/startup_stm32wba52cgux.o
 .debug_info    0x0000471c     0x19c3 ./Drivers/BSP/STM32WBAxx_Nucleo/stm32wbaxx_nucleo.o
 .debug_info    0x000060df     0x10b2 ./Drivers/STM32WBAxx_HAL_Driver/Src/stm32wbaxx_hal.o
 .debug_info    0x00007191     0x14ed ./Drivers/STM32WBAxx_HAL_Driver/Src/stm32wbaxx_hal_cortex.o
 .debug_info    0x0000867e      0x736 ./Drivers/STM32WBAxx_HAL_Driver/Src/stm32wbaxx_hal_exti.o
 .debug_info    0x00008db4      0x5b6 ./Drivers/STM32WBAxx_HAL_Driver/Src/stm32wbaxx_hal_gpio.o
 .debug_info    0x0000936a     0x2307 ./Drivers/STM32WBAxx_HAL_Driver/Src/stm32wbaxx_hal_i2c.o
 .debug_info    0x0000b671      0x9e7 ./Drivers/STM32WBAxx_HAL_Driver/Src/stm32wbaxx_hal_i2c_ex.o
 .debug_info    0x0000c058      0x4d6 ./Drivers/STM32WBAxx_HAL_Driver/Src/stm32wbaxx_hal_icache.o
 .debug_info    0x0000c52e      0x5b5 ./Drivers/STM32WBAxx_HAL_Driver/Src/stm32wbaxx_hal_pwr_ex.o
 .debug_info    0x0000cae3     0x1083 ./Drivers/STM32WBAxx_HAL_Driver/Src/stm32wbaxx_hal_rcc.o
 .debug_info    0x0000db66      0x956 ./Drivers/STM32WBAxx_HAL_Driver/Src/stm32wbaxx_hal_rcc_ex.o
 .debug_info    0x0000e4bc     0x2e37 ./Drivers/STM32WBAxx_HAL_Driver/Src/stm32wbaxx_hal_tim.o
 .debug_info    0x000112f3     0x1e8d ./Drivers/STM32WBAxx_HAL_Driver/Src/stm32wbaxx_hal_tim_ex.o
 .debug_info    0x00013180     0x4954 ./Drivers/STM32WBAxx_HAL_Driver/Src/stm32wbaxx_hal_uart.o

.debug_abbrev   0x00000000     0x2d22
 .debug_abbrev  0x00000000      0x313 ./Core/Src/liquidcrystal_i2c.o
 .debug_abbrev  0x00000313      0x38b ./Core/Src/main.o
 .debug_abbrev  0x0000069e      0x246 ./Core/Src/stm32wbaxx_hal_msp.o
 .debug_abbrev  0x000008e4       0xa0 ./Core/Src/stm32wbaxx_it.o
 .debug_abbrev  0x00000984      0x118 ./Core/Src/system_stm32wbaxx.o
 .debug_abbrev  0x00000a9c       0x24 ./Core/Startup/startup_stm32wba52cgux.o
 .debug_abbrev  0x00000ac0      0x30c ./Drivers/BSP/STM32WBAxx_Nucleo/stm32wbaxx_nucleo.o
 .debug_abbrev  0x00000dcc      0x32e ./Drivers/STM32WBAxx_HAL_Driver/Src/stm32wbaxx_hal.o
 .debug_abbrev  0x000010fa      0x328 ./Drivers/STM32WBAxx_HAL_Driver/Src/stm32wbaxx_hal_cortex.o
 .debug_abbrev  0x00001422      0x198 ./Drivers/STM32WBAxx_HAL_Driver/Src/stm32wbaxx_hal_exti.o
 .debug_abbrev  0x000015ba      0x1ca ./Drivers/STM32WBAxx_HAL_Driver/Src/stm32wbaxx_hal_gpio.o
 .debug_abbrev  0x00001784      0x271 ./Drivers/STM32WBAxx_HAL_Driver/Src/stm32wbaxx_hal_i2c.o
 .debug_abbrev  0x000019f5      0x1c0 ./Drivers/STM32WBAxx_HAL_Driver/Src/stm32wbaxx_hal_i2c_ex.o
 .debug_abbrev  0x00001bb5      0x228 ./Drivers/STM32WBAxx_HAL_Driver/Src/stm32wbaxx_hal_icache.o
 .debug_abbrev  0x00001ddd      0x1bf ./Drivers/STM32WBAxx_HAL_Driver/Src/stm32wbaxx_hal_pwr_ex.o
 .debug_abbrev  0x00001f9c      0x2dc ./Drivers/STM32WBAxx_HAL_Driver/Src/stm32wbaxx_hal_rcc.o
 .debug_abbrev  0x00002278      0x1ff ./Drivers/STM32WBAxx_HAL_Driver/Src/stm32wbaxx_hal_rcc_ex.o
 .debug_abbrev  0x00002477      0x2bd ./Drivers/STM32WBAxx_HAL_Driver/Src/stm32wbaxx_hal_tim.o
 .debug_abbrev  0x00002734      0x2c7 ./Drivers/STM32WBAxx_HAL_Driver/Src/stm32wbaxx_hal_tim_ex.o
 .debug_abbrev  0x000029fb      0x327 ./Drivers/STM32WBAxx_HAL_Driver/Src/stm32wbaxx_hal_uart.o

.debug_aranges  0x00000000     0x14d0
 .debug_aranges
                0x00000000      0x110 ./Core/Src/liquidcrystal_i2c.o
 .debug_aranges
                0x00000110       0x50 ./Core/Src/main.o
 .debug_aranges
                0x00000160       0x40 ./Core/Src/stm32wbaxx_hal_msp.o
 .debug_aranges
                0x000001a0       0x78 ./Core/Src/stm32wbaxx_it.o
 .debug_aranges
                0x00000218       0x28 ./Core/Src/system_stm32wbaxx.o
 .debug_aranges
                0x00000240       0x28 ./Core/Startup/startup_stm32wba52cgux.o
 .debug_aranges
                0x00000268       0xd8 ./Drivers/BSP/STM32WBAxx_Nucleo/stm32wbaxx_nucleo.o
 .debug_aranges
                0x00000340      0x130 ./Drivers/STM32WBAxx_HAL_Driver/Src/stm32wbaxx_hal.o
 .debug_aranges
                0x00000470      0x140 ./Drivers/STM32WBAxx_HAL_Driver/Src/stm32wbaxx_hal_cortex.o
 .debug_aranges
                0x000005b0       0x70 ./Drivers/STM32WBAxx_HAL_Driver/Src/stm32wbaxx_hal_exti.o
 .debug_aranges
                0x00000620       0x68 ./Drivers/STM32WBAxx_HAL_Driver/Src/stm32wbaxx_hal_gpio.o
 .debug_aranges
                0x00000688      0x2a0 ./Drivers/STM32WBAxx_HAL_Driver/Src/stm32wbaxx_hal_i2c.o
 .debug_aranges
                0x00000928       0x58 ./Drivers/STM32WBAxx_HAL_Driver/Src/stm32wbaxx_hal_i2c_ex.o
 .debug_aranges
                0x00000980       0xa8 ./Drivers/STM32WBAxx_HAL_Driver/Src/stm32wbaxx_hal_icache.o
 .debug_aranges
                0x00000a28       0xd8 ./Drivers/STM32WBAxx_HAL_Driver/Src/stm32wbaxx_hal_pwr_ex.o
 .debug_aranges
                0x00000b00       0xc8 ./Drivers/STM32WBAxx_HAL_Driver/Src/stm32wbaxx_hal_rcc.o
 .debug_aranges
                0x00000bc8       0x98 ./Drivers/STM32WBAxx_HAL_Driver/Src/stm32wbaxx_hal_rcc_ex.o
 .debug_aranges
                0x00000c60      0x3e8 ./Drivers/STM32WBAxx_HAL_Driver/Src/stm32wbaxx_hal_tim.o
 .debug_aranges
                0x00001048      0x240 ./Drivers/STM32WBAxx_HAL_Driver/Src/stm32wbaxx_hal_tim_ex.o
 .debug_aranges
                0x00001288      0x248 ./Drivers/STM32WBAxx_HAL_Driver/Src/stm32wbaxx_hal_uart.o

.debug_rnglists
                0x00000000     0x1045
 .debug_rnglists
                0x00000000       0xc8 ./Core/Src/liquidcrystal_i2c.o
 .debug_rnglists
                0x000000c8       0x3b ./Core/Src/main.o
 .debug_rnglists
                0x00000103       0x2c ./Core/Src/stm32wbaxx_hal_msp.o
 .debug_rnglists
                0x0000012f       0x55 ./Core/Src/stm32wbaxx_it.o
 .debug_rnglists
                0x00000184       0x1a ./Core/Src/system_stm32wbaxx.o
 .debug_rnglists
                0x0000019e       0x19 ./Core/Startup/startup_stm32wba52cgux.o
 .debug_rnglists
                0x000001b7       0xa1 ./Drivers/BSP/STM32WBAxx_Nucleo/stm32wbaxx_nucleo.o
 .debug_rnglists
                0x00000258       0xe3 ./Drivers/STM32WBAxx_HAL_Driver/Src/stm32wbaxx_hal.o
 .debug_rnglists
                0x0000033b       0xec ./Drivers/STM32WBAxx_HAL_Driver/Src/stm32wbaxx_hal_cortex.o
 .debug_rnglists
                0x00000427       0x53 ./Drivers/STM32WBAxx_HAL_Driver/Src/stm32wbaxx_hal_exti.o
 .debug_rnglists
                0x0000047a       0x4b ./Drivers/STM32WBAxx_HAL_Driver/Src/stm32wbaxx_hal_gpio.o
 .debug_rnglists
                0x000004c5      0x228 ./Drivers/STM32WBAxx_HAL_Driver/Src/stm32wbaxx_hal_i2c.o
 .debug_rnglists
                0x000006ed       0x43 ./Drivers/STM32WBAxx_HAL_Driver/Src/stm32wbaxx_hal_i2c_ex.o
 .debug_rnglists
                0x00000730       0x7a ./Drivers/STM32WBAxx_HAL_Driver/Src/stm32wbaxx_hal_icache.o
 .debug_rnglists
                0x000007aa       0xa1 ./Drivers/STM32WBAxx_HAL_Driver/Src/stm32wbaxx_hal_pwr_ex.o
 .debug_rnglists
                0x0000084b       0x97 ./Drivers/STM32WBAxx_HAL_Driver/Src/stm32wbaxx_hal_rcc.o
 .debug_rnglists
                0x000008e2       0x70 ./Drivers/STM32WBAxx_HAL_Driver/Src/stm32wbaxx_hal_rcc_ex.o
 .debug_rnglists
                0x00000952      0x32e ./Drivers/STM32WBAxx_HAL_Driver/Src/stm32wbaxx_hal_tim.o
 .debug_rnglists
                0x00000c80      0x1cb ./Drivers/STM32WBAxx_HAL_Driver/Src/stm32wbaxx_hal_tim_ex.o
 .debug_rnglists
                0x00000e4b      0x1fa ./Drivers/STM32WBAxx_HAL_Driver/Src/stm32wbaxx_hal_uart.o

.debug_macro    0x00000000    0x23058
 .debug_macro   0x00000000      0x2ae ./Core/Src/liquidcrystal_i2c.o
 .debug_macro   0x000002ae      0xac0 ./Core/Src/liquidcrystal_i2c.o
 .debug_macro   0x00000d6e      0x140 ./Core/Src/liquidcrystal_i2c.o
 .debug_macro   0x00000eae       0x2e ./Core/Src/liquidcrystal_i2c.o
 .debug_macro   0x00000edc       0x42 ./Core/Src/liquidcrystal_i2c.o
 .debug_macro   0x00000f1e       0x22 ./Core/Src/liquidcrystal_i2c.o
 .debug_macro   0x00000f40       0x8e ./Core/Src/liquidcrystal_i2c.o
 .debug_macro   0x00000fce       0x51 ./Core/Src/liquidcrystal_i2c.o
 .debug_macro   0x0000101f      0x103 ./Core/Src/liquidcrystal_i2c.o
 .debug_macro   0x00001122       0x6a ./Core/Src/liquidcrystal_i2c.o
 .debug_macro   0x0000118c      0x1df ./Core/Src/liquidcrystal_i2c.o
 .debug_macro   0x0000136b       0x1c ./Core/Src/liquidcrystal_i2c.o
 .debug_macro   0x00001387       0x29 ./Core/Src/liquidcrystal_i2c.o
 .debug_macro   0x000013b0       0xfb ./Core/Src/liquidcrystal_i2c.o
 .debug_macro   0x000014ab     0x1685 ./Core/Src/liquidcrystal_i2c.o
 .debug_macro   0x00002b30       0x5e ./Core/Src/liquidcrystal_i2c.o
 .debug_macro   0x00002b8e    0x13ffe ./Core/Src/liquidcrystal_i2c.o
 .debug_macro   0x00016b8c       0x6d ./Core/Src/liquidcrystal_i2c.o
 .debug_macro   0x00016bf9     0x34e1 ./Core/Src/liquidcrystal_i2c.o
 .debug_macro   0x0001a0da      0x189 ./Core/Src/liquidcrystal_i2c.o
 .debug_macro   0x0001a263       0x61 ./Core/Src/liquidcrystal_i2c.o
 .debug_macro   0x0001a2c4       0x2a ./Core/Src/liquidcrystal_i2c.o
 .debug_macro   0x0001a2ee       0x43 ./Core/Src/liquidcrystal_i2c.o
 .debug_macro   0x0001a331       0x34 ./Core/Src/liquidcrystal_i2c.o
 .debug_macro   0x0001a365       0x16 ./Core/Src/liquidcrystal_i2c.o
 .debug_macro   0x0001a37b       0x43 ./Core/Src/liquidcrystal_i2c.o
 .debug_macro   0x0001a3be       0x34 ./Core/Src/liquidcrystal_i2c.o
 .debug_macro   0x0001a3f2       0x10 ./Core/Src/liquidcrystal_i2c.o
 .debug_macro   0x0001a402       0x58 ./Core/Src/liquidcrystal_i2c.o
 .debug_macro   0x0001a45a       0x8e ./Core/Src/liquidcrystal_i2c.o
 .debug_macro   0x0001a4e8       0x1c ./Core/Src/liquidcrystal_i2c.o
 .debug_macro   0x0001a504      0x177 ./Core/Src/liquidcrystal_i2c.o
 .debug_macro   0x0001a67b      0x369 ./Core/Src/liquidcrystal_i2c.o
 .debug_macro   0x0001a9e4      0x19b ./Core/Src/liquidcrystal_i2c.o
 .debug_macro   0x0001ab7f       0x5d ./Core/Src/liquidcrystal_i2c.o
 .debug_macro   0x0001abdc      0x361 ./Core/Src/liquidcrystal_i2c.o
 .debug_macro   0x0001af3d      0x2b1 ./Core/Src/liquidcrystal_i2c.o
 .debug_macro   0x0001b1ee       0xd6 ./Core/Src/liquidcrystal_i2c.o
 .debug_macro   0x0001b2c4      0x1cb ./Core/Src/liquidcrystal_i2c.o
 .debug_macro   0x0001b48f      0x170 ./Core/Src/liquidcrystal_i2c.o
 .debug_macro   0x0001b5ff      0x383 ./Core/Src/liquidcrystal_i2c.o
 .debug_macro   0x0001b982       0xd0 ./Core/Src/liquidcrystal_i2c.o
 .debug_macro   0x0001ba52       0xf2 ./Core/Src/liquidcrystal_i2c.o
 .debug_macro   0x0001bb44      0x1c8 ./Core/Src/liquidcrystal_i2c.o
 .debug_macro   0x0001bd0c       0xf8 ./Core/Src/liquidcrystal_i2c.o
 .debug_macro   0x0001be04      0x23a ./Core/Src/liquidcrystal_i2c.o
 .debug_macro   0x0001c03e      0x104 ./Core/Src/liquidcrystal_i2c.o
 .debug_macro   0x0001c142       0xa5 ./Core/Src/liquidcrystal_i2c.o
 .debug_macro   0x0001c1e7       0xc9 ./Core/Src/liquidcrystal_i2c.o
 .debug_macro   0x0001c2b0      0x461 ./Core/Src/liquidcrystal_i2c.o
 .debug_macro   0x0001c711      0x12f ./Core/Src/liquidcrystal_i2c.o
 .debug_macro   0x0001c840      0x53f ./Core/Src/liquidcrystal_i2c.o
 .debug_macro   0x0001cd7f      0xe19 ./Core/Src/liquidcrystal_i2c.o
 .debug_macro   0x0001db98      0x352 ./Core/Src/liquidcrystal_i2c.o
 .debug_macro   0x0001deea      0xba2 ./Core/Src/liquidcrystal_i2c.o
 .debug_macro   0x0001ea8c      0x32c ./Core/Src/liquidcrystal_i2c.o
 .debug_macro   0x0001edb8      0x677 ./Core/Src/liquidcrystal_i2c.o
 .debug_macro   0x0001f42f      0x17e ./Core/Src/liquidcrystal_i2c.o
 .debug_macro   0x0001f5ad      0x287 ./Core/Src/liquidcrystal_i2c.o
 .debug_macro   0x0001f834       0xd0 ./Core/Src/liquidcrystal_i2c.o
 .debug_macro   0x0001f904      0x30c ./Core/Src/main.o
 .debug_macro   0x0001fc10       0x2e ./Core/Src/main.o
 .debug_macro   0x0001fc3e       0x52 ./Core/Src/main.o
 .debug_macro   0x0001fc90       0x1c ./Core/Src/main.o
 .debug_macro   0x0001fcac       0x35 ./Core/Src/main.o
 .debug_macro   0x0001fce1       0x10 ./Core/Src/main.o
 .debug_macro   0x0001fcf1       0x1c ./Core/Src/main.o
 .debug_macro   0x0001fd0d       0x16 ./Core/Src/main.o
 .debug_macro   0x0001fd23      0x146 ./Core/Src/main.o
 .debug_macro   0x0001fe69      0x145 ./Core/Src/main.o
 .debug_macro   0x0001ffae       0x34 ./Core/Src/main.o
 .debug_macro   0x0001ffe2       0xd6 ./Core/Src/main.o
 .debug_macro   0x000200b8      0x303 ./Core/Src/stm32wbaxx_hal_msp.o
 .debug_macro   0x000203bb      0x30d ./Core/Src/stm32wbaxx_it.o
 .debug_macro   0x000206c8      0x29f ./Core/Src/system_stm32wbaxx.o
 .debug_macro   0x00020967      0x306 ./Drivers/BSP/STM32WBAxx_Nucleo/stm32wbaxx_nucleo.o
 .debug_macro   0x00020c6d       0x28 ./Drivers/BSP/STM32WBAxx_Nucleo/stm32wbaxx_nucleo.o
 .debug_macro   0x00020c95      0x29f ./Drivers/STM32WBAxx_HAL_Driver/Src/stm32wbaxx_hal.o
 .debug_macro   0x00020f34      0x29f ./Drivers/STM32WBAxx_HAL_Driver/Src/stm32wbaxx_hal_cortex.o
 .debug_macro   0x000211d3      0x2b7 ./Drivers/STM32WBAxx_HAL_Driver/Src/stm32wbaxx_hal_exti.o
 .debug_macro   0x0002148a      0x2a6 ./Drivers/STM32WBAxx_HAL_Driver/Src/stm32wbaxx_hal_gpio.o
 .debug_macro   0x00021730      0x36b ./Drivers/STM32WBAxx_HAL_Driver/Src/stm32wbaxx_hal_i2c.o
 .debug_macro   0x00021a9b      0x29f ./Drivers/STM32WBAxx_HAL_Driver/Src/stm32wbaxx_hal_i2c_ex.o
 .debug_macro   0x00021d3a      0x2d1 ./Drivers/STM32WBAxx_HAL_Driver/Src/stm32wbaxx_hal_icache.o
 .debug_macro   0x0002200b      0x2c3 ./Drivers/STM32WBAxx_HAL_Driver/Src/stm32wbaxx_hal_pwr_ex.o
 .debug_macro   0x000222ce      0x2d5 ./Drivers/STM32WBAxx_HAL_Driver/Src/stm32wbaxx_hal_rcc.o
 .debug_macro   0x000225a3      0x29f ./Drivers/STM32WBAxx_HAL_Driver/Src/stm32wbaxx_hal_rcc_ex.o
 .debug_macro   0x00022842      0x2a7 ./Drivers/STM32WBAxx_HAL_Driver/Src/stm32wbaxx_hal_tim.o
 .debug_macro   0x00022ae9      0x2a5 ./Drivers/STM32WBAxx_HAL_Driver/Src/stm32wbaxx_hal_tim_ex.o
 .debug_macro   0x00022d8e      0x2ca ./Drivers/STM32WBAxx_HAL_Driver/Src/stm32wbaxx_hal_uart.o

.debug_line     0x00000000    0x1a293
 .debug_line    0x00000000      0xcf1 ./Core/Src/liquidcrystal_i2c.o
 .debug_line    0x00000cf1      0xb9e ./Core/Src/main.o
 .debug_line    0x0000188f      0xa41 ./Core/Src/stm32wbaxx_hal_msp.o
 .debug_line    0x000022d0      0xaa2 ./Core/Src/stm32wbaxx_it.o
 .debug_line    0x00002d72      0x9ae ./Core/Src/system_stm32wbaxx.o
 .debug_line    0x00003720       0x79 ./Core/Startup/startup_stm32wba52cgux.o
 .debug_line    0x00003799      0xce0 ./Drivers/BSP/STM32WBAxx_Nucleo/stm32wbaxx_nucleo.o
 .debug_line    0x00004479      0xe10 ./Drivers/STM32WBAxx_HAL_Driver/Src/stm32wbaxx_hal.o
 .debug_line    0x00005289      0xf6f ./Drivers/STM32WBAxx_HAL_Driver/Src/stm32wbaxx_hal_cortex.o
 .debug_line    0x000061f8      0xd4e ./Drivers/STM32WBAxx_HAL_Driver/Src/stm32wbaxx_hal_exti.o
 .debug_line    0x00006f46      0xcbe ./Drivers/STM32WBAxx_HAL_Driver/Src/stm32wbaxx_hal_gpio.o
 .debug_line    0x00007c04     0x3ee6 ./Drivers/STM32WBAxx_HAL_Driver/Src/stm32wbaxx_hal_i2c.o
 .debug_line    0x0000baea      0xc46 ./Drivers/STM32WBAxx_HAL_Driver/Src/stm32wbaxx_hal_i2c_ex.o
 .debug_line    0x0000c730      0xbea ./Drivers/STM32WBAxx_HAL_Driver/Src/stm32wbaxx_hal_icache.o
 .debug_line    0x0000d31a      0xd25 ./Drivers/STM32WBAxx_HAL_Driver/Src/stm32wbaxx_hal_pwr_ex.o
 .debug_line    0x0000e03f     0x133a ./Drivers/STM32WBAxx_HAL_Driver/Src/stm32wbaxx_hal_rcc.o
 .debug_line    0x0000f379     0x1011 ./Drivers/STM32WBAxx_HAL_Driver/Src/stm32wbaxx_hal_rcc_ex.o
 .debug_line    0x0001038a     0x400e ./Drivers/STM32WBAxx_HAL_Driver/Src/stm32wbaxx_hal_tim.o
 .debug_line    0x00014398     0x214e ./Drivers/STM32WBAxx_HAL_Driver/Src/stm32wbaxx_hal_tim_ex.o
 .debug_line    0x000164e6     0x3dad ./Drivers/STM32WBAxx_HAL_Driver/Src/stm32wbaxx_hal_uart.o

.debug_str      0x00000000    0xdeb17
 .debug_str     0x00000000    0xd71f9 ./Core/Src/liquidcrystal_i2c.o
                              0xd77da (size before relaxing)
 .debug_str     0x000d71f9     0x1923 ./Core/Src/main.o
                              0xd8d77 (size before relaxing)
 .debug_str     0x000d8b1c      0x291 ./Core/Src/stm32wbaxx_hal_msp.o
                              0xd8689 (size before relaxing)
 .debug_str     0x000d8dad      0x118 ./Core/Src/stm32wbaxx_it.o
                              0xd794a (size before relaxing)
 .debug_str     0x000d8ec5      0x193 ./Core/Src/system_stm32wbaxx.o
                              0xd6ca8 (size before relaxing)
 .debug_str     0x000d9058       0x45 ./Core/Startup/startup_stm32wba52cgux.o
                                 0x5f (size before relaxing)
 .debug_str     0x000d909d      0x9ea ./Drivers/BSP/STM32WBAxx_Nucleo/stm32wbaxx_nucleo.o
                              0xd8a39 (size before relaxing)
 .debug_str     0x000d9a87      0x57f ./Drivers/STM32WBAxx_HAL_Driver/Src/stm32wbaxx_hal.o
                              0xd75ff (size before relaxing)
 .debug_str     0x000da006      0x3db ./Drivers/STM32WBAxx_HAL_Driver/Src/stm32wbaxx_hal_cortex.o
                              0xd75f5 (size before relaxing)
 .debug_str     0x000da3e1      0x247 ./Drivers/STM32WBAxx_HAL_Driver/Src/stm32wbaxx_hal_exti.o
                              0xd6c5b (size before relaxing)
 .debug_str     0x000da628       0xf6 ./Drivers/STM32WBAxx_HAL_Driver/Src/stm32wbaxx_hal_gpio.o
                              0xd6b8a (size before relaxing)
 .debug_str     0x000da71e      0xf1f ./Drivers/STM32WBAxx_HAL_Driver/Src/stm32wbaxx_hal_i2c.o
                              0xd7f27 (size before relaxing)
 .debug_str     0x000db63d      0x140 ./Drivers/STM32WBAxx_HAL_Driver/Src/stm32wbaxx_hal_i2c_ex.o
                              0xd710f (size before relaxing)
 .debug_str     0x000db77d      0x663 ./Drivers/STM32WBAxx_HAL_Driver/Src/stm32wbaxx_hal_icache.o
                              0xd7005 (size before relaxing)
 .debug_str     0x000dbde0      0x54f ./Drivers/STM32WBAxx_HAL_Driver/Src/stm32wbaxx_hal_pwr_ex.o
                              0xd6ee3 (size before relaxing)
 .debug_str     0x000dc32f      0x381 ./Drivers/STM32WBAxx_HAL_Driver/Src/stm32wbaxx_hal_rcc.o
                              0xd7363 (size before relaxing)
 .debug_str     0x000dc6b0      0x211 ./Drivers/STM32WBAxx_HAL_Driver/Src/stm32wbaxx_hal_rcc_ex.o
                              0xd7036 (size before relaxing)
 .debug_str     0x000dc8c1      0xf2c ./Drivers/STM32WBAxx_HAL_Driver/Src/stm32wbaxx_hal_tim.o
                              0xd811b (size before relaxing)
 .debug_str     0x000dd7ed      0x91b ./Drivers/STM32WBAxx_HAL_Driver/Src/stm32wbaxx_hal_tim_ex.o
                              0xd7d46 (size before relaxing)
 .debug_str     0x000de108      0xa0f ./Drivers/STM32WBAxx_HAL_Driver/Src/stm32wbaxx_hal_uart.o
                              0xd7c94 (size before relaxing)

.comment        0x00000000       0x43
 .comment       0x00000000       0x43 ./Core/Src/liquidcrystal_i2c.o
                                 0x44 (size before relaxing)
 .comment       0x00000043       0x44 ./Core/Src/main.o
 .comment       0x00000043       0x44 ./Core/Src/stm32wbaxx_hal_msp.o
 .comment       0x00000043       0x44 ./Core/Src/stm32wbaxx_it.o
 .comment       0x00000043       0x44 ./Core/Src/system_stm32wbaxx.o
 .comment       0x00000043       0x44 ./Drivers/BSP/STM32WBAxx_Nucleo/stm32wbaxx_nucleo.o
 .comment       0x00000043       0x44 ./Drivers/STM32WBAxx_HAL_Driver/Src/stm32wbaxx_hal.o
 .comment       0x00000043       0x44 ./Drivers/STM32WBAxx_HAL_Driver/Src/stm32wbaxx_hal_cortex.o
 .comment       0x00000043       0x44 ./Drivers/STM32WBAxx_HAL_Driver/Src/stm32wbaxx_hal_exti.o
 .comment       0x00000043       0x44 ./Drivers/STM32WBAxx_HAL_Driver/Src/stm32wbaxx_hal_gpio.o
 .comment       0x00000043       0x44 ./Drivers/STM32WBAxx_HAL_Driver/Src/stm32wbaxx_hal_i2c.o
 .comment       0x00000043       0x44 ./Drivers/STM32WBAxx_HAL_Driver/Src/stm32wbaxx_hal_i2c_ex.o
 .comment       0x00000043       0x44 ./Drivers/STM32WBAxx_HAL_Driver/Src/stm32wbaxx_hal_icache.o
 .comment       0x00000043       0x44 ./Drivers/STM32WBAxx_HAL_Driver/Src/stm32wbaxx_hal_pwr_ex.o
 .comment       0x00000043       0x44 ./Drivers/STM32WBAxx_HAL_Driver/Src/stm32wbaxx_hal_rcc.o
 .comment       0x00000043       0x44 ./Drivers/STM32WBAxx_HAL_Driver/Src/stm32wbaxx_hal_rcc_ex.o
 .comment       0x00000043       0x44 ./Drivers/STM32WBAxx_HAL_Driver/Src/stm32wbaxx_hal_tim.o
 .comment       0x00000043       0x44 ./Drivers/STM32WBAxx_HAL_Driver/Src/stm32wbaxx_hal_tim_ex.o
 .comment       0x00000043       0x44 ./Drivers/STM32WBAxx_HAL_Driver/Src/stm32wbaxx_hal_uart.o

.debug_frame    0x00000000     0x5980
 .debug_frame   0x00000000      0x3f0 ./Core/Src/liquidcrystal_i2c.o
 .debug_frame   0x000003f0       0xf0 ./Core/Src/main.o
 .debug_frame   0x000004e0       0xd0 ./Core/Src/stm32wbaxx_hal_msp.o
 .debug_frame   0x000005b0      0x158 ./Core/Src/stm32wbaxx_it.o
 .debug_frame   0x00000708       0x58 ./Core/Src/system_stm32wbaxx.o
 .debug_frame   0x00000760      0x354 ./Drivers/BSP/STM32WBAxx_Nucleo/stm32wbaxx_nucleo.o
 .debug_frame   0x00000ab4      0x4b4 ./Drivers/STM32WBAxx_HAL_Driver/Src/stm32wbaxx_hal.o
 .debug_frame   0x00000f68      0x560 ./Drivers/STM32WBAxx_HAL_Driver/Src/stm32wbaxx_hal_cortex.o
 .debug_frame   0x000014c8      0x1c4 ./Drivers/STM32WBAxx_HAL_Driver/Src/stm32wbaxx_hal_exti.o
 .debug_frame   0x0000168c      0x19c ./Drivers/STM32WBAxx_HAL_Driver/Src/stm32wbaxx_hal_gpio.o
 .debug_frame   0x00001828      0xc44 ./Drivers/STM32WBAxx_HAL_Driver/Src/stm32wbaxx_hal_i2c.o
 .debug_frame   0x0000246c      0x150 ./Drivers/STM32WBAxx_HAL_Driver/Src/stm32wbaxx_hal_i2c_ex.o
 .debug_frame   0x000025bc      0x298 ./Drivers/STM32WBAxx_HAL_Driver/Src/stm32wbaxx_hal_icache.o
 .debug_frame   0x00002854      0x368 ./Drivers/STM32WBAxx_HAL_Driver/Src/stm32wbaxx_hal_pwr_ex.o
 .debug_frame   0x00002bbc      0x318 ./Drivers/STM32WBAxx_HAL_Driver/Src/stm32wbaxx_hal_rcc.o
 .debug_frame   0x00002ed4      0x240 ./Drivers/STM32WBAxx_HAL_Driver/Src/stm32wbaxx_hal_rcc_ex.o
 .debug_frame   0x00003114     0x1248 ./Drivers/STM32WBAxx_HAL_Driver/Src/stm32wbaxx_hal_tim.o
 .debug_frame   0x0000435c      0xa68 ./Drivers/STM32WBAxx_HAL_Driver/Src/stm32wbaxx_hal_tim_ex.o
 .debug_frame   0x00004dc4      0xa8c ./Drivers/STM32WBAxx_HAL_Driver/Src/stm32wbaxx_hal_uart.o
 .debug_frame   0x00005850       0x38 C:/ST/STM32CubeIDE_1.16.0/STM32CubeIDE/plugins/com.st.stm32cube.ide.mcu.externaltools.gnu-tools-for-stm32.12.3.rel1.win32_1.0.200.202406191623/tools/bin/../lib/gcc/arm-none-eabi/12.3.1/../../../../arm-none-eabi/lib/thumb/v8-m.main+fp/hard\libc_nano.a(libc_a-itoa.o)
 .debug_frame   0x00005888       0x48 C:/ST/STM32CubeIDE_1.16.0/STM32CubeIDE/plugins/com.st.stm32cube.ide.mcu.externaltools.gnu-tools-for-stm32.12.3.rel1.win32_1.0.200.202406191623/tools/bin/../lib/gcc/arm-none-eabi/12.3.1/../../../../arm-none-eabi/lib/thumb/v8-m.main+fp/hard\libc_nano.a(libc_a-utoa.o)
 .debug_frame   0x000058d0       0x20 C:/ST/STM32CubeIDE_1.16.0/STM32CubeIDE/plugins/com.st.stm32cube.ide.mcu.externaltools.gnu-tools-for-stm32.12.3.rel1.win32_1.0.200.202406191623/tools/bin/../lib/gcc/arm-none-eabi/12.3.1/../../../../arm-none-eabi/lib/thumb/v8-m.main+fp/hard\libc_nano.a(libc_a-memset.o)
 .debug_frame   0x000058f0       0x2c C:/ST/STM32CubeIDE_1.16.0/STM32CubeIDE/plugins/com.st.stm32cube.ide.mcu.externaltools.gnu-tools-for-stm32.12.3.rel1.win32_1.0.200.202406191623/tools/bin/../lib/gcc/arm-none-eabi/12.3.1/../../../../arm-none-eabi/lib/thumb/v8-m.main+fp/hard\libc_nano.a(libc_a-init.o)
 .debug_frame   0x0000591c       0x2c C:/ST/STM32CubeIDE_1.16.0/STM32CubeIDE/plugins/com.st.stm32cube.ide.mcu.externaltools.gnu-tools-for-stm32.12.3.rel1.win32_1.0.200.202406191623/tools/bin/../lib/gcc/arm-none-eabi/12.3.1/thumb/v8-m.main+fp/hard\libgcc.a(_aeabi_uldivmod.o)
 .debug_frame   0x00005948       0x38 C:/ST/STM32CubeIDE_1.16.0/STM32CubeIDE/plugins/com.st.stm32cube.ide.mcu.externaltools.gnu-tools-for-stm32.12.3.rel1.win32_1.0.200.202406191623/tools/bin/../lib/gcc/arm-none-eabi/12.3.1/thumb/v8-m.main+fp/hard\libgcc.a(_udivmoddi4.o)

.debug_line_str
                0x00000000       0x43
 .debug_line_str
                0x00000000       0x43 ./Core/Startup/startup_stm32wba52cgux.o
